[templates.envytheme.com/lebo/default/index.html]
[templates.envytheme.com/lebo/default/assets/css/bootstrap.min.css]
[templates.envytheme.com/lebo/default/assets/css/animate.css]
[templates.envytheme.com/lebo/default/assets/css/meanmenu.css]
[templates.envytheme.com/lebo/default/assets/css/line-awesome.min.css]
[templates.envytheme.com/lebo/default/assets/css/flaticon.css]
[templates.envytheme.com/lebo/default/assets/css/nice-select.css]
[templates.envytheme.com/lebo/default/assets/css/owl.carousel.min.css]
[templates.envytheme.com/lebo/default/assets/css/owl.theme.default.min.css]
[templates.envytheme.com/lebo/default/assets/css/odometer.css]
[templates.envytheme.com/lebo/default/assets/css/magnific-popup.min.css]
[templates.envytheme.com/lebo/default/assets/css/style.css]
[backblue.gif]
[fade.gif]
[index.html]
[templates.envytheme.com/lebo/default/assets/css/responsive.css]
[templates.envytheme.com/lebo/default/assets/img/favicon.png]
[templates.envytheme.com/cdn-cgi/l/email-protection.html]
[templates.envytheme.com/lebo/default/assets/img/logo.png]
[templates.envytheme.com/lebo/default/index-2.html]
[templates.envytheme.com/lebo/default/index-3.html]
[templates.envytheme.com/lebo/default/index-4.html]
[templates.envytheme.com/lebo/default/about.html]
[templates.envytheme.com/lebo/default/team.html]
[templates.envytheme.com/lebo/default/pricing.html]
[templates.envytheme.com/lebo/default/testimonials.html]
[templates.envytheme.com/lebo/default/appointment.html]
[templates.envytheme.com/lebo/default/faq.html]
[templates.envytheme.com/lebo/default/login.html]
[templates.envytheme.com/lebo/default/register.html]
[templates.envytheme.com/lebo/default/error-404.html]
[templates.envytheme.com/lebo/default/terms-of-service.html]
[templates.envytheme.com/lebo/default/privacy-policy.html]
[templates.envytheme.com/lebo/default/projects.html]
[templates.envytheme.com/lebo/default/project-details.html]
[templates.envytheme.com/lebo/default/services.html]
[templates.envytheme.com/lebo/default/services-details.html]
[templates.envytheme.com/lebo/default/blog.html]
[templates.envytheme.com/lebo/default/blog-details.html]
[templates.envytheme.com/lebo/default/contact.html]
[templates.envytheme.com/lebo/default/assets/img/instagram/instagram1.jpg]
[templates.envytheme.com/lebo/default/assets/img/instagram/instagram2.jpg]
[templates.envytheme.com/lebo/default/assets/img/instagram/instagram3.jpg]
[templates.envytheme.com/lebo/default/assets/img/instagram/instagram4.jpg]
[templates.envytheme.com/lebo/default/assets/img/instagram/instagram5.jpg]
[templates.envytheme.com/lebo/default/assets/img/instagram/instagram6.jpg]
[templates.envytheme.com/lebo/default/assets/img/instagram/instagram7.jpg]
[templates.envytheme.com/lebo/default/assets/img/instagram/instagram8.jpg]
[templates.envytheme.com/lebo/default/assets/img/slides/slider-shape.png]
[templates.envytheme.com/lebo/default/assets/img/about/about-1.jpg]
[templates.envytheme.com/lebo/default/assets/img/about/about-2.jpg]
[templates.envytheme.com/lebo/default/assets/img/about/shape.png]
[templates.envytheme.com/lebo/default/assets/img/services-shape/shape1.png]
[templates.envytheme.com/lebo/default/assets/img/services-shape/shape2.png]
[templates.envytheme.com/lebo/default/assets/img/projects/projects1.jpg]
[templates.envytheme.com/lebo/default/assets/img/projects/projects2.jpg]
[templates.envytheme.com/lebo/default/assets/img/projects/projects3.jpg]
[templates.envytheme.com/lebo/default/assets/img/projects/projects4.jpg]
[templates.envytheme.com/lebo/default/assets/img/projects/projects5.jpg]
[templates.envytheme.com/lebo/default/assets/img/why-choose.png]
[templates.envytheme.com/lebo/default/assets/img/team/team1.jpg]
[templates.envytheme.com/lebo/default/assets/img/team/team2.jpg]
[templates.envytheme.com/lebo/default/assets/img/team/team3.jpg]
[templates.envytheme.com/lebo/default/assets/img/team/team4.jpg]
[templates.envytheme.com/lebo/default/assets/img/fun-facts-shape/shape1.png]
[templates.envytheme.com/lebo/default/assets/img/fun-facts-shape/shape2.png]
[templates.envytheme.com/lebo/default/assets/img/client/client1.jpg]
[templates.envytheme.com/lebo/default/assets/img/client/client2.jpg]
[templates.envytheme.com/lebo/default/assets/img/client/client3.jpg]
[templates.envytheme.com/lebo/default/assets/img/blog/blog1.jpg]
[templates.envytheme.com/lebo/default/assets/img/blog/blog2.jpg]
[templates.envytheme.com/lebo/default/assets/img/blog/blog3.jpg]
[templates.envytheme.com/lebo/default/assets/img/partner/partner1.png]
[templates.envytheme.com/lebo/default/assets/img/partner/partner2.png]
[templates.envytheme.com/lebo/default/assets/img/partner/partner3.png]
[templates.envytheme.com/lebo/default/assets/img/partner/partner4.png]
[templates.envytheme.com/cdn-cgi/scripts/5c5dd728/cloudflare-static/email-decode.min.js]
[templates.envytheme.com/lebo/default/assets/js/jquery.min.js]
[templates.envytheme.com/lebo/default/assets/js/popper.min.js]
[templates.envytheme.com/lebo/default/assets/js/bootstrap.min.js]
[templates.envytheme.com/lebo/default/assets/js/jquery.meanmenu.js]
[templates.envytheme.com/lebo/default/assets/js/owl.carousel.min.js]
[templates.envytheme.com/lebo/default/assets/js/odometer.min.js]
[templates.envytheme.com/lebo/default/assets/js/jquery.appear.js]
[templates.envytheme.com/lebo/default/assets/js/datepicker.min.js]
[templates.envytheme.com/lebo/default/assets/js/jquery.magnific-popup.min.js]
[templates.envytheme.com/lebo/default/assets/js/jquery.nice-select.min.js]
[templates.envytheme.com/lebo/default/assets/js/jquery.ajaxchimp.min.js]
[templates.envytheme.com/lebo/default/assets/js/form-validator.min.js]
[templates.envytheme.com/lebo/default/assets/js/contact-form-script.js]
[envytheme.com/index.html]
[templates.envytheme.com/lebo/default/assets/js/wow.min.js]
[templates.envytheme.com/lebo/default/index.html]
[templates.envytheme.com/lebo/default/assets/css/bootstrap.min.css]
[templates.envytheme.com/lebo/default/assets/css/animate.css]
[templates.envytheme.com/lebo/default/assets/css/meanmenu.css]
[templates.envytheme.com/lebo/default/assets/js/main.js]
[templates.envytheme.com/lebo/default/assets/fonts/la-brands-400.eot]
[templates.envytheme.com/lebo/default/assets/fonts/la-brands-400d41d.eot]
[templates.envytheme.com/lebo/default/assets/fonts/la-brands-400.woff2]
[templates.envytheme.com/lebo/default/assets/fonts/la-brands-400.woff]
[templates.envytheme.com/lebo/default/assets/fonts/la-brands-400.ttf]
[templates.envytheme.com/lebo/default/assets/fonts/la-brands-400.svg]
[templates.envytheme.com/lebo/default/assets/fonts/la-regular-400.eot]
[templates.envytheme.com/lebo/default/assets/fonts/la-regular-400d41d.eot]
[templates.envytheme.com/lebo/default/assets/fonts/la-regular-400.woff2]
[templates.envytheme.com/lebo/default/assets/fonts/la-regular-400.woff]
[templates.envytheme.com/lebo/default/assets/fonts/la-regular-400.ttf]
[templates.envytheme.com/lebo/default/assets/fonts/la-regular-400.svg]
[templates.envytheme.com/lebo/default/assets/fonts/la-solid-900.eot]
[templates.envytheme.com/lebo/default/assets/fonts/la-solid-900d41d.eot]
[templates.envytheme.com/lebo/default/assets/fonts/la-solid-900.woff2]
[templates.envytheme.com/lebo/default/assets/fonts/la-solid-900.woff]
[templates.envytheme.com/lebo/default/assets/fonts/la-solid-900.ttf]
[templates.envytheme.com/lebo/default/assets/css/line-awesome.min.css]
[templates.envytheme.com/lebo/default/assets/fonts/la-solid-900.svg]
[templates.envytheme.com/lebo/default/assets/fonts/Flaticon.eot]
[templates.envytheme.com/lebo/default/assets/fonts/Flaticond41d.eot]
[templates.envytheme.com/lebo/default/assets/fonts/Flaticon.woff2]
[templates.envytheme.com/lebo/default/assets/fonts/Flaticon.woff]
[templates.envytheme.com/lebo/default/assets/fonts/Flaticon.ttf]
[templates.envytheme.com/lebo/default/assets/css/flaticon.css]
[templates.envytheme.com/lebo/default/assets/css/nice-select.css]
[templates.envytheme.com/lebo/default/assets/fonts/Flaticon.svg]
[templates.envytheme.com/lebo/default/assets/css/owl.video.play.png]
[templates.envytheme.com/lebo/default/assets/css/owl.carousel.min.css]
[templates.envytheme.com/lebo/default/assets/css/owl.theme.default.min.css]
[templates.envytheme.com/lebo/default/assets/css/odometer.css]
[templates.envytheme.com/lebo/default/assets/css/magnific-popup.min.css]
[templates.envytheme.com/lebo/default/assets/img/slides/bg1.jpg]
[templates.envytheme.com/lebo/default/assets/img/slides/bg2.jpg]
[templates.envytheme.com/lebo/default/assets/img/slides/bg3.jpg]
[templates.envytheme.com/lebo/default/assets/img/why-choose-bg.jpg]
[templates.envytheme.com/lebo/default/assets/img/appointment-bg.jpg]
[templates.envytheme.com/lebo/default/assets/img/testimonial-bg.jpg]
[templates.envytheme.com/lebo/default/assets/img/banner-bg.jpg]
[templates.envytheme.com/lebo/default/assets/img/banner-bg2.jpg]
[templates.envytheme.com/lebo/default/assets/img/core-services-bg.jpg]
[templates.envytheme.com/lebo/default/assets/img/core-services-bg2.jpg]
[templates.envytheme.com/lebo/default/assets/img/page-title/bg-1.jpg]
[templates.envytheme.com/lebo/default/assets/img/page-title/bg-2.jpg]
[templates.envytheme.com/lebo/default/assets/img/page-title/bg-3.jpg]
[templates.envytheme.com/lebo/default/assets/img/page-title/bg-4.jpg]
[templates.envytheme.com/lebo/default/assets/img/page-title/bg-5.jpg]
[templates.envytheme.com/lebo/default/assets/img/page-title/bg-6.jpg]
[templates.envytheme.com/lebo/default/assets/img/page-title/bg-7.jpg]
[templates.envytheme.com/lebo/default/assets/img/emergency-bg.jpg]
[templates.envytheme.com/lebo/default/assets/img/footer-bg.jpg]
[templates.envytheme.com/lebo/default/assets/css/style.css]
[templates.envytheme.com/lebo/default/assets/css/responsive.css]
[templates.envytheme.com/cdn-cgi/l/email-protection.html]
[templates.envytheme.com/lebo/default/assets/img/banner-shape1.png]
[templates.envytheme.com/lebo/default/assets/img/about/about-3.png]
[templates.envytheme.com/lebo/default/assets/img/core-services/services1.jpg]
[templates.envytheme.com/lebo/default/assets/img/core-services/services2.jpg]
[templates.envytheme.com/lebo/default/assets/img/core-services/services3.jpg]
[templates.envytheme.com/lebo/default/assets/img/core-services/services4.jpg]
[templates.envytheme.com/lebo/default/assets/img/core-services/services5.jpg]
[templates.envytheme.com/lebo/default/assets/img/core-services/services6.jpg]
[templates.envytheme.com/lebo/default/assets/img/testing.png]
[templates.envytheme.com/lebo/default/index-2.html]
[templates.envytheme.com/lebo/default/assets/img/banner-image.png]
[templates.envytheme.com/lebo/default/assets/img/features.png]
[templates.envytheme.com/lebo/default/assets/img/core-services/services7.jpg]
[templates.envytheme.com/lebo/default/assets/img/core-services/services8.jpg]
[templates.envytheme.com/lebo/default/assets/img/how-it-works.png]
[templates.envytheme.com/lebo/default/assets/img/appointment.png]
[templates.envytheme.com/lebo/default/index-3.html]
[templates.envytheme.com/lebo/default/assets/img/main-banner/banner1.jpg]
[templates.envytheme.com/lebo/default/assets/img/main-banner/banner2.jpg]
[templates.envytheme.com/lebo/default/assets/img/main-banner/banner3.jpg]
[templates.envytheme.com/lebo/default/assets/img/projects/projects6.jpg]
[templates.envytheme.com/lebo/default/assets/img/client/client4.jpg]
[templates.envytheme.com/lebo/default/assets/img/client/client5.jpg]
[templates.envytheme.com/lebo/default/assets/img/client/client6.jpg]
[templates.envytheme.com/lebo/default/assets/img/blog/blog4.jpg]
[templates.envytheme.com/lebo/default/assets/img/blog/blog5.jpg]
[templates.envytheme.com/lebo/default/assets/img/blog/blog6.jpg]
[templates.envytheme.com/lebo/default/index-4.html]
[templates.envytheme.com/lebo/default/about.html]
[templates.envytheme.com/lebo/default/assets/img/team/team5.jpg]
[templates.envytheme.com/lebo/default/assets/img/team/team6.jpg]
[templates.envytheme.com/lebo/default/assets/img/team/team7.jpg]
[templates.envytheme.com/lebo/default/assets/img/team/team8.jpg]
[templates.envytheme.com/lebo/default/team.html]
[templates.envytheme.com/lebo/default/pricing.html]
[templates.envytheme.com/lebo/default/testimonials.html]
[templates.envytheme.com/lebo/default/appointment.html]
[templates.envytheme.com/lebo/default/faq.html]
[templates.envytheme.com/lebo/default/login.html]
[templates.envytheme.com/lebo/default/register.html]
[templates.envytheme.com/lebo/default/assets/img/404.png]
[templates.envytheme.com/lebo/default/error-404.html]
[templates.envytheme.com/lebo/default/gallery.html]
[templates.envytheme.com/lebo/default/terms-of-service.html]
[templates.envytheme.com/lebo/default/privacy-policy.html]
[templates.envytheme.com/lebo/default/assets/img/projects/projects7.jpg]
[templates.envytheme.com/lebo/default/assets/img/projects/projects8.jpg]
[templates.envytheme.com/lebo/default/projects.html]
[templates.envytheme.com/lebo/default/assets/img/projects/projects9.jpg]
[templates.envytheme.com/lebo/default/assets/img/projects-details.jpg]
[templates.envytheme.com/lebo/default/project-details.html]
[templates.envytheme.com/lebo/default/services.html]
[templates.envytheme.com/lebo/default/assets/img/services-details.jpg]
[templates.envytheme.com/lebo/default/services-details.html]
[templates.envytheme.com/lebo/default/blog.html]
[templates.envytheme.com/lebo/default/assets/img/blog-details.jpg]
[templates.envytheme.com/lebo/default/blog-details.html]
[templates.envytheme.com/lebo/default/contact.html]
[www.google.com/maps/embedb24a.html]
[www.google.com/maps/search/medical+center+in+London,+UK/@51.5118992,-0.0848015,15z/data=!3m1!4b1.html]
[gmpg.org/xfn/11.html]
[envytheme.com/wp-content/plugins/woodiscuz-woocommerce-comments/files/img/x.png]
[envytheme.com/wp-content/plugins/envytheme-core/inc/woocommerce-ajax-filters/berocket/assets/css/font-awesome.min6a4d.css]
[twitter.com/envy_theme.html]
[envytheme.com/wp-content/plugins/envytheme-core/inc/woocommerce-ajax-filters/assets/frontend/css/fullmain.minaaec.css]
[envytheme.com/wp-includes/css/dist/block-library/style.min6a4d.css]
[envytheme.com/wp-content/plugins/woocommerce/packages/woocommerce-blocks/build/wc-blocks-vendors-style556e.css]
[www.instagram.com/envytheme3s/index.html]
[envytheme.com/wp-content/plugins/woocommerce/packages/woocommerce-blocks/build/wc-blocks-style556e.css]
[envytheme.com/wp-includes/css/classic-themes.min68b3.css]
[envytheme.com/wp-content/plugins/contact-form-7/includes/css/styles4999.css]
[envytheme.com/wp-content/plugins/envytheme-core/assets/css/font-awesome6a4d.css]
[envytheme.com/wp-content/plugins/woocommerce/assets/css/woocommerce-layout9c05.css]
[envytheme.com/wp-content/plugins/woocommerce/assets/css/woocommerce-smallscreen9c05.css]
[envytheme.com/feed/index.html]
[envytheme.com/wp-content/plugins/woocommerce/assets/css/woocommerce9c05.css]
[envytheme.com/wp-content/plugins/woodiscuz-woocommerce-comments/files/third-party/modal-box/modal-boxde92.css]
[envytheme.com/wp-content/plugins/woodiscuz-woocommerce-comments/files/css/fvde92.css]
[envytheme.com/comments/feed/index.html]
[envytheme.com/wp-content/plugins/woodiscuz-woocommerce-comments/files/third-party/tooltipster/css/tooltipsterde92.css]
[envytheme.com/wp-content/plugins/woodiscuz-woocommerce-comments/files/css/woodiscuz-frontendde92.css]
[envytheme.com/wp-content/themes/envytheme/style6a4d.css]
[envytheme.com/wp-content/themes/envytheme/assets/css/bootstrap.min9c90.css]
[envytheme.com/wp-content/themes/envytheme/assets/css/owl.carousel.min9c90.css]
[envytheme.com/wp-content/themes/envytheme/assets/css/owl.theme.default.min9c90.css]
[envytheme.com/wp-content/themes/envytheme/assets/css/all.min9c90.css]
[envytheme.com/wp-content/themes/envytheme/assets/css/animate.min9c90.css]
[envytheme.com/wp-content/themes/envytheme/assets/css/nice-select9c90.css]
[envytheme.com/wp-content/themes/envytheme/assets/css/main9c90.css]
[envytheme.com/wp-content/themes/envytheme/assets/css/responsive9c90.css]
[envytheme.com/wp-content/plugins/newsletter/stylecdcc.css]
[envytheme.com/wp-content/plugins/elementor/assets/lib/eicons/css/elementor-icons.min3b94.css]
[envytheme.com/wp-content/plugins/elementor/assets/css/frontend-legacy.min991d.css]
[envytheme.com/wp-content/plugins/elementor/assets/css/frontend.min991d.css]
[envytheme.com/wp-content/plugins/elementor/assets/lib/swiper/css/swiper.min48f5.css]
[envytheme.com/wp-content/uploads/elementor/css/post-25996de0.css]
[envytheme.com/wp-content/uploads/elementor/css/globaldb85.css]
[envytheme.com/wp-content/uploads/elementor/css/post-38db85.css]
[envytheme.com/wp-includes/js/jquery/jquery.mina7a0.js]
[envytheme.com/wp-includes/js/jquery/jquery-migrate.mind617.js]
[envytheme.com/wp-content/themes/envytheme/assets/js/newsletter.min62ea.js]
[envytheme.com/wp-content/plugins/woodiscuz-woocommerce-comments/files/js/validator8a54.js]
[envytheme.com/wp-content/plugins/woodiscuz-woocommerce-comments/files/js/wpc-ajaxde92.js]
[envytheme.com/wp-content/plugins/woodiscuz-woocommerce-comments/files/js/jquery.cookie330a.js]
[envytheme.com/wp-content/plugins/woodiscuz-woocommerce-comments/files/third-party/tooltipster/js/jquery.tooltipster.min62ea.js]
[envytheme.com/wp-content/plugins/woodiscuz-woocommerce-comments/files/js/jquery.autogrowtextarea.min6aec.js]
[envytheme.com/wp-content/themes/envytheme/assets/js/popper.min9c90.js]
[envytheme.com/wp-content/themes/envytheme/assets/js/bootstrap.min9c90.js]
[envytheme.com/wp-content/themes/envytheme/assets/js/jquery.meanmenu9c90.js]
[envytheme.com/wp-content/themes/envytheme/assets/js/owl.carousel.min9c90.js]
[envytheme.com/wp-content/themes/envytheme/assets/js/jquery.nice-select9c90.js]
[envytheme.com/wp-content/themes/envytheme/assets/js/wow.min9c90.js]
[envytheme.com/wp-content/themes/envytheme/assets/js/sticky-sidebar.min9c90.js]
[envytheme.com/wp-content/themes/envytheme/assets/js/custom9c90.js]
[www.googletagmanager.com/gtag/js54fe]
[envytheme.com/wp-json/wp/v2/pages/38.json]
[envytheme.com/wp-json/index.html]
[envytheme.com/xmlrpc0db0.php]
[envytheme.com/wp-includes/wlwmanifest.xml]
[envytheme.com/wp-json/oembed/1.0/embed888c.json]
[envytheme.com/wp-json/oembed/1.0/embed7eb4]
[connect.facebook.net/en_US/fbevents.js]
[envytheme.com/wp-content/uploads/2019/10/et-logo-2.png]
[www.googletagmanager.com/ns3fac.html]
[envytheme.com/wp-content/uploads/2020/09/envytheme-logo-with-name-1.png]
[dribbble.com/EnvyTheme.html]
[www.facebook.com/EnvyTheme/index.html]
[envytheme.com/wp-content/uploads/2020/10/envytheme-logo-mobile.png]
[envytheme.com/about-us/index.html]
[envytheme.com/wp-content/themes/envytheme/assets/img/right-arrow.svg]
[envytheme.com/wp-content/themes/envytheme/assets/img/banner/shape4.png]
[envytheme.com/faq/index.html]
[envytheme.com/wp-content/uploads/2021/03/veter-preview.webp]
[envytheme.com/contact-us/index.html]
[envytheme.com/wp-content/themes/envytheme/assets/img/et-logo.png]
[envytheme.com/more-services/index.html]
[envytheme.com/wp-content/uploads/2020/04/covid19-preview.webp]
[envytheme.com/items/et/wordpress-themes/index.html]
[envytheme.com/items/et/woocommerce-themes/index.html]
[envytheme.com/wp-content/uploads/2019/10/sekia-preview.webp]
[envytheme.com/items/et/html-templates/index.html]
[envytheme.com/wp-content/uploads/2020/01/lasy-preview.webp]
[envytheme.com/items/et/templates/index.html]
[envytheme.com/items/et/react-templates/index.html]
[envytheme.com/wp-content/uploads/2019/11/nethero-preview.webp]
[envytheme.com/items/et/angular-templates/index.html]
[envytheme.com/wp-content/uploads/2019/10/emoi-preview.webp]
[envytheme.com/items/et/vuejs-template/index.html]
[envytheme.com/wp-content/uploads/2020/06/dokta-preview.webp]
[envytheme.com/items/et/gatsby-templates/index.html]
[envytheme.com/wp-content/uploads/2020/05/linvia-preview.webp]
[envytheme.com/items/et/strapi-templates/index.html]
[envytheme.com/wp-content/themes/envytheme/assets/img/banner/shape6.png]
[envytheme.com/items/tf/index.html]
[envytheme.com/wp-content/themes/envytheme/assets/img/banner/shape5.png]
[envytheme.com/items/tf/wp-themes/index.html]
[envytheme.com/wp-content/themes/envytheme/assets/img/banner/best-selling.svg]
[envytheme.com/items/tf/html-site-templates/index.html]
[envytheme.com/wp-content/themes/envytheme/assets/img/banner/shape3.png]
[envytheme.com/items/tf/woocommerce/index.html]
[envytheme.com/wp-content/uploads/2022/03/wp.png]
[envytheme.com/items/tf/react-site-templates/index.html]
[envytheme.com/wp-content/uploads/2022/03/react.png]
[envytheme.com/items/tf/vuejs-site-templates/index.html]
[envytheme.com/wp-content/uploads/2022/03/gatsby.png]
[envytheme.com/items/tf/gatsby-templates-tf/index.html]
[envytheme.com/wp-content/uploads/2022/03/angular.png]
[envytheme.com/items/tf/angular-site-templates/index.html]
[envytheme.com/wp-content/uploads/2022/03/vue.png]
[envytheme.com/items/tf/admin-site-templates/index.html]
[envytheme.com/wp-content/uploads/2022/03/plugins.png]
[envytheme.com/items/tf/strapi-templates-tf/index.html]
[envytheme.com/wp-content/uploads/2022/03/woo.png]
[envytheme.com/items/et/free-plugins/index.html]
[envytheme.com/wp-content/uploads/2022/03/html.png]
[envytheme.com/item/envy-custom-post-widget-wordpress-plugin/index.html]
[envytheme.com/wp-content/uploads/2022/03/check-icon.png]
[envytheme.com/item/endless-addons-wordpress-plugin-for-elementor-website-builder/index.html]
[envytheme.com/wp-content/uploads/2022/03/check-icon-bg.png]
[envytheme.com/item/envydoc-wordpress-plugin-for-ultimate-online-documentation/index.html]
[envytheme.com/wp-content/uploads/2022/03/video-icon.png]
[envytheme.com/item/envypreloader-website-preloader-wordpress-plugin/index.html]
[envytheme.com/wp-content/uploads/2022/03/video-icon-bg.png]
[envytheme.com/item/envychimp-wp-subscriber-plugin/index.html]
[envytheme.com/wp-content/uploads/2022/03/support-cion.png]
[envytheme.com/item/envypopup-all-in-one-popup-management-wordpress-plugin/index.html]
[envytheme.com/wp-content/uploads/2022/03/support-cion-bg.png]
[envytheme.com/item/envynotifs-all-in-one-notification-management/index.html]
[envytheme.com/wp-content/uploads/2023/02/eevent_preview.webp]
[envytheme.com/submit-your-service-order/index.html]
[envytheme.com/submit-your-service-order/indexb5fc.html]
[envytheme.com/wp-content/uploads/2023/02/dole-preview.webp]
[envytheme.com/submit-your-service-order/index7aab.html]
[envytheme.com/wp-content/uploads/2023/02/enon-preview.webp]
[envytheme.com/submit-your-service-order/index1a56.html]
[envytheme.com/wp-content/uploads/2023/02/starta-preview.webp]
[envytheme.com/submit-your-service-order/indexfb9e.html]
[envytheme.com/wp-content/themes/envytheme/assets/img/left-quote.png]
[envytheme.com/submit-your-service-order/index76b7.html]
[envytheme.com/wp-content/uploads/2022/03/dsd.png]
[envytheme.com/submit-your-service-order/index4ffc.html]
[envytheme.com/wp-content/uploads/2022/03/shield-2.png]
[envytheme.com/submit-your-service-order/index6cbb.html]
[envytheme.com/wp-content/uploads/2022/03/credit-card-3.png]
[envytheme.com/submit-your-service-order/indexc3a9.html]
[envytheme.com/wp-content/uploads/2022/03/customer-support-3.png]
[envytheme.com/submit-your-service-order/index8896.html]
[envytheme.com/wp-content/themes/envytheme/assets/img/shape2.png]
[envytheme.com/submit-your-service-order/index3b02.html]
[envytheme.com/wp-content/uploads/2021/10/digxy-preview.webp]
[envytheme.com/cart/index.html]
[envytheme.com/wp-content/uploads/2021/07/stasis-preview.webp]
[envytheme.com/offers/index.html]
[envytheme.com/wp-content/uploads/2022/02/cryptx-preview.webp]
[envytheme.com/my-account/index.html]
[envytheme.com/wp-content/uploads/2019/10/envytheme-partner-sitepoint-3.png]
[envytheme.com/index9432.html]
[envytheme.com/wp-content/uploads/2019/10/envytheme-partner-smashing-megazine-3.png]
[envytheme.com/indexc43d.html]
[envytheme.com/wp-content/uploads/2019/10/envytheme-partner-colorlib-3.png]
[envytheme.com/index6ea3.html]
[envytheme.com/wp-content/uploads/2019/10/envytheme-partner-themeforest-2.png]
[envytheme.com/index087d.html]
[envytheme.com/wp-content/uploads/2019/10/envytheme-partner-product-hunt-2.png]
[preview.envytheme.com/veter-html/index.html]
[envytheme.com/wp-content/uploads/2019/10/envytheme-partner-dribbble-2.png]
[envytheme.com/indexab34.html]
[envytheme.com/cdn-cgi/l/email-protection.html]
[preview.envytheme.com/covid19-wp/index.html]
[envytheme.com/wp-content/themes/envytheme/assets/img/card/envytheme-payment.png]
[envytheme.com/item/veter-digital-startup-agency-html-template/index.html]
[envytheme.com/wp-content/uploads/wpcf7_captcha/4190168075.png]
[preview.envytheme.com/sekia-wp/index.html]
[envytheme.com/cdn-cgi/scripts/5c5dd728/cloudflare-static/email-decode.min.js]
[translate.google.com/translate_a/elementa0d8.js]
[envytheme.com/item/covid19-coronavirus-awareness-prevention-wordpress-theme/index.html]
[envytheme.com/item/sekia-multi-niche-landing-page-wordpress-theme/index.html]
[envytheme.com/item/lasy-coworking-office-space-rental-wordpress-theme/index.html]
[preview.envytheme.com/lasy-wp/index.html]
[preview.envytheme.com/nethero-wp/index.html]
[preview.envytheme.com/emoi-wp/index.html]
[embed.tawk.to/5dd65474d96992700fc880ea/default.js]
[preview.envytheme.com/dokta-wp/index.html]
[envytheme.com/item/nethero-broadband-and-isp-wordpress-theme/index.html]
[envytheme.com/wp-content/plugins/elementor/assets/lib/animations/animations.min991d.css]
[envytheme.com/wp-content/plugins/contact-form-7/includes/swv/js/index4999.js]
[envytheme.com/item/emoi-woocommerce-theme/index.html]
[preview.envytheme.com/linvia-wp/index.html]
[envytheme.com/wp-content/plugins/contact-form-7/includes/js/index4999.js]
[envytheme.com/wp-content/plugins/product-open-pricing-name-your-price-for-woocommerce/includes/js/alg-wc-pop-frontend7d4c.js]
[envytheme.com/wp-content/plugins/woocommerce/assets/js/jquery-blockui/jquery.blockUI.minc993.js]
[envytheme.com/wp-content/plugins/woocommerce/assets/js/frontend/add-to-cart.min9c05.js]
[envytheme.com/categories/index.html]
[envytheme.com/item/dokta-medical-wordpress-theme/index.html]
[envytheme.com/wp-content/plugins/woocommerce/assets/js/js-cookie/js.cookie.minc97d.js]
[envytheme.com/wp-content/plugins/woocommerce/assets/js/frontend/woocommerce.min9c05.js]
[envytheme.com/wp-content/plugins/woocommerce/assets/js/frontend/cart-fragments.min9c05.js]
[envytheme.com/item/linvia-charity-donations-fundraising-wordpress-theme/index.html]
[envytheme.com/wp-content/plugins/woodiscuz-woocommerce-comments/files/js/wpc-footer-script62ea.js]
[envytheme.com/items/et/plugins/index.html]
[preview.envytheme.com/eevent-wp/index.html]
[www.google.com/recaptcha/api0bed.js]
[envytheme.com/wp-includes/js/dist/vendor/regenerator-runtime.min3937.js]
[envytheme.com/wp-includes/js/dist/vendor/wp-polyfill.min2c7c.js]
[envytheme.com/items/et/index.html]
[envytheme.com/wp-content/plugins/contact-form-7/modules/recaptcha/index4999.js]
[preview.envytheme.com/dole-wp/index.html]
[envytheme.com/wp-content/plugins/elementor/assets/js/webpack.runtime.min991d.js]
[envytheme.com/item/eevent-event-conference-wordpress-theme/index.html]
[envytheme.com/wp-content/plugins/elementor/assets/js/frontend-modules.min991d.js]
[preview.envytheme.com/enon-wp/index.html]
[envytheme.com/item/enon-insurance-company-wordpress-theme/index.html]
[envytheme.com/wp-content/plugins/elementor/assets/lib/waypoints/waypoints.min05da.js]
[envytheme.com/item/dole-charity-and-fundraising-wordpress-theme/index.html]
[preview.envytheme.com/starta-wp/index.html]
[envytheme.com/wp-includes/js/jquery/ui/core.min3f14.js]
[envytheme.com/wp-content/plugins/elementor/assets/lib/swiper/swiper.min48f5.js]
[envytheme.com/wp-content/plugins/elementor/assets/lib/share-link/share-link.min991d.js]
[envytheme.com/wp-content/plugins/elementor/assets/lib/dialog/dialog.mind227.js]
[envytheme.com/wp-content/plugins/elementor/assets/js/frontend.min991d.js]
[preview.envytheme.com/digxy-wp/index.html]
[envytheme.com/index.html]
[envytheme.com/wp-content/plugins/elementor/assets/js/preloaded-modules.min991d.js]
[templates.envytheme.com/lebo/default/assets/fonts/la-brands-400.svg]
[envytheme.com/item/starta-it-solutions-technology-services-wordpress-theme/index.html]
[preview.envytheme.com/stasis-html/index.html]
[templates.envytheme.com/lebo/default/assets/fonts/la-regular-400.svg]
[envytheme.com/item/digxy-consulting-business-wordpress-theme/index.html]
[envytheme.com/item/stasis-construction-company-html-template/index.html]
[preview.envytheme.com/cryptx-wp/index.html]
[templates.envytheme.com/lebo/default/assets/fonts/la-solid-900.svg]
[envytheme.com/item/cryptx-crypto-currency-startups-wordpress-theme/index.html]
[www.sitepoint.com/index.html]
[templates.envytheme.com/lebo/default/assets/fonts/Flaticon.svg]
[www.smashingmagazine.com/index.html]
[templates.envytheme.com/lebo/default/assets/css/owl.video.play.html]
[colorlib.com/index.html]
[templates.envytheme.com/lebo/default/gallery.html]
[dribbble.com/index.html]
[www.producthunt.com/index.html]
[envytheme.com/items/tf/site-templates/index.html]
[envytheme.com/full-list-offers/index.html]
[envytheme.com/terms-conditions/index.html]
[www.google.com/maps/preview/opensearchfef7.xml]
[envytheme.com/refund-policy/index.html]
[envytheme.com/privacy-policy/index.html]
[www.google.com/maps/search/medical+center+in+London,+UK/@51.5118992,-0.0848015,15z/GET.html]
[www.google.com/images/branding/product/ico/maps15_bnuw3a_32dp.ico]
[envytheme.com/delivery-policy/index.html]
[www.google.com/maps/search/medical+center+in+London,+UK/@51.5118992,-0.0848015,15z/chrome-extension_/index.html]
[lh4.googleusercontent.com/-d4BUZeCs6iE/AAAAAAAAAAI/AAAAAAAAAAA/_UUlVlfttZw/s44-p-k-no-ns-nd/photo.jpg]
[envytheme.com/copyright/index.html]
[lh5.googleusercontent.com/-cHg_L9_J1go/AAAAAAAAAAI/AAAAAAAAAAA/9nb77j0WkBg/s44-p-k-no-ns-nd/photo.jpg]
[lh3.googleusercontent.com/-U4LsoFEvq6Q/AAAAAAAAAAI/AAAAAAAAAAA/ET1OeGlyuwg/s44-p-k-no-ns-nd/photo.jpg]
[lh3.googleusercontent.com/-BAFQWP1qexk/AAAAAAAAAAI/AAAAAAAAAAA/uFz35D1Sz1k/s44-p-k-no-ns-nd/photo.jpg]
[lh3.googleusercontent.com/-gxTBrGqfDAo/AAAAAAAAAAI/AAAAAAAAAAA/_4N0MYWv5fM/s44-p-k-no-ns-nd/photo.jpg]
[lh4.googleusercontent.com/-AQ1RHX-niy0/AAAAAAAAAAI/AAAAAAAAAAA/4r2VYZnm44g/s44-p-k-no-ns-nd/photo.jpg]
[lh6.googleusercontent.com/-11HxoqGlhhw/AAAAAAAAAAI/AAAAAAAAAAA/xRUNd_w182E/s44-p-k-no-ns-nd/photo.png]
[www.gstatic.com/local/placeinfo/lgbtq_friendly_ic_24dp.png]
[lh6.googleusercontent.com/-t22ueJCRwkk/AAAAAAAAAAI/AAAAAAAAAAA/bASruR5KALY/s44-p-k-no-ns-nd/photo.jpg]
[lh5.googleusercontent.com/-Y7Oq3p3NxbI/AAAAAAAAAAI/AAAAAAAAAAA/96Y87pk3yV4/s44-p-k-no-ns-nd/photo.jpg]
[lh6.googleusercontent.com/-cQlOfqPc_Mk/AAAAAAAAAAI/AAAAAAAAAAA/RlC1qbqDl0E/s44-p-k-no-ns-nd/photo.jpg]
[lh3.googleusercontent.com/-Q8bbYDYE25A/AAAAAAAAAAI/AAAAAAAAAAA/LA8t4RL00x0/s44-p-k-no-ns-nd/photo.jpg]
[lh6.googleusercontent.com/-hDVUGTUzeRo/AAAAAAAAAAI/AAAAAAAAAAA/S-_5l83yA9A/s44-p-k-no-ns-nd/photo.jpg]
[lh6.googleusercontent.com/-HlxV3arLDLU/AAAAAAAAAAI/AAAAAAAAAAA/LtYQYesMdhc/s44-p-k-no-ns-nd/photo.png]
[ssl.gstatic.com/gb/images/b_8d5afc09.png]
[maps.gstatic.com/tactile/basepage/pegman_sherlock.png]
[www.google.com/maps/preview/pwa/manifest83d3]
[www.google.com/maps/search/medical+center+in+London,+UK/@51.5118992,-0.0848015,15z/data=!3m1!4b1.html]
[maps.gstatic.com/maps-api-v3/embed/js/52/4/init_embed.js]
[www.google.com/maps/embedb24a.html]
[gmpg.org/xfn/default.css]
[gmpg.org/xfn/.html]
[gmpg.org/xfn/intro.html]
[gmpg.org/xfn/faq.html]
[gmpg.org/xfn/thanks.html]
[gmpg.org/xfn/11.html]
[abs.twimg.com/responsive-web/client-web-legacy/polyfills.2461364a.js]
[abs.twimg.com/responsive-web/client-web-legacy/i18n/en.7552f54a.js]
[abs.twimg.com/responsive-web/client-web-legacy/vendor.6ab5192a.js]
[abs.twimg.com/responsive-web/client-web-legacy/main.5f3862da.js]
[twitter.com/manifest.json]
[twitter.com/opensearch.xml]
[abs.twimg.com/responsive-web/client-web-legacy/icon-svg.168b89da.svg]
[abs.twimg.com/responsive-web/client-web-legacy/icon-ios.b1fc727a.png]
[abs.twimg.com/responsive-web/client-web-legacy/bundle.UserProfile.f047cd0a.js]
[abs.twimg.com/responsive-web/client-web-legacy/shared_bundle.TwitterArticles_bundle.UserProfile.8cb08b6a.js]
[abs.twimg.com/errors/logo46x38.png]
[help.twitter.com/using-twitter/twitter-supported-browsers.16a.delayed]
[help.twitter.com/en/using-twitter/twitter-supported-browsers.html]
[twitter.com/tos.16c.delayed]
[twitter.com/en/tos.html]
[twitter.com/privacy.16e.delayed]
[twitter.com/en/privacy.html]
[help.twitter.com/articles/20170514.171.delayed]
[help.twitter.com/rules-and-policies/twitter-cookies.172.delayed]
[help.twitter.com/en/rules-and-policies/twitter-cookies.html]
[legal.twitter.com/de/imprint.html]
[twitter.com/envy_theme.html]
[abs.twimg.com/responsive-web/client-web-legacy/feature-switch-manifest.1932f91a.js]
[business.twitter.com/en/help/troubleshooting/how-twitter-ads-work1252.html]
[static.cdninstagram.com/rsrc.php/v3/yb/r/lswP1OF1o6P.png]
[abs.twimg.com/responsive-web/client-web-legacy/index.html]
[static.cdninstagram.com/rsrc.php/v3/yR/r/lam-fZmwmvn.png]
[static.cdninstagram.com/rsrc.php/v3/ys/r/aM-g435MtEX.png]
[static.cdninstagram.com/rsrc.php/v3/yx/r/H1l_HHqi4p6.png]
[static.cdninstagram.com/rsrc.php/v3/yB/r/-7Z_RkdLJUX.png]
[static.cdninstagram.com/rsrc.php/v3/yG/r/De-Dwpd5CHc.png]
[static.cdninstagram.com/rsrc.php/yv/r/BTPhT6yIYfq.ico]
[scontent.cdninstagram.com/v/t51.2885-19/49907566_379761812592341_5280620118148120576_n1b56.jpg]
[www.instagram.com/envytheme3s/indexfef7.html]
[www.instagram.com/envytheme3s/index7d7c.html]
[www.instagram.com/envytheme3s/indexa209.html]
[www.instagram.com/data/manifest.json]
[www.instagram.com/envytheme3s/indexde3a.html]
[www.instagram.com/envytheme3s/index0016.html]
[www.instagram.com/envytheme3s/index0b8e.html]
[www.instagram.com/envytheme3s/indexf854.html]
[static.cdninstagram.com/rsrc.php/v3/yw/l/0,cross/h7VfoMDFtd8k1kGg1MGZJ4Xqh7xyVs7TQ1f8e.css]
[www.instagram.com/envytheme3s/index9e29.html]
[www.instagram.com/envytheme3s/index232e.html]
[www.instagram.com/envytheme3s/index28b7.html]
[static.cdninstagram.com/rsrc.php/v3/y3/r/8juwNBRd-xK1f8e.js]
[www.instagram.com/envytheme3s/index6dd3.html]
[www.instagram.com/envytheme3s/indexc581.html]
[www.instagram.com/envytheme3s/index539c.html]
[www.instagram.com/envytheme3s/indexaaeb.html]
[www.instagram.com/envytheme3s/indexecc8.html]
[static.cdninstagram.com/rsrc.php/v3idfH4/yy/l/en_US/1ycbyAN09BP1f8e.js]
[www.instagram.com/envytheme3s/indexdc29.html]
[www.instagram.com/envytheme3s/index014b.html]
[static.cdninstagram.com/rsrc.php/v3/yy/r/gUfQQKBrOBn1f8e.js]
[www.instagram.com/envytheme3s/indexc91a.html]
[www.instagram.com/envytheme3s/index0cf2.html]
[www.instagram.com/envytheme3s/index7c40.html]
[www.instagram.com/envytheme3s/index5a9d.html]
[www.instagram.com/envytheme3s/index4017.html]
[www.instagram.com/envytheme3s/indexb2db.html]
[www.instagram.com/envytheme3s/theaustralian.com.au]
[www.instagram.com/envytheme3s/index9201.html]
[www.instagram.com/envytheme3s/index1672.html]
[www.instagram.com/envytheme3s/index5083.html]
[www.instagram.com/envytheme3s/index7a92.html]
[www.instagram.com/envytheme3s/indexc13b.html]
[www.instagram.com/envytheme3s/news.com.au]
[www.instagram.com/envytheme3s/index9e3e.html]
[www.instagram.com/envytheme3s/index9841.html]
[www.instagram.com/envytheme3s/index0f5d.html]
[www.instagram.com/envytheme3s/indexd294.html]
[www.instagram.com/envytheme3s/indexad0b.html]
[www.instagram.com/envytheme3s/index5303.html]
[www.instagram.com/envytheme3s/kollosche.com.au]
[www.instagram.com/envytheme3s/indexff11.html]
[www.instagram.com/envytheme3s/indexe9b2.html]
[www.instagram.com/envytheme3s/indexdb1e.html]
[www.instagram.com/envytheme3s/indexf857.html]
[www.instagram.com/envytheme3s/index882e.html]
[www.instagram.com/envytheme3s/awstrack.me]
[www.instagram.com/envytheme3s/index6c7f.html]
[www.instagram.com/envytheme3s/index241a.html]
[www.instagram.com/envytheme3s/index327f.html]
[www.instagram.com/envytheme3s/index3a7e.html]
[www.instagram.com/envytheme3s/index030f.html]
[www.instagram.com/envytheme3s/U]
[www.instagram.com/envytheme3s/indexb058.html]
[www.instagram.com/envytheme3s/index9d29.html]
[www.instagram.com/envytheme3s/index0fe5.html]
[www.instagram.com/envytheme3s/index2a81.html]
[www.instagram.com/envytheme3s/indexc4e8.html]
[static.cdninstagram.com/rsrc.php/v3/yI/l/0,cross/yzmkmSYEsYw1f8e.css]
[www.instagram.com/envytheme3s/index.html]
[www.instagram.com/envytheme3s/index53ad.html]
[www.instagram.com/envytheme3s/index9d00.html]
[www.googletagmanager.com/index.html]
[www.instagram.com/envytheme3s/indexfafd.html]
[www.instagram.com/envytheme3s/indexf4a3.html]
[www.instagram.com/envytheme3s/index514d.html]
[www.instagram.com/envytheme3s/android-app_/com.instagram.android/https/instagram.com/_u/envytheme3s/index.html]
[envytheme.com/wp-content/plugins/envytheme-core/inc/woocommerce-ajax-filters/berocket/assets/fonts/fontawesome-webfont3e6e.woff2]
[static.cdninstagram.com/rsrc.php/v3ieEl4/yJ/l/en_US/py7kgxbofxBvnpbKe-PMwBigb_bet0RNdGBj5KRawRHEj6nf28hCDf6Eb2ruprzpXSM_muKlhIUL6Pnr-0BI7FnLLNw4I8SzSIhT-WuPlFSOooxzod0jfTR9guf8BIZFO5OfySAPlkpVvH7pxS66NaTFH9rZl6cJU5Z]
[static.cdninstagram.com/rsrc.php/v3i2g14/yA/l/en_US/fQFIO8gZ9_935FE-8vCObtJIpBd0r80DGbpBDrhNZslZN7RZ_q94bgrEBstPUzNPXMk6lN67CEDzg-ZOVJdS-npKd1wWCaNpJw-UlI9iinjNmm4hpNBycjSGgsWotF4woMoptqCgny7qLDDWDY9yjkKRt96v3F2bZy7]
[envytheme.com/wp-content/plugins/envytheme-core/inc/woocommerce-ajax-filters/berocket/assets/fonts/fontawesome-webfont3e6e.woff]
[envytheme.com/wp-content/plugins/envytheme-core/inc/woocommerce-ajax-filters/berocket/assets/fonts/fontawesome-webfont3e6e.ttf]
[envytheme.com/wp-content/plugins/envytheme-core/inc/woocommerce-ajax-filters/berocket/assets/css/font-awesome.min6a4d.css]
[envytheme.com/wp-content/plugins/envytheme-core/inc/woocommerce-ajax-filters/assets/frontend/css/images/ui-icons_444444_256x240.png]
[envytheme.com/wp-content/plugins/envytheme-core/inc/woocommerce-ajax-filters/assets/frontend/css/images/ui-icons_555555_256x240.png]
[envytheme.com/wp-content/plugins/envytheme-core/inc/woocommerce-ajax-filters/assets/frontend/css/images/ui-icons_ffffff_256x240.png]
[envytheme.com/wp-content/plugins/envytheme-core/inc/woocommerce-ajax-filters/assets/frontend/css/images/ui-icons_777620_256x240.png]
[envytheme.com/wp-content/plugins/envytheme-core/inc/woocommerce-ajax-filters/assets/frontend/css/images/ui-icons_cc0000_256x240.png]
[envytheme.com/wp-content/plugins/envytheme-core/inc/woocommerce-ajax-filters/assets/frontend/css/images/ui-icons_777777_256x240.png]
[envytheme.com/wp-content/plugins/envytheme-core/inc/woocommerce-ajax-filters/assets/frontend/css/mCSB_buttons.png]
[envytheme.com/wp-content/plugins/envytheme-core/inc/woocommerce-ajax-filters/assets/frontend/css/fullmain.minaaec.css]
[envytheme.com/wp-includes/css/dist/block-library/style.min6a4d.css]
[envytheme.com/wp-content/plugins/woocommerce/packages/woocommerce-blocks/build/wc-blocks-vendors-style556e.css]
[envytheme.com/wp-content/plugins/woocommerce/packages/woocommerce-blocks/build/wc-blocks-style556e.css]
[envytheme.com/wp-includes/css/classic-themes.min68b3.css]
[envytheme.com/wp-content/plugins/contact-form-7/includes/css/styles4999.css]
[envytheme.com/wp-content/plugins/envytheme-core/assets/fonts/fontawesome-webfont3e6e.eot]
[envytheme.com/wp-content/plugins/envytheme-core/assets/fonts/fontawesome-webfontd41d.eot]
[envytheme.com/wp-content/plugins/envytheme-core/assets/fonts/fontawesome-webfont3e6e.woff2]
[envytheme.com/wp-content/plugins/envytheme-core/assets/fonts/fontawesome-webfont3e6e.woff]
[envytheme.com/wp-content/plugins/envytheme-core/assets/fonts/fontawesome-webfont3e6e.ttf]
[envytheme.com/wp-content/plugins/envytheme-core/assets/css/font-awesome6a4d.css]
[envytheme.com/wp-content/plugins/woocommerce/assets/css/woocommerce-layout9c05.css]
[envytheme.com/wp-content/plugins/woocommerce/assets/css/woocommerce-smallscreen9c05.css]
[envytheme.com/wp-content/plugins/envytheme-core/assets/fonts/fontawesome-webfont3e6e.svg]
[envytheme.com/wp-content/plugins/woocommerce/assets/fonts/star.eot]
[envytheme.com/wp-content/plugins/woocommerce/assets/fonts/stard41d.eot]
[envytheme.com/wp-content/plugins/woocommerce/assets/fonts/star.woff]
[envytheme.com/wp-content/plugins/woocommerce/assets/fonts/star.ttf]
[envytheme.com/wp-content/plugins/woocommerce/assets/fonts/star.svg]
[envytheme.com/wp-content/plugins/woocommerce/assets/fonts/WooCommerce.eot]
[envytheme.com/wp-content/plugins/woocommerce/assets/fonts/WooCommerced41d.eot]
[envytheme.com/wp-content/plugins/woocommerce/assets/fonts/WooCommerce.woff]
[envytheme.com/wp-content/plugins/woocommerce/assets/fonts/WooCommerce.ttf]
[envytheme.com/wp-content/plugins/woocommerce/assets/fonts/WooCommerce.svg]
[envytheme.com/wp-content/plugins/woocommerce/assets/images/icons/loader.svg]
[envytheme.com/wp-content/plugins/woocommerce/assets/images/icons/credit-cards/visa.svg]
[envytheme.com/wp-content/plugins/woocommerce/assets/images/icons/credit-cards/mastercard.svg]
[envytheme.com/wp-content/plugins/woocommerce/assets/images/icons/credit-cards/laser.svg]
[envytheme.com/wp-content/plugins/woocommerce/assets/images/icons/credit-cards/diners.svg]
[envytheme.com/wp-content/plugins/woocommerce/assets/images/icons/credit-cards/maestro.svg]
[envytheme.com/wp-content/plugins/woocommerce/assets/images/icons/credit-cards/jcb.svg]
[envytheme.com/wp-content/plugins/woocommerce/assets/images/icons/credit-cards/amex.svg]
[envytheme.com/wp-content/plugins/woocommerce/assets/css/woocommerce9c05.css]
[envytheme.com/wp-content/plugins/woodiscuz-woocommerce-comments/files/third-party/modal-box/modal-boxde92.css]
[envytheme.com/wp-content/plugins/woodiscuz-woocommerce-comments/files/css/fvde92.css]
[envytheme.com/wp-content/plugins/woodiscuz-woocommerce-comments/files/third-party/tooltipster/css/tooltipsterde92.css]
[envytheme.com/wp-content/plugins/woodiscuz-woocommerce-comments/files/css/woodiscuz-frontendde92.css]
[envytheme.com/wp-content/themes/envytheme/style6a4d.css]
[envytheme.com/wp-content/themes/envytheme/assets/css/bootstrap.min9c90.css]
[envytheme.com/wp-content/plugins/woocommerce/assets/images/icons/credit-cards/discover.svg]
[envytheme.com/wp-content/themes/envytheme/assets/css/owl.video.play.png]
[envytheme.com/wp-content/themes/envytheme/assets/css/owl.carousel.min9c90.css]
[envytheme.com/wp-content/themes/envytheme/assets/css/owl.theme.default.min9c90.css]
[envytheme.com/wp-content/themes/envytheme/assets/fonts/fa-brands-400.eot]
[envytheme.com/wp-content/themes/envytheme/assets/fonts/fa-brands-400d41d.eot]
[envytheme.com/wp-content/themes/envytheme/assets/fonts/fa-brands-400.woff2]
[envytheme.com/wp-content/themes/envytheme/assets/fonts/fa-brands-400.woff]
[envytheme.com/wp-content/themes/envytheme/assets/fonts/fa-brands-400.ttf]
[envytheme.com/wp-content/themes/envytheme/assets/fonts/fa-brands-400.svg]
[envytheme.com/wp-content/themes/envytheme/assets/fonts/fa-regular-400.eot]
[envytheme.com/wp-content/themes/envytheme/assets/fonts/fa-regular-400d41d.eot]
[envytheme.com/wp-content/themes/envytheme/assets/fonts/fa-regular-400.woff2]
[envytheme.com/wp-content/themes/envytheme/assets/fonts/fa-regular-400.woff]
[envytheme.com/wp-content/themes/envytheme/assets/fonts/fa-regular-400.ttf]
[envytheme.com/wp-content/themes/envytheme/assets/fonts/fa-regular-400.svg]
[envytheme.com/wp-content/themes/envytheme/assets/fonts/fa-solid-900.eot]
[envytheme.com/wp-content/themes/envytheme/assets/fonts/fa-solid-900.woff2]
[envytheme.com/wp-content/themes/envytheme/assets/fonts/fa-solid-900d41d.eot]
[envytheme.com/wp-content/themes/envytheme/assets/fonts/fa-solid-900.woff]
[envytheme.com/wp-content/themes/envytheme/assets/fonts/fa-solid-900.ttf]
[envytheme.com/wp-content/themes/envytheme/assets/css/all.min9c90.css]
[envytheme.com/wp-content/themes/envytheme/assets/css/animate.min9c90.css]
[envytheme.com/wp-content/themes/envytheme/assets/css/nice-select9c90.css]
[envytheme.com/wp-content/themes/envytheme/assets/img/bradient-bg-img1.webp]
[envytheme.com/wp-content/themes/envytheme/assets/fonts/fa-solid-900.svg]
[envytheme.com/wp-content/themes/envytheme/assets/img/bradient-bg-img2.webp]
[envytheme.com/wp-content/themes/envytheme/assets/img/check-icon.png]
[envytheme.com/wp-content/themes/envytheme/assets/img/popular-items/1.jpg]
[envytheme.com/wp-content/themes/envytheme/assets/img/popular-items/2.jpg]
[envytheme.com/wp-content/themes/envytheme/assets/img/popular-items/3.jpg]
[envytheme.com/wp-content/themes/envytheme/assets/img/popular-items/4.jpg]
[envytheme.com/wp-content/themes/envytheme/assets/fonts/Flaticon.eot]
[envytheme.com/wp-content/themes/envytheme/assets/fonts/Flaticond41d.eot]
[envytheme.com/wp-content/themes/envytheme/assets/fonts/Flaticon.woff2]
[envytheme.com/wp-content/themes/envytheme/assets/fonts/Flaticon.woff]
[envytheme.com/wp-content/themes/envytheme/assets/fonts/Flaticon.ttf]
[envytheme.com/wp-content/themes/envytheme/assets/fonts/Flaticon.svg]
[envytheme.com/wp-content/themes/envytheme/assets/css/Flaticon.svg]
[envytheme.com/wp-content/themes/envytheme/assets/img/installation-video.jpg]
[envytheme.com/wp-content/themes/envytheme/assets/img/young-woman-workig.jpg]
[envytheme.com/wp-content/themes/envytheme/assets/img/offer-page-header-bg.png]
[envytheme.com/wp-content/themes/envytheme/assets/css/main9c90.css]
[envytheme.com/wp-content/themes/envytheme/assets/css/responsive9c90.css]
[envytheme.com/wp-content/plugins/newsletter/stylecdcc.css]
[envytheme.com/wp-content/plugins/elementor/assets/lib/eicons/fonts/eiconsd6bb.eot]
[envytheme.com/wp-content/plugins/elementor/assets/lib/eicons/fonts/eiconsd6bb.woff2]
[envytheme.com/wp-content/plugins/elementor/assets/lib/eicons/fonts/eiconsd6bb.woff]
[envytheme.com/wp-content/plugins/elementor/assets/lib/eicons/fonts/eiconsd6bb.ttf]
[envytheme.com/wp-content/plugins/elementor/assets/lib/eicons/css/elementor-icons.min3b94.css]
[envytheme.com/wp-content/plugins/elementor/assets/css/frontend-legacy.min991d.css]
[envytheme.com/wp-content/plugins/elementor/assets/css/frontend.min991d.css]
[envytheme.com/wp-content/plugins/elementor/assets/lib/swiper/css/swiper.min48f5.css]
[envytheme.com/wp-content/uploads/elementor/css/post-25996de0.css]
[envytheme.com/wp-content/uploads/elementor/css/globaldb85.css]
[envytheme.com/wp-content/uploads/elementor/css/post-38db85.css]
[envytheme.com/wp-content/plugins/elementor/assets/lib/eicons/fonts/eiconsd6bb.svg]
[fonts.googleapis.com/css489a.css]
[fonts.gstatic.com/index.html]
[connect.facebook.net/en_US/fbevents.js]
[www.googletagmanager.com/gtm5445.html]
[www.googletagmanager.com/ns3fac.html]
[envytheme.com/wp-content/themes/envytheme/assets/css/bootstrap.mine0c0.css]
[envytheme.com/wp-content/themes/envytheme/assets/css/owl.carousel.mine0c0.css]
[envytheme.com/wp-content/themes/envytheme/assets/css/owl.theme.default.mine0c0.css]
[envytheme.com/wp-content/themes/envytheme/assets/css/all.mine0c0.css]
[envytheme.com/wp-content/themes/envytheme/assets/css/animate.mine0c0.css]
[envytheme.com/wp-content/themes/envytheme/assets/css/nice-selecte0c0.css]
[envytheme.com/wp-content/themes/envytheme/assets/css/maine0c0.css]
[envytheme.com/wp-content/themes/envytheme/assets/css/responsivee0c0.css]
[envytheme.com/wp-content/uploads/elementor/css/post-213e4cc.css]
[envytheme.com/wp-content/themes/envytheme/assets/js/popper.mine0c0.js]
[envytheme.com/wp-content/themes/envytheme/assets/js/bootstrap.mine0c0.js]
[envytheme.com/wp-content/themes/envytheme/assets/js/jquery.meanmenue0c0.js]
[envytheme.com/wp-content/themes/envytheme/assets/js/owl.carousel.mine0c0.js]
[envytheme.com/wp-content/themes/envytheme/assets/js/jquery.nice-selecte0c0.js]
[envytheme.com/wp-content/themes/envytheme/assets/js/wow.mine0c0.js]
[envytheme.com/wp-content/themes/envytheme/assets/js/sticky-sidebar.mine0c0.js]
[envytheme.com/wp-content/themes/envytheme/assets/js/custome0c0.js]
[envytheme.com/wp-json/wp/v2/pages/213.json]
[envytheme.com/wp-json/oembed/1.0/embed1aa9.json]
[envytheme.com/wp-json/oembed/1.0/embedcce1]
[envytheme.com/wp-content/themes/envytheme/assets/img/shape3.png]
[themes.jibdara.com/envytheme/wp-content/uploads/2019/10/wordpress-theme.jpg]
[themes.jibdara.com/envytheme/wp-content/uploads/2019/10/html-template.jpg]
[themes.jibdara.com/envytheme/wp-content/uploads/2019/10/react-template.jpg]
[envytheme.com/wp-content/uploads/wpcf7_captcha/660191081.png]
[envytheme.com/about-us/index.html]
[envytheme.com/wp-content/themes/envytheme/assets/css/bootstrap.minb8c7.css]
[envytheme.com/wp-content/themes/envytheme/assets/css/owl.carousel.minb8c7.css]
[envytheme.com/wp-content/themes/envytheme/assets/css/owl.theme.default.minb8c7.css]
[envytheme.com/wp-content/themes/envytheme/assets/css/all.minb8c7.css]
[envytheme.com/wp-content/themes/envytheme/assets/css/animate.minb8c7.css]
[envytheme.com/wp-content/themes/envytheme/assets/css/nice-selectb8c7.css]
[envytheme.com/wp-content/themes/envytheme/assets/css/mainb8c7.css]
[envytheme.com/wp-content/themes/envytheme/assets/css/responsiveb8c7.css]
[envytheme.com/wp-content/themes/envytheme/assets/js/popper.minb8c7.js]
[envytheme.com/wp-content/themes/envytheme/assets/js/bootstrap.minb8c7.js]
[envytheme.com/wp-content/themes/envytheme/assets/js/jquery.meanmenub8c7.js]
[envytheme.com/wp-content/themes/envytheme/assets/js/owl.carousel.minb8c7.js]
[envytheme.com/wp-content/themes/envytheme/assets/js/jquery.nice-selectb8c7.js]
[envytheme.com/wp-content/themes/envytheme/assets/js/wow.minb8c7.js]
[envytheme.com/wp-content/themes/envytheme/assets/js/sticky-sidebar.minb8c7.js]
[envytheme.com/wp-content/themes/envytheme/assets/js/customb8c7.js]
[envytheme.com/wp-json/wp/v2/pages/160.json]
[envytheme.com/wp-json/oembed/1.0/embedd988.json]
[envytheme.com/wp-json/oembed/1.0/embeda3cd]
[envytheme.com/wp-content/themes/envytheme/assets/img/support-agent-icon.svg]
[envytheme.com/wp-content/themes/envytheme/assets/img/chat-bubble-icon.svg]
[envytheme.com/wp-content/themes/envytheme/assets/img/free-quote.svg]
[envytheme.com/wp-content/themes/envytheme/assets/img/email-icon.svg]
[envytheme.com/wp-content/uploads/wpcf7_captcha/4118777436.png]
[envytheme.com/faq/index.html]
[envytheme.com/wp-content/themes/envytheme/assets/css/bootstrap.min2251.css]
[envytheme.com/wp-content/themes/envytheme/assets/css/owl.carousel.min2251.css]
[envytheme.com/wp-content/themes/envytheme/assets/css/owl.theme.default.min2251.css]
[envytheme.com/wp-content/themes/envytheme/assets/css/all.min2251.css]
[envytheme.com/wp-content/themes/envytheme/assets/css/animate.min2251.css]
[envytheme.com/wp-content/themes/envytheme/assets/css/nice-select2251.css]
[envytheme.com/wp-content/themes/envytheme/assets/css/main2251.css]
[envytheme.com/wp-content/themes/envytheme/assets/css/responsive2251.css]
[envytheme.com/wp-content/themes/envytheme/assets/js/popper.min2251.js]
[envytheme.com/wp-content/themes/envytheme/assets/js/bootstrap.min2251.js]
[envytheme.com/wp-content/themes/envytheme/assets/js/jquery.meanmenu2251.js]
[envytheme.com/wp-content/themes/envytheme/assets/js/owl.carousel.min2251.js]
[envytheme.com/wp-content/themes/envytheme/assets/js/jquery.nice-select2251.js]
[envytheme.com/wp-content/themes/envytheme/assets/js/wow.min2251.js]
[envytheme.com/wp-content/themes/envytheme/assets/js/sticky-sidebar.min2251.js]
[envytheme.com/wp-content/themes/envytheme/assets/js/custom2251.js]
[envytheme.com/wp-json/wp/v2/pages/157.json]
[envytheme.com/wp-json/oembed/1.0/embedacb8.json]
[envytheme.com/wp-json/oembed/1.0/embed8718]
[envytheme.com/wp-content/uploads/wpcf7_captcha/1505628527.png]
[envytheme.com/wp-content/themes/envytheme/assets/img/chat-bubble2.svg]
[envytheme.com/wp-content/themes/envytheme/assets/img/support-agent2.svg]
[envytheme.com/wp-content/uploads/wpcf7_captcha/2130820780.png]
[envytheme.com/contact-us/index.html]
[static.xx.fbcdn.net/rsrc.php/yD/r/d4ZIVX-5C-b.ico]
[www.facebook.com/EnvyTheme.html]
[ar-ar.facebook.com/EnvyTheme.html]
[bg-bg.facebook.com/EnvyTheme.html]
[bn-in.facebook.com/EnvyTheme.html]
[bs-ba.facebook.com/EnvyTheme.html]
[cs-cz.facebook.com/EnvyTheme.html]
[da-dk.facebook.com/EnvyTheme.html]
[de-de.facebook.com/EnvyTheme.html]
[el-gr.facebook.com/EnvyTheme.html]
[en-gb.facebook.com/EnvyTheme.html]
[es-la.facebook.com/EnvyTheme.html]
[es-es.facebook.com/EnvyTheme.html]
[et-ee.facebook.com/EnvyTheme.html]
[fa-ir.facebook.com/EnvyTheme.html]
[fi-fi.facebook.com/EnvyTheme.html]
[fr-fr.facebook.com/EnvyTheme.html]
[he-il.facebook.com/EnvyTheme.html]
[hi-in.facebook.com/EnvyTheme.html]
[hr-hr.facebook.com/EnvyTheme.html]
[hu-hu.facebook.com/EnvyTheme.html]
[id-id.facebook.com/EnvyTheme.html]
[it-it.facebook.com/EnvyTheme.html]
[ja-jp.facebook.com/EnvyTheme.html]
[ka-ge.facebook.com/EnvyTheme.html]
[km-kh.facebook.com/EnvyTheme.html]
[ko-kr.facebook.com/EnvyTheme.html]
[lt-lt.facebook.com/EnvyTheme.html]
[lv-lv.facebook.com/EnvyTheme.html]
[mk-mk.facebook.com/EnvyTheme.html]
[ml-in.facebook.com/EnvyTheme.html]
[ms-my.facebook.com/EnvyTheme.html]
[nb-no.facebook.com/EnvyTheme.html]
[ne-np.facebook.com/EnvyTheme.html]
[nl-nl.facebook.com/EnvyTheme.html]
[pa-in.facebook.com/EnvyTheme.html]
[pl-pl.facebook.com/EnvyTheme.html]
[pt-br.facebook.com/EnvyTheme.html]
[pt-pt.facebook.com/EnvyTheme.html]
[ro-ro.facebook.com/EnvyTheme.html]
[ru-ru.facebook.com/EnvyTheme.html]
[sk-sk.facebook.com/EnvyTheme.html]
[sl-si.facebook.com/EnvyTheme.html]
[sq-al.facebook.com/EnvyTheme.html]
[sr-rs.facebook.com/EnvyTheme.html]
[sv-se.facebook.com/EnvyTheme.html]
[sw-ke.facebook.com/EnvyTheme.html]
[ta-in.facebook.com/EnvyTheme.html]
[te-in.facebook.com/EnvyTheme.html]
[th-th.facebook.com/EnvyTheme.html]
[tl-ph.facebook.com/EnvyTheme.html]
[tr-tr.facebook.com/EnvyTheme.html]
[uk-ua.facebook.com/EnvyTheme.html]
[ur-pk.facebook.com/EnvyTheme.html]
[vi-vn.facebook.com/EnvyTheme.html]
[zh-cn.facebook.com/EnvyTheme.html]
[zh-hk.facebook.com/EnvyTheme.html]
[zh-tw.facebook.com/EnvyTheme.html]
[m.facebook.com/EnvyTheme.html]
[scontent.famd5-3.fna.fbcdn.net/v/t39.30808-1/309265860_515090780624674_2100404016366816955_n5f1d.png]
[static.xx.fbcdn.net/rsrc.php/v3/yI/l/0,cross/18XlZJIlsVJ1f8e.css]
[static.xx.fbcdn.net/rsrc.php/v3/y3/r/8juwNBRd-xK1f8e.js]
[www.facebook.com/data/manifest/index.html]
[static.xx.fbcdn.net/rsrc.php/v3iYrJ4/yY/l/en_GB/gdNEo3kNjZH1f8e.js]
[static.xx.fbcdn.net/rsrc.php/v3ifxX4/y6/l/en_GB/nqAuOtVWyJt1f8e.js]
[static.xx.fbcdn.net/rsrc.php/v3iMAW4/yh/l/en_GB/iPDFawdEr46Dz8jZoVno6YNUHjwaiqfdS4gtw4TK3Iv8Sw4bS9iEvEgLgvwffuKmeXq_mDCoM0nxhht96odHK_JCtA_6AUv53Cqrj3SeHISlQCJzcYFF1MRYUJPPXXedhKwZiFIPB9SNsUAyEYrYQv4QNI1tsu9ENOHh9S7]
[static.xx.fbcdn.net/rsrc.php/v3ih2j4/yc/l/en_GB/yI3GZm0t4hN1f8e.js]
[static.xx.fbcdn.net/rsrc.php/v3/yE/r/QBzEjRpgRmJ1f8e.js]
[static.xx.fbcdn.net/rsrc.php/v3iR_74/yk/l/en_GB/MpV-0LdZIFXR44cTJ2hN_NQLSJUv0StkfLeqgI-W8V64-xUMnuS5h63Q0xCdc4RJKWTViUPK9r2iM8yKkvlaL8Gw1f8e.js]
[static.xx.fbcdn.net/rsrc.php/v3iJMY4/yv/l/en_GB/rr5QlrOp2Xy1f8e.js]
[static.xx.fbcdn.net/rsrc.php/v3/yA/r/1h4IMOBDN121f8e.js]
[www.facebook.com/EnvyTheme/theaustralian.com.267.delayed]
[www.facebook.com/EnvyTheme/news.com.au]
[www.facebook.com/EnvyTheme/kollosche.com.au]
[www.facebook.com/EnvyTheme/awstrack.me]
[www.facebook.com/EnvyTheme/pVuPe9]
[www.facebook.com/EnvyTheme/o305YZ]
[static.xx.fbcdn.net/rsrc.php/v3iMye4/yk/l/en_GB/nqAa_W4aiYeb7sCWfs48C6HDAbQJCPX1hc32eh9sOutoxzn7UuW3obzn6m0f8hfWkm48TahcMh6CILNFldJaqswXzb7tQnrnP1zQwnVZHN80uJylLurmBzhA41f8e.js]
[static.xx.fbcdn.net/rsrc.php/v3iERC4/y3/l/en_GB/llLuLHuJ-1y1f8e.js]
[www.facebook.com/EnvyTheme/index.html]
[www.linkedin.com/company/envytheme/index.html]
[dribbble.com/EnvyTheme.html]
[envytheme.com/more-services/index.html]
[envytheme.com/items/et/wordpress-themes/index.html]
[envytheme.com/items/et/woocommerce-themes/index.html]
[envytheme.com/items/et/templates/index.html]
[envytheme.com/items/et/html-templates/index.html]
[envytheme.com/items/et/react-templates/index.html]
[envytheme.com/items/et/angular-templates/index.html]
[envytheme.com/items/et/vuejs-template/index.html]
[envytheme.com/items/et/gatsby-templates/index.html]
[envytheme.com/items/et/strapi-templates/index.html]
[envytheme.com/items/tf/index.html]
[envytheme.com/items/tf/wp-themes/index.html]
[envytheme.com/items/tf/woocommerce/index.html]
[envytheme.com/items/tf/html-site-templates/index.html]
[envytheme.com/items/tf/react-site-templates/index.html]
[envytheme.com/items/tf/angular-site-templates/index.html]
[envytheme.com/items/tf/vuejs-site-templates/index.html]
[envytheme.com/items/tf/gatsby-templates-tf/index.html]
[envytheme.com/items/tf/admin-site-templates/index.html]
[envytheme.com/items/tf/strapi-templates-tf/index.html]
[envytheme.com/items/et/free-plugins/index.html]
[envytheme.com/item/endless-addons-wordpress-plugin-for-elementor-website-builder/index.html]
[envytheme.com/item/envy-custom-post-widget-wordpress-plugin/index.html]
[envytheme.com/item/envydoc-wordpress-plugin-for-ultimate-online-documentation/index.html]
[envytheme.com/item/envychimp-wp-subscriber-plugin/index.html]
[envytheme.com/item/envypreloader-website-preloader-wordpress-plugin/index.html]
[envytheme.com/item/envypopup-all-in-one-popup-management-wordpress-plugin/index.html]
[envytheme.com/item/envynotifs-all-in-one-notification-management/index.html]
[envytheme.com/submit-your-service-order/index.html]
[envytheme.com/submit-your-service-order/indexb5fc.html]
[envytheme.com/submit-your-service-order/index7aab.html]
[envytheme.com/submit-your-service-order/index1a56.html]
[envytheme.com/submit-your-service-order/indexfb9e.html]
[envytheme.com/submit-your-service-order/index76b7.html]
[envytheme.com/submit-your-service-order/index4ffc.html]
[envytheme.com/submit-your-service-order/index6cbb.html]
[envytheme.com/submit-your-service-order/indexc3a9.html]
[envytheme.com/submit-your-service-order/index8896.html]
[envytheme.com/submit-your-service-order/index3b02.html]
[envytheme.com/offers/index.html]
[envytheme.com/cart/index.html]
[envytheme.com/my-account/index.html]
[envytheme.com/wp-content/themes/envytheme/assets/img/right-arrow.svg]
[envytheme.com/index9432.html]
[envytheme.com/indexc43d.html]
[envytheme.com/index087d.html]
[envytheme.com/indexab34.html]
[envytheme.com/index6ea3.html]
[envytheme.com/item/veter-digital-startup-agency-html-template/index.html]
[envytheme.com/indexa066.html]
[preview.envytheme.com/veter-html/index.html]
[envytheme.com/item/covid19-coronavirus-awareness-prevention-wordpress-theme/index.html]
[preview.envytheme.com/covid19-wp/index.html]
[envytheme.com/item/sekia-multi-niche-landing-page-wordpress-theme/index.html]
[preview.envytheme.com/sekia-wp/index.html]
[envytheme.com/item/lasy-coworking-office-space-rental-wordpress-theme/index.html]
[preview.envytheme.com/lasy-wp/index.html]
[envytheme.com/item/nethero-broadband-and-isp-wordpress-theme/index.html]
[preview.envytheme.com/nethero-wp/index.html]
[envytheme.com/item/emoi-woocommerce-theme/index.html]
[preview.envytheme.com/emoi-wp/index.html]
[envytheme.com/item/dokta-medical-wordpress-theme/index.html]
[preview.envytheme.com/dokta-wp/index.html]
[envytheme.com/item/linvia-charity-donations-fundraising-wordpress-theme/index.html]
[preview.envytheme.com/linvia-wp/index.html]
[envytheme.com/wp-content/themes/envytheme/assets/img/banner/best-selling.svg]
[envytheme.com/categories/index.html]
[envytheme.com/items/et/plugins/index.html]
[envytheme.com/items/et/index.html]
[envytheme.com/item/eevent-event-conference-wordpress-theme/index.html]
[preview.envytheme.com/eevent-wp/index.html]
[envytheme.com/item/dole-charity-and-fundraising-wordpress-theme/index.html]
[preview.envytheme.com/dole-wp/index.html]
[envytheme.com/item/enon-insurance-company-wordpress-theme/index.html]
[preview.envytheme.com/enon-wp/index.html]
[envytheme.com/item/starta-it-solutions-technology-services-wordpress-theme/index.html]
[preview.envytheme.com/starta-wp/index.html]
[envytheme.com/item/digxy-consulting-business-wordpress-theme/index.html]
[preview.envytheme.com/digxy-wp/index.html]
[envytheme.com/item/stasis-construction-company-html-template/index.html]
[envytheme.com/index180e.html]
[preview.envytheme.com/stasis-html/index.html]
[envytheme.com/item/cryptx-crypto-currency-startups-wordpress-theme/index.html]
[preview.envytheme.com/cryptx-wp/index.html]
[www.sitepoint.com/index.html]
[www.smashingmagazine.com/index.html]
[colorlib.com/index.html]
[themeforest.net/index.html]
[www.producthunt.com/index.html]
[dribbble.com/index.html]
[envytheme.com/items/tf/site-templates/index.html]
[envytheme.com/full-list-offers/index.html]
[envytheme.com/terms-conditions/index.html]
[envytheme.com/refund-policy/index.html]
[envytheme.com/privacy-policy/index.html]
[envytheme.com/delivery-policy/index.html]
[envytheme.com/copyright/index.html]
[envytheme.com/cdn-cgi/l/email-protection.html]
[embed.tawk.to/5dd65474d96992700fc880ea/default.js]
[www.facebook.com/tr3fab]
[envytheme.com/wp-content/plugins/elementor/assets/lib/animations/animations.min991d.css]
[www.google.com/maps/search/medical+center+in+London,+UK/@51.5118992,-0.0848015,15z/chrome-extension_/index.html]
[www.google.com/maps/search/medical+center+in+London,+UK/@51.5118992,-0.0848015,15z/GET.html]
[lh6.googleusercontent.com/-2qYwnyKpmhM/AAAAAAAAAAI/AAAAAAAAAAA/RS5GUZioUrU/s44-p-k-no-ns-nd/photo.html]
[lh6.googleusercontent.com/-BXL1UIwmMi4/AAAAAAAAAAI/AAAAAAAAAAA/gzOuepH4yZ4/s44-p-k-no-ns-nd/photo.html]
[lh5.googleusercontent.com/-ORJQfud018A/AAAAAAAAAAI/AAAAAAAAAAA/U6uQ9EL9hbE/s44-p-k-no-ns-nd/photo.html]
[lh3.googleusercontent.com/-BBNwmRoGmFc/AAAAAAAAAAI/AAAAAAAAAAA/xTfuK5ZuUyM/s44-p-k-no-ns-nd/photo.html]
[lh5.googleusercontent.com/-p4TGBux3p14/AAAAAAAAAAI/AAAAAAAAAAA/Jc1WLbKTM_w/s44-p-k-no-ns-nd/photo.html]
[www.google.com/maps/_/ss/k=maps.m.Qwt9OvQDeNg.L.X.O/m=sc2,per,mo,lp,ep,ti,ds,stx,pwd,dw,plm,log,b/am=BsgEBA/d=1/rs=ACT90oH8iHUqTBtcXHGUXMdyFGlC9aFWzw.css]
[gmpg.org/xfn/default.css]
[gmpg.org/xfn/.html]
[gmpg.org/xfn/intro.html]
[gmpg.org/xfn/faq.html]
[gmpg.org/xfn/thanks.html]
[abs.twimg.com/index.html]
[api.twitter.com/index.html]
[pbs.twimg.com/index.html]
[t.co/index.html]
[video.twimg.com/index.html]
[abs.twimg.com/responsive-web/client-web-legacy/icon-svg.168b89da.svg]
[abs.twimg.com/favicons/twitter.2.html]
[help.twitter.com/en/using-twitter/twitter-supported-browsers.html]
[twitter.com/en/tos.html]
[twitter.com/en/privacy.html]
[help.twitter.com/en/rules-and-policies/twitter-cookies.html]
[legal.twitter.com/de/imprint.html]
[business.twitter.com/en/help/troubleshooting/how-twitter-ads-work1252.html]
[abs.twimg.com/responsive-web/client-web-legacy/index.html]
[www.instagram.com/envytheme3s/indexfef7.html]
[www.instagram.com/envytheme3s/index7d7c.html]
[www.instagram.com/envytheme3s/indexa209.html]
[www.instagram.com/envytheme3s/index0016.html]
[www.instagram.com/envytheme3s/indexde3a.html]
[www.instagram.com/envytheme3s/index0b8e.html]
[www.instagram.com/envytheme3s/indexf854.html]
[www.instagram.com/envytheme3s/index9e29.html]
[www.instagram.com/envytheme3s/index232e.html]
[www.instagram.com/envytheme3s/index28b7.html]
[www.instagram.com/envytheme3s/index6dd3.html]
[www.instagram.com/envytheme3s/indexc581.html]
[www.instagram.com/envytheme3s/index539c.html]
[www.instagram.com/envytheme3s/indexecc8.html]
[www.instagram.com/envytheme3s/indexaaeb.html]
[www.instagram.com/envytheme3s/indexdc29.html]
[www.instagram.com/envytheme3s/index014b.html]
[www.instagram.com/envytheme3s/indexc91a.html]
[www.instagram.com/envytheme3s/index0cf2.html]
[www.instagram.com/envytheme3s/index7c40.html]
[www.instagram.com/envytheme3s/index4017.html]
[www.instagram.com/envytheme3s/index5a9d.html]
[www.instagram.com/envytheme3s/indexb2db.html]
[www.instagram.com/envytheme3s/index9201.html]
[www.instagram.com/envytheme3s/index1672.html]
[www.instagram.com/envytheme3s/index5083.html]
[www.instagram.com/envytheme3s/index7a92.html]
[www.instagram.com/envytheme3s/indexc13b.html]
[www.instagram.com/envytheme3s/index9e3e.html]
[www.instagram.com/envytheme3s/index9841.html]
[www.instagram.com/envytheme3s/indexd294.html]
[www.instagram.com/envytheme3s/index0f5d.html]
[www.instagram.com/envytheme3s/indexad0b.html]
[www.instagram.com/envytheme3s/index5303.html]
[www.instagram.com/envytheme3s/indexdb1e.html]
[www.instagram.com/envytheme3s/indexe9b2.html]
[www.instagram.com/envytheme3s/indexff11.html]
[www.instagram.com/envytheme3s/indexf857.html]
[www.instagram.com/envytheme3s/index882e.html]
[www.instagram.com/envytheme3s/index6c7f.html]
[www.instagram.com/envytheme3s/index241a.html]
[www.instagram.com/envytheme3s/index327f.html]
[www.instagram.com/envytheme3s/index3a7e.html]
[www.instagram.com/envytheme3s/index030f.html]
[www.instagram.com/envytheme3s/indexb058.html]
[www.instagram.com/envytheme3s/index9d29.html]
[www.instagram.com/envytheme3s/index0fe5.html]
[www.instagram.com/envytheme3s/index2a81.html]
[www.instagram.com/envytheme3s/indexc4e8.html]
[www.instagram.com/envytheme3s/index53ad.html]
[www.instagram.com/envytheme3s/index9d00.html]
[www.instagram.com/envytheme3s/indexf4a3.html]
[www.instagram.com/envytheme3s/indexfafd.html]
[www.instagram.com/envytheme3s/index514d.html]
[www.instagram.com/envytheme3s/android-app_/com.instagram.android/https/instagram.com/_u/envytheme3s/index.html]
[static.cdninstagram.com/rsrc.php/v3/yw/l/0,cross/h7VfoMDFtd8k1kGg1MGZJ4Xqh7xyVs7TQ1f8e.css]
[static.cdninstagram.com/rsrc.php/v3/y3/r/8juwNBRd-xK1f8e.js]
[static.cdninstagram.com/rsrc.php/v3ieEl4/yJ/l/en_US/py7kgxbofxBvnpbKe-PMwBigb_bet0RNdGBj5KRawRHEj6nf28hCDf6Eb2ruprzpXSM_muKlhIUL6Pnr-0BI7FnLLNw4I8SzSIhT-WuPlFSOooxzod0jfTR9guf8BIZFO5OfySAPlkpVvH7pxS66NaTFH9rZl6cJU5Z]
[static.cdninstagram.com/rsrc.php/v3idfH4/yy/l/en_US/1ycbyAN09BP1f8e.js]
[static.cdninstagram.com/rsrc.php/v3i2g14/yA/l/en_US/fQFIO8gZ9_935FE-8vCObtJIpBd0r80DGbpBDrhNZslZN7RZ_q94bgrEBstPUzNPXMk6lN67CEDzg-ZOVJdS-npKd1wWCaNpJw-UlI9iinjNmm4hpNBycjSGgsWotF4woMoptqCgny7qLDDWDY9yjkKRt96v3F2bZy7]
[static.cdninstagram.com/rsrc.php/v3/yy/r/gUfQQKBrOBn1f8e.js]
[www.instagram.com/envytheme3s/theaustralian.com.html]
[www.instagram.com/envytheme3s/news.com.html]
[www.instagram.com/envytheme3s/kollosche.com.html]
[www.instagram.com/envytheme3s/awstrack.html]
[www.instagram.com/envytheme3s/U.html]
[static.cdninstagram.com/rsrc.php/v3/yI/l/0,cross/yzmkmSYEsYw1f8e.css]
[envytheme.com/wp-content/plugins/envytheme-core/assets/fonts/fontawesome-webfont3e6e.svg]
[envytheme.com/wp-content/plugins/woocommerce/assets/fonts/star.svg]
[envytheme.com/wp-content/plugins/woocommerce/assets/fonts/WooCommerce.svg]
[envytheme.com/wp-content/plugins/woocommerce/assets/images/icons/loader.svg]
[envytheme.com/wp-content/plugins/woocommerce/assets/images/icons/credit-cards/visa.svg]
[envytheme.com/wp-content/plugins/woocommerce/assets/images/icons/credit-cards/mastercard.svg]
[envytheme.com/wp-content/plugins/woocommerce/assets/images/icons/credit-cards/laser.svg]
[envytheme.com/wp-content/plugins/woocommerce/assets/images/icons/credit-cards/diners.svg]
[envytheme.com/wp-content/plugins/woocommerce/assets/images/icons/credit-cards/maestro.svg]
[envytheme.com/wp-content/plugins/woocommerce/assets/images/icons/credit-cards/jcb.svg]
[envytheme.com/wp-content/plugins/woocommerce/assets/images/icons/credit-cards/amex.svg]
[envytheme.com/wp-content/plugins/woocommerce/assets/images/icons/credit-cards/discover.svg]
[envytheme.com/wp-content/themes/envytheme/assets/css/owl.video.play.html]
[envytheme.com/wp-content/themes/envytheme/assets/fonts/fa-brands-400.svg]
[envytheme.com/wp-content/themes/envytheme/assets/fonts/fa-regular-400.svg]
[envytheme.com/wp-content/themes/envytheme/assets/fonts/fa-solid-900.svg]
[envytheme.com/wp-content/themes/envytheme/assets/img/popular-items/1.html]
[envytheme.com/wp-content/themes/envytheme/assets/img/popular-items/2.html]
[envytheme.com/wp-content/themes/envytheme/assets/img/popular-items/3.html]
[envytheme.com/wp-content/themes/envytheme/assets/img/popular-items/4.html]
[envytheme.com/wp-content/themes/envytheme/assets/fonts/Flaticon.svg]
[envytheme.com/wp-content/themes/envytheme/assets/css/Flaticon.html]
[envytheme.com/wp-content/plugins/elementor/assets/lib/eicons/fonts/eiconsd6bb.svg]
[envytheme.com/wp-content/themes/envytheme/assets/css/bootstrap.mine0c0.css]
[envytheme.com/wp-content/themes/envytheme/assets/css/owl.carousel.mine0c0.css]
[envytheme.com/wp-content/themes/envytheme/assets/css/owl.theme.default.mine0c0.css]
[envytheme.com/wp-content/themes/envytheme/assets/css/all.mine0c0.css]
[envytheme.com/wp-content/themes/envytheme/assets/css/animate.mine0c0.css]
[envytheme.com/wp-content/themes/envytheme/assets/css/nice-selecte0c0.css]
[envytheme.com/wp-content/themes/envytheme/assets/css/maine0c0.css]
[envytheme.com/wp-content/themes/envytheme/assets/css/responsivee0c0.css]
[envytheme.com/wp-content/uploads/elementor/css/post-213e4cc.css]
[envytheme.com/indexf3dd.html]
[envytheme.com/wp-content/themes/envytheme/assets/css/bootstrap.minb8c7.css]
[envytheme.com/wp-content/themes/envytheme/assets/css/owl.carousel.minb8c7.css]
[envytheme.com/wp-content/themes/envytheme/assets/css/owl.theme.default.minb8c7.css]
[envytheme.com/wp-content/themes/envytheme/assets/css/all.minb8c7.css]
[envytheme.com/wp-content/themes/envytheme/assets/css/animate.minb8c7.css]
[envytheme.com/wp-content/themes/envytheme/assets/css/nice-selectb8c7.css]
[envytheme.com/wp-content/themes/envytheme/assets/css/mainb8c7.css]
[envytheme.com/wp-content/themes/envytheme/assets/css/responsiveb8c7.css]
[envytheme.com/index9c2b.html]
[envytheme.com/wp-content/themes/envytheme/assets/img/support-agent-icon.svg]
[envytheme.com/wp-content/themes/envytheme/assets/img/chat-bubble-icon.svg]
[envytheme.com/wp-content/themes/envytheme/assets/img/free-quote.svg]
[envytheme.com/wp-content/themes/envytheme/assets/img/email-icon.svg]
[envytheme.com/wp-content/themes/envytheme/assets/css/bootstrap.min2251.css]
[envytheme.com/wp-content/themes/envytheme/assets/css/owl.carousel.min2251.css]
[envytheme.com/wp-content/themes/envytheme/assets/css/owl.theme.default.min2251.css]
[envytheme.com/wp-content/themes/envytheme/assets/css/all.min2251.css]
[envytheme.com/wp-content/themes/envytheme/assets/css/animate.min2251.css]
[envytheme.com/wp-content/themes/envytheme/assets/css/nice-select2251.css]
[envytheme.com/wp-content/themes/envytheme/assets/css/main2251.css]
[envytheme.com/wp-content/themes/envytheme/assets/css/responsive2251.css]
[envytheme.com/index5791.html]
[envytheme.com/wp-content/themes/envytheme/assets/img/chat-bubble2.svg]
[envytheme.com/wp-content/themes/envytheme/assets/img/support-agent2.svg]
[www.facebook.com/EnvyTheme.html]
[ar-ar.facebook.com/EnvyTheme.html]
[bg-bg.facebook.com/EnvyTheme.html]
[bn-in.facebook.com/EnvyTheme.html]
[bs-ba.facebook.com/EnvyTheme.html]
[cs-cz.facebook.com/EnvyTheme.html]
[da-dk.facebook.com/EnvyTheme.html]
[de-de.facebook.com/EnvyTheme.html]
[el-gr.facebook.com/EnvyTheme.html]
[en-gb.facebook.com/EnvyTheme.html]
[es-la.facebook.com/EnvyTheme.html]
[es-es.facebook.com/EnvyTheme.html]
[et-ee.facebook.com/EnvyTheme.html]
[fa-ir.facebook.com/EnvyTheme.html]
[fi-fi.facebook.com/EnvyTheme.html]
[fr-fr.facebook.com/EnvyTheme.html]
[he-il.facebook.com/EnvyTheme.html]
[hi-in.facebook.com/EnvyTheme.html]
[hr-hr.facebook.com/EnvyTheme.html]
[hu-hu.facebook.com/EnvyTheme.html]
[id-id.facebook.com/EnvyTheme.html]
[it-it.facebook.com/EnvyTheme.html]
[ja-jp.facebook.com/EnvyTheme.html]
[ka-ge.facebook.com/EnvyTheme.html]
[km-kh.facebook.com/EnvyTheme.html]
[ko-kr.facebook.com/EnvyTheme.html]
[lt-lt.facebook.com/EnvyTheme.html]
[lv-lv.facebook.com/EnvyTheme.html]
[mk-mk.facebook.com/EnvyTheme.html]
[ml-in.facebook.com/EnvyTheme.html]
[ms-my.facebook.com/EnvyTheme.html]
[nb-no.facebook.com/EnvyTheme.html]
[ne-np.facebook.com/EnvyTheme.html]
[nl-nl.facebook.com/EnvyTheme.html]
[pa-in.facebook.com/EnvyTheme.html]
[pl-pl.facebook.com/EnvyTheme.html]
[pt-br.facebook.com/EnvyTheme.html]
[pt-pt.facebook.com/EnvyTheme.html]
[ro-ro.facebook.com/EnvyTheme.html]
[ru-ru.facebook.com/EnvyTheme.html]
[sk-sk.facebook.com/EnvyTheme.html]
[sl-si.facebook.com/EnvyTheme.html]
[sq-al.facebook.com/EnvyTheme.html]
[sr-rs.facebook.com/EnvyTheme.html]
[sv-se.facebook.com/EnvyTheme.html]
[sw-ke.facebook.com/EnvyTheme.html]
[ta-in.facebook.com/EnvyTheme.html]
[te-in.facebook.com/EnvyTheme.html]
[th-th.facebook.com/EnvyTheme.html]
[tl-ph.facebook.com/EnvyTheme.html]
[tr-tr.facebook.com/EnvyTheme.html]
[uk-ua.facebook.com/EnvyTheme.html]
[ur-pk.facebook.com/EnvyTheme.html]
[vi-vn.facebook.com/EnvyTheme.html]
[zh-cn.facebook.com/EnvyTheme.html]
[zh-hk.facebook.com/EnvyTheme.html]
[zh-tw.facebook.com/EnvyTheme.html]
[m.facebook.com/EnvyTheme.html]
[scontent.xx.fbcdn.net/index.html]
[video.xx.fbcdn.net/index.html]
[static.xx.fbcdn.net/rsrc.php/v3/yI/l/0,cross/18XlZJIlsVJ1f8e.css]
[static.xx.fbcdn.net/rsrc.php/v3/y3/r/8juwNBRd-xK1f8e.js]
[static.xx.fbcdn.net/rsrc.php/v3iMAW4/yh/l/en_GB/iPDFawdEr46Dz8jZoVno6YNUHjwaiqfdS4gtw4TK3Iv8Sw4bS9iEvEgLgvwffuKmeXq_mDCoM0nxhht96odHK_JCtA_6AUv53Cqrj3SeHISlQCJzcYFF1MRYUJPPXXedhKwZiFIPB9SNsUAyEYrYQv4QNI1tsu9ENOHh9S7]
[static.xx.fbcdn.net/rsrc.php/v3ifxX4/y6/l/en_GB/nqAuOtVWyJt1f8e.js]
[static.xx.fbcdn.net/rsrc.php/v3iYrJ4/yY/l/en_GB/gdNEo3kNjZH1f8e.js]
[static.xx.fbcdn.net/rsrc.php/v3ih2j4/yc/l/en_GB/yI3GZm0t4hN1f8e.js]
[static.xx.fbcdn.net/rsrc.php/v3/yE/r/QBzEjRpgRmJ1f8e.js]
[static.xx.fbcdn.net/rsrc.php/v3iR_74/yk/l/en_GB/MpV-0LdZIFXR44cTJ2hN_NQLSJUv0StkfLeqgI-W8V64-xUMnuS5h63Q0xCdc4RJKWTViUPK9r2iM8yKkvlaL8Gw1f8e.js]
[static.xx.fbcdn.net/rsrc.php/v3iJMY4/yv/l/en_GB/rr5QlrOp2Xy1f8e.js]
[static.xx.fbcdn.net/rsrc.php/v3/yA/r/1h4IMOBDN121f8e.js]
[www.facebook.com/EnvyTheme/theaustralian.com.html]
[www.facebook.com/EnvyTheme/news.com.html]
[www.facebook.com/EnvyTheme/kollosche.com.html]
[www.facebook.com/EnvyTheme/awstrack.html]
[www.facebook.com/EnvyTheme/pVuPe9.html]
[www.facebook.com/EnvyTheme/o305YZ.html]
[static.xx.fbcdn.net/rsrc.php/v3iMye4/yk/l/en_GB/nqAa_W4aiYeb7sCWfs48C6HDAbQJCPX1hc32eh9sOutoxzn7UuW3obzn6m0f8hfWkm48TahcMh6CILNFldJaqswXzb7tQnrnP1zQwnVZHN80uJylLurmBzhA41f8e.js]
[static.xx.fbcdn.net/rsrc.php/v3iERC4/y3/l/en_GB/llLuLHuJ-1y1f8e.js]
[twitter3e4tixl4xyajtrzo62zg5vztmjuricljdp2c5kshju4avyoid.onion/index.html]
