[dreamcraft.studio/index.html]
[backblue.gif]
[fade.gif]
[index.html]
[dreamcraft.studio/comments/feed/index.html]
[dreamcraft.studio/home/feed/index.html]
[dreamcraft.studio/feed/index.html]
[dreamcraft.studio/wp-includes/js/jquery/jquery4a5f.js]
[dreamcraft.studio/wp-includes/js/jquery/jquery-migrate.min330a.js]
[dreamcraft.studio/wp-content/plugins/masterslider/includes/modules/elementor/assets/js/elementor-widgets6b10.js]
[dreamcraft.studio/wp-json/index.html]
[dreamcraft.studio/xmlrpc0db0.php]
[dreamcraft.studio/wp-json/oembed/1.0/embed84f0.json]
[dreamcraft.studio/wp-json/oembed/1.0/embed2990]
[collectcdn.com/launcher.js]
[dreamcraft.studio/wp-content/uploads/2020/07/cropped-DreamCraftStudio-Fevicon-32x32.png]
[dreamcraft.studio/wp-content/uploads/2020/07/cropped-DreamCraftStudio-Fevicon-192x192.png]
[dreamcraft.studio/wp-content/uploads/2020/07/cropped-DreamCraftStudio-Fevicon-180x180.png]
[dreamcraft.studio/wp-content/uploads/2020/06/Dream-Craft-Studio-Logo.png]
[dreamcraft.studio/wp-content/plugins/masterslider/public/assets/css/blank.gif]
[dreamcraft.studio/wp-content/uploads/2020/07/1.png]
[dreamcraft.studio/wp-content/uploads/2020/07/2.png]
[dreamcraft.studio/wp-content/uploads/2020/07/3.png]
[dreamcraft.studio/wp-content/uploads/elementor/thumbs/4-os6jqm2jynqsp5reb2kroacgp0etvq428fbds99pkg.png]
[dreamcraft.studio/architecture-project/index.html]
[dreamcraft.studio/services-we-offer/index.html]
[dreamcraft.studio/our-projects/index.html]
[dreamcraft.studio/wp-content/uploads/elementor/thumbs/5-os6jqvgxv03nx9dqs6n1d7z2mv4i0p5dlpu8l0vru8.png]
[dreamcraft.studio/wp-content/uploads/elementor/thumbs/6-os6jr4vbrcgj5d039apb25lokpu65o6oz0d3dshu40.png]
[dreamcraft.studio/wp-content/uploads/2020/07/Home-pic-3-1024x660.jpg]
[dreamcraft.studio/our-creative-studio/index.html]
[dreamcraft.studio/wp-content/uploads/2020/07/Banglow-Pic-1024x660.jpg]
[dreamcraft.studio/contact-us/index.html]
[dreamcraft.studio/wp-content/uploads/2020/07/Home-pic-5-1024x660.jpg]
[dreamcraft.studio/wp-content/uploads/2020/07/Restaurent-Pic-1024x660.jpg]
[dreamcraft.studio/wp-content/uploads/2020/07/Boutique-Pic-1024x660.jpg]
[dreamcraft.studio/_data_image/svg+xml,_svg xmlns='http_/www.w3.org/2000/svg' preserveAspectRatio='none' overflow='visib/__/svg__.33.delayed]
[dreamcraft.studio/wp-includes/js/imagesloaded.min55a0.js]
[dreamcraft.studio/wp-content/themes/oceanwp/assets/js/third/magnific-popup.min4511.js]
[dreamcraft.studio/wp-content/themes/oceanwp/assets/js/third/lightbox.min4511.js]
[dreamcraft.studio/wp-content/themes/oceanwp/assets/js/main.min4511.js]
[dreamcraft.studio/wp-includes/js/wp-embed.minc4ec.js]
[dreamcraft.studio/wp-content/plugins/elementor-pro/assets/lib/smartmenus/jquery.smartmenus.minf269.js]
[dreamcraft.studio/wp-content/plugins/masterslider/public/assets/js/jquery.easing.min6b10.js]
[dreamcraft.studio/wp-content/plugins/masterslider/public/assets/js/masterslider.min6b10.js]
[dreamcraft.studio/wp-content/plugins/elementor/assets/js/frontend-modules.mincaa5.js]
[dreamcraft.studio/wp-content/plugins/elementor-pro/assets/lib/sticky/jquery.sticky.minb2da.js]
[dreamcraft.studio/wp-content/plugins/elementor-pro/assets/js/frontend.minb2da.js]
[dreamcraft.studio/wp-includes/js/jquery/ui/position.mine899.js]
[dreamcraft.studio/wp-content/plugins/elementor/assets/lib/dialog/dialog.minae9e.js]
[dreamcraft.studio/wp-content/plugins/elementor/assets/lib/waypoints/waypoints.min05da.js]
[dreamcraft.studio/wp-content/plugins/elementor/assets/lib/swiper/swiper.min48f5.js]
[dreamcraft.studio/wp-content/plugins/elementor/assets/lib/share-link/share-link.mincaa5.js]
[dreamcraft.studio/wp-content/plugins/elementor/assets/js/frontend.mincaa5.js]
[dreamcraft.studio/index.html]
[dreamcraft.studio/xmlrpc.php]
[dreamcraft.studio/wp-includes/css/dist/block-library/style.minc4ec.css]
[dreamcraft.studio/wp-includes/css/dist/block-library/theme.minc4ec.css]
[dreamcraft.studio/wp-content/plugins/header-footer-elementor/assets/css/header-footer-elementor0322.css]
[dreamcraft.studio/wp-content/plugins/elementor/assets/lib/eicons/fonts/eiconsf884.eot]
[dreamcraft.studio/wp-content/plugins/elementor/assets/lib/eicons/fonts/eiconsf884.woff2]
[dreamcraft.studio/wp-content/plugins/elementor/assets/lib/eicons/fonts/eiconsf884.woff]
[dreamcraft.studio/wp-content/plugins/elementor/assets/lib/eicons/fonts/eiconsf884.ttf]
[dreamcraft.studio/wp-content/plugins/elementor/assets/lib/eicons/css/elementor-icons.min87e8.css]
[dreamcraft.studio/wp-content/plugins/elementor/assets/lib/animations/animations.mincaa5.css]
[dreamcraft.studio/wp-content/plugins/elementor/assets/css/frontend.mincaa5.css]
[dreamcraft.studio/wp-content/plugins/elementor-pro/assets/css/frontend.minb2da.css]
[dreamcraft.studio/wp-content/uploads/elementor/css/global499d.css]
[dreamcraft.studio/wp-content/uploads/elementor/css/post-7e8eb.css]
[dreamcraft.studio/wp-content/uploads/elementor/css/post-178ad8.css]
[dreamcraft.studio/wp-content/plugins/header-footer-elementor/inc/widgets-css/frontend0322.css]
[dreamcraft.studio/wp-content/uploads/elementor/css/post-258b87.css]
[dreamcraft.studio/wp-content/uploads/elementor/css/post-49e8eb.css]
[dreamcraft.studio/wp-content/uploads/elementor/css/post-41e8eb.css]
[dreamcraft.studio/wp-content/themes/oceanwp/assets/fonts/fontawesome/webfonts/fa-brands-400.eot]
[dreamcraft.studio/wp-content/themes/oceanwp/assets/fonts/fontawesome/webfonts/fa-brands-400d41d.eot]
[dreamcraft.studio/wp-content/themes/oceanwp/assets/fonts/fontawesome/webfonts/fa-brands-400.woff2]
[dreamcraft.studio/wp-content/themes/oceanwp/assets/fonts/fontawesome/webfonts/fa-brands-400.woff]
[dreamcraft.studio/wp-content/themes/oceanwp/assets/fonts/fontawesome/webfonts/fa-brands-400.ttf]
[dreamcraft.studio/wp-content/themes/oceanwp/assets/fonts/fontawesome/webfonts/fa-regular-400.eot]
[dreamcraft.studio/wp-content/themes/oceanwp/assets/fonts/fontawesome/webfonts/fa-regular-400d41d.eot]
[dreamcraft.studio/wp-content/themes/oceanwp/assets/fonts/fontawesome/webfonts/fa-regular-400.woff2]
[dreamcraft.studio/wp-content/themes/oceanwp/assets/fonts/fontawesome/webfonts/fa-regular-400.woff]
[dreamcraft.studio/wp-content/themes/oceanwp/assets/fonts/fontawesome/webfonts/fa-regular-400.ttf]
[dreamcraft.studio/wp-content/themes/oceanwp/assets/fonts/fontawesome/webfonts/fa-solid-900.eot]
[dreamcraft.studio/wp-content/themes/oceanwp/assets/fonts/fontawesome/webfonts/fa-solid-900d41d.eot]
[dreamcraft.studio/wp-content/themes/oceanwp/assets/fonts/fontawesome/webfonts/fa-solid-900.woff2]
[dreamcraft.studio/wp-content/themes/oceanwp/assets/fonts/fontawesome/webfonts/fa-solid-900.woff]
[dreamcraft.studio/wp-content/themes/oceanwp/assets/fonts/fontawesome/webfonts/fa-solid-900.ttf]
[dreamcraft.studio/wp-content/themes/oceanwp/assets/fonts/fontawesome/css/all.minaec5.css]
[dreamcraft.studio/wp-content/themes/oceanwp/assets/fonts/simple-line-icons/Simple-Line-Iconsb26c.eot]
[dreamcraft.studio/wp-content/themes/oceanwp/assets/fonts/simple-line-icons/Simple-Line-Iconsb26c.woff2]
[dreamcraft.studio/wp-content/themes/oceanwp/assets/fonts/simple-line-icons/Simple-Line-Iconsb26c.ttf]
[dreamcraft.studio/wp-content/themes/oceanwp/assets/fonts/simple-line-icons/Simple-Line-Iconsb26c.woff]
[dreamcraft.studio/wp-content/themes/oceanwp/assets/css/third/simple-line-icons.min8d5a.css]
[dreamcraft.studio/wp-content/themes/oceanwp/assets/css/third/magnific-popup.min8a54.css]
[dreamcraft.studio/wp-content/themes/oceanwp/assets/fonts/slick/slick.eot]
[dreamcraft.studio/wp-content/themes/oceanwp/assets/fonts/slick/slickd41d.eot]
[dreamcraft.studio/wp-content/themes/oceanwp/assets/fonts/slick/slick.woff]
[dreamcraft.studio/wp-content/themes/oceanwp/assets/fonts/slick/slick.ttf]
[dreamcraft.studio/wp-content/themes/oceanwp/assets/css/third/slick.minaff7.css]
[dreamcraft.studio/wp-content/themes/oceanwp/assets/css/style.min4511.css]
[dreamcraft.studio/wp-content/plugins/masterslider/public/assets/css/common/loading-2.gif]
[dreamcraft.studio/wp-content/plugins/masterslider/public/assets/css/common/grab.png]
[dreamcraft.studio/wp-content/plugins/masterslider/public/assets/css/common/grabbing.png]
[dreamcraft.studio/wp-content/plugins/masterslider/public/assets/css/common/video-close-btn.png]
[dreamcraft.studio/wp-content/plugins/masterslider/public/assets/css/skins/light-skin-1.png]
[dreamcraft.studio/wp-content/plugins/masterslider/public/assets/css/skins/light-skin-1-retina.png]
[dreamcraft.studio/wp-content/plugins/masterslider/public/assets/css/skins/black-skin-1.png]
[dreamcraft.studio/wp-content/plugins/masterslider/public/assets/css/skins/black-skin-1-retina.png]
[dreamcraft.studio/wp-content/plugins/masterslider/public/assets/css/skins/black-skin-2.png]
[dreamcraft.studio/wp-content/plugins/masterslider/public/assets/css/skins/black-skin-2-retina.png]
[dreamcraft.studio/wp-content/plugins/masterslider/public/assets/css/skins/light-skin-2.png]
[dreamcraft.studio/wp-content/plugins/masterslider/public/assets/css/skins/light-skin-2-retina.png]
[dreamcraft.studio/wp-content/plugins/masterslider/public/assets/css/skins/light-skin-3.png]
[dreamcraft.studio/wp-content/plugins/masterslider/public/assets/css/skins/light-skin-3-retina.png]
[dreamcraft.studio/wp-content/plugins/masterslider/public/assets/css/skins/light-skin-4.png]
[dreamcraft.studio/wp-content/plugins/masterslider/public/assets/css/skins/light-skin-4-retina.png]
[dreamcraft.studio/wp-content/plugins/masterslider/public/assets/css/skins/light-skin-5.png]
[dreamcraft.studio/wp-content/plugins/masterslider/public/assets/css/skins/light-skin-5-retina.png]
[dreamcraft.studio/wp-content/plugins/masterslider/public/assets/css/skins/light-skin-6.png]
[dreamcraft.studio/wp-content/plugins/masterslider/public/assets/css/skins/light-skin-6-retina.png]
[dreamcraft.studio/wp-content/plugins/masterslider/public/assets/css/skins/metro-skin.png]
[dreamcraft.studio/wp-content/plugins/masterslider/public/assets/css/skins/metro-skin-retina.png]
[dreamcraft.studio/wp-content/plugins/masterslider/public/assets/css/skins/contrast-skin.png]
[dreamcraft.studio/wp-content/plugins/masterslider/public/assets/css/skins/contrast-skin-retina.png]
[dreamcraft.studio/wp-content/plugins/masterslider/public/assets/css/templates/device-skin.png]
[dreamcraft.studio/wp-content/plugins/masterslider/public/assets/css/templates/gallery-btns.png]
[dreamcraft.studio/wp-content/plugins/masterslider/public/assets/css/templates/staff-arrows.png]
[dreamcraft.studio/wp-content/plugins/masterslider/public/assets/css/templates/vertical-arrows.png]
[dreamcraft.studio/wp-content/plugins/masterslider/public/assets/css/masterslider.main6b10.css]
[dreamcraft.studio/wp-content/uploads/masterslider/custom9d52.css]
[dreamcraft.studio/wp-content/plugins/ocean-extra/assets/img/instagram-logo.png]
[dreamcraft.studio/wp-content/plugins/ocean-extra/assets/img/flickr.png]
[dreamcraft.studio/wp-content/plugins/ocean-extra/assets/css/widgetsc4ec.css]
[dreamcraft.studio/wp-content/plugins/elementor/assets/lib/font-awesome/css/fontawesome.minb683.css]
[dreamcraft.studio/wp-content/plugins/elementor/assets/lib/font-awesome/webfonts/fa-brands-400.eot]
[dreamcraft.studio/wp-content/plugins/elementor/assets/lib/font-awesome/webfonts/fa-brands-400d41d.eot]
[dreamcraft.studio/wp-content/plugins/elementor/assets/lib/font-awesome/webfonts/fa-brands-400.woff2]
[dreamcraft.studio/wp-content/plugins/elementor/assets/lib/font-awesome/webfonts/fa-brands-400.woff]
[dreamcraft.studio/wp-content/plugins/elementor/assets/lib/font-awesome/webfonts/fa-brands-400.ttf]
[dreamcraft.studio/wp-content/plugins/elementor/assets/lib/font-awesome/css/brands.minb683.css]
[dreamcraft.studio/wp-includes/wlwmanifest.html]
[dreamcraft.studio/wp-content/plugins/masterslider/public/assets/css/common/grabbing.html]
[dreamcraft.studio/wp-content/plugins/masterslider/public/assets/css/common/grab.html]
[dreamcraft.studio/wp-json/oembed/1.0/embed700b.json]
[dreamcraft.studio/wp-json/oembed/1.0/embede952]
[dreamcraft.studio/wp-content/uploads/2020/07/1-1.png]
[dreamcraft.studio/wp-content/uploads/2020/07/2-1.png]
[dreamcraft.studio/wp-content/uploads/2020/07/3-1.png]
[dreamcraft.studio/wp-content/uploads/2020/07/4a.png]
[dreamcraft.studio/wp-content/uploads/2020/07/8a.png]
[dreamcraft.studio/wp-content/uploads/2020/07/5a.png]
[dreamcraft.studio/wp-content/uploads/2020/07/6a.png]
[dreamcraft.studio/wp-content/uploads/2020/07/7a.png]
[dreamcraft.studio/wp-content/uploads/2020/07/Office-Space.png]
[dreamcraft.studio/wp-content/uploads/2020/07/5bhk.png]
[dreamcraft.studio/services-we-offer/_data_image/svg+xml,_svg xmlns='http_/www.w3.org/2000/svg' preserveAspectRatio='none' overflow='visib/__/svg__.98.delayed]
[dreamcraft.studio/services-we-offer/index.html]
[dreamcraft.studio/our-projects/feed/index.html]
[dreamcraft.studio/wp-json/oembed/1.0/embeda744.json]
[dreamcraft.studio/wp-json/oembed/1.0/embedd214]
[dreamcraft.studio/wp-content/uploads/2020/07/a1.jpg]
[dreamcraft.studio/wp-content/uploads/2020/07/a2.jpg]
[dreamcraft.studio/wp-content/uploads/2020/07/a3.jpg]
[dreamcraft.studio/wp-content/uploads/2020/07/a4.jpg]
[dreamcraft.studio/wp-content/uploads/2020/07/a5.jpg]
[dreamcraft.studio/wp-content/uploads/2020/07/Client-Pic-300x300.png]
[dreamcraft.studio/wp-content/uploads/2020/07/b1.jpg]
[dreamcraft.studio/wp-content/uploads/2020/07/b2.jpg]
[dreamcraft.studio/wp-content/uploads/2020/07/b3.jpg]
[dreamcraft.studio/wp-content/uploads/2020/07/b4.jpg]
[dreamcraft.studio/wp-content/uploads/2020/07/b5.jpg]
[dreamcraft.studio/wp-content/uploads/2020/07/c1.jpg]
[dreamcraft.studio/wp-content/uploads/2020/07/c2.jpg]
[dreamcraft.studio/wp-content/uploads/2020/07/c3.jpg]
[dreamcraft.studio/wp-content/uploads/2020/07/c4.jpg]
[dreamcraft.studio/wp-content/uploads/2020/07/c5.jpg]
[dreamcraft.studio/wp-content/uploads/2020/07/d1.jpg]
[dreamcraft.studio/wp-content/uploads/2020/07/d2.jpg]
[dreamcraft.studio/wp-content/uploads/2020/07/d3.jpg]
[dreamcraft.studio/wp-content/uploads/2020/07/d4.jpg]
[dreamcraft.studio/wp-content/uploads/2020/07/d5.jpg]
[dreamcraft.studio/wp-content/uploads/2020/07/e1.jpg]
[dreamcraft.studio/wp-content/uploads/2020/07/e2.jpg]
[dreamcraft.studio/wp-content/uploads/2020/07/e3.jpg]
[dreamcraft.studio/wp-content/uploads/2020/07/e4.jpg]
[dreamcraft.studio/wp-content/uploads/2020/07/e5.jpg]
[dreamcraft.studio/wp-content/uploads/2020/07/Bhargav-Desai-300x300.png]
[dreamcraft.studio/wp-content/uploads/2020/07/f1.jpg]
[dreamcraft.studio/wp-content/uploads/2020/07/f2.jpg]
[dreamcraft.studio/wp-content/uploads/2020/07/f3.jpg]
[dreamcraft.studio/wp-content/uploads/2020/07/f4.jpg]
[dreamcraft.studio/wp-content/uploads/2020/07/f5.jpg]
[dreamcraft.studio/our-projects/_data_image/svg+xml,_svg xmlns='http_/www.w3.org/2000/svg' preserveAspectRatio='none' overflow='visib/__/svg__.bd.delayed]
[dreamcraft.studio/wp-content/uploads/2020/07/1-1.jpg]
[dreamcraft.studio/wp-content/uploads/2020/07/1-1-300x200.jpg]
[dreamcraft.studio/wp-content/uploads/2020/07/1-2.jpg]
[dreamcraft.studio/wp-content/uploads/2020/07/1-2-300x200.jpg]
[dreamcraft.studio/wp-content/uploads/2020/07/1-3.jpg]
[dreamcraft.studio/wp-content/uploads/2020/07/1-3-300x200.jpg]
[dreamcraft.studio/wp-content/uploads/2020/07/1-4.jpg]
[dreamcraft.studio/wp-content/uploads/2020/07/1-4-300x200.jpg]
[dreamcraft.studio/wp-content/uploads/2020/07/1-5.jpg]
[dreamcraft.studio/wp-content/uploads/2020/07/1-5-300x200.jpg]
[dreamcraft.studio/wp-content/uploads/2020/07/1-6.jpg]
[dreamcraft.studio/wp-content/uploads/2020/07/1-6-300x200.jpg]
[dreamcraft.studio/wp-content/uploads/2020/07/1-7.jpg]
[dreamcraft.studio/wp-content/uploads/2020/07/1-7-300x200.jpg]
[dreamcraft.studio/wp-content/uploads/2020/07/1-8.jpg]
[dreamcraft.studio/wp-content/uploads/2020/07/1-8-300x200.jpg]
[dreamcraft.studio/wp-content/uploads/2020/07/1-9.jpg]
[dreamcraft.studio/wp-content/uploads/2020/07/1-9-300x200.jpg]
[dreamcraft.studio/wp-content/uploads/2020/07/1-10.jpg]
[dreamcraft.studio/wp-content/uploads/2020/07/1-10-300x200.jpg]
[dreamcraft.studio/wp-content/uploads/2020/07/1-11.jpg]
[dreamcraft.studio/wp-content/uploads/2020/07/1-11-300x200.jpg]
[dreamcraft.studio/wp-content/uploads/2020/07/1-12.jpg]
[dreamcraft.studio/wp-content/uploads/2020/07/1-12-200x300.jpg]
[dreamcraft.studio/wp-content/uploads/2020/07/1-13.jpg]
[dreamcraft.studio/wp-content/uploads/2020/07/1-13-300x200.jpg]
[dreamcraft.studio/wp-content/uploads/2020/07/1-14.jpg]
[dreamcraft.studio/wp-content/uploads/2020/07/1-14-300x200.jpg]
[dreamcraft.studio/wp-content/uploads/2020/07/1-15.jpg]
[dreamcraft.studio/wp-content/uploads/2020/07/1-15-300x200.jpg]
[dreamcraft.studio/wp-content/uploads/2020/07/1-16.jpg]
[dreamcraft.studio/wp-content/uploads/2020/07/1-16-300x200.jpg]
[dreamcraft.studio/wp-content/uploads/2020/07/1-17.jpg]
[dreamcraft.studio/wp-content/uploads/2020/07/1-17-300x200.jpg]
[dreamcraft.studio/wp-content/uploads/2020/07/1-18.jpg]
[dreamcraft.studio/wp-content/uploads/2020/07/1-18-300x169.jpg]
[dreamcraft.studio/wp-content/uploads/2020/07/1-19.jpg]
[dreamcraft.studio/wp-content/uploads/2020/07/1-19-300x200.jpg]
[dreamcraft.studio/wp-content/uploads/2020/07/1-20.jpg]
[dreamcraft.studio/wp-content/uploads/2020/07/1-20-300x200.jpg]
[dreamcraft.studio/wp-content/uploads/2020/07/1-21.jpg]
[dreamcraft.studio/wp-content/uploads/2020/07/1-21-300x200.jpg]
[dreamcraft.studio/wp-content/uploads/2020/07/1-22.jpg]
[dreamcraft.studio/wp-content/uploads/2020/07/1-22-200x300.jpg]
[dreamcraft.studio/wp-content/uploads/2020/07/1-23.jpg]
[dreamcraft.studio/wp-content/uploads/2020/07/1-23-200x300.jpg]
[dreamcraft.studio/wp-content/uploads/2020/07/1-24.jpg]
[dreamcraft.studio/wp-content/uploads/2020/07/1-24-200x300.jpg]
[dreamcraft.studio/wp-content/uploads/2020/07/1-25.jpg]
[dreamcraft.studio/wp-content/uploads/2020/07/1-25-200x300.jpg]
[dreamcraft.studio/wp-content/uploads/2020/07/1-26.jpg]
[dreamcraft.studio/wp-content/uploads/2020/07/1-26-300x200.jpg]
[dreamcraft.studio/wp-content/uploads/2020/07/1-27.jpg]
[dreamcraft.studio/wp-content/uploads/2020/07/1-27-225x300.jpg]
[dreamcraft.studio/wp-content/uploads/2020/07/1-28.jpg]
[dreamcraft.studio/wp-content/uploads/2020/07/1-28-225x300.jpg]
[dreamcraft.studio/wp-content/uploads/2020/07/1-29.jpg]
[dreamcraft.studio/wp-content/uploads/2020/07/1-29-300x200.jpg]
[dreamcraft.studio/wp-content/uploads/2020/07/1-30.jpg]
[dreamcraft.studio/wp-content/uploads/2020/07/1-30-300x200.jpg]
[dreamcraft.studio/wp-content/uploads/2020/07/1-31.jpg]
[dreamcraft.studio/wp-content/uploads/2020/07/1-31-300x200.jpg]
[dreamcraft.studio/wp-content/uploads/2020/07/1-32.jpg]
[dreamcraft.studio/wp-content/uploads/2020/07/1-32-300x200.jpg]
[dreamcraft.studio/wp-content/uploads/2020/07/1-33.jpg]
[dreamcraft.studio/wp-content/uploads/2020/07/1-33-300x200.jpg]
[dreamcraft.studio/wp-content/uploads/2020/07/1-34.jpg]
[dreamcraft.studio/wp-content/uploads/2020/07/1-34-200x300.jpg]
[dreamcraft.studio/wp-content/uploads/2020/07/1-35.jpg]
[dreamcraft.studio/wp-content/uploads/2020/07/1-35-200x300.jpg]
[dreamcraft.studio/wp-content/uploads/2020/07/1-36.jpg]
[dreamcraft.studio/wp-content/uploads/2020/07/1-36-200x300.jpg]
[dreamcraft.studio/wp-content/uploads/2020/07/1-37.jpg]
[dreamcraft.studio/wp-content/uploads/2020/07/1-37-200x300.jpg]
[dreamcraft.studio/wp-content/uploads/2020/07/1-38.jpg]
[dreamcraft.studio/wp-content/uploads/2020/07/1-38-200x300.jpg]
[dreamcraft.studio/wp-content/uploads/2020/07/1-39.jpg]
[dreamcraft.studio/wp-content/uploads/2020/07/1-39-200x300.jpg]
[dreamcraft.studio/wp-content/uploads/2020/07/1-40.jpg]
[dreamcraft.studio/wp-content/uploads/2020/07/1-40-300x200.jpg]
[dreamcraft.studio/wp-content/uploads/2020/07/1-41.jpg]
[dreamcraft.studio/wp-content/uploads/2020/07/1-41-300x200.jpg]
[dreamcraft.studio/wp-content/uploads/2020/07/1-42.jpg]
[dreamcraft.studio/wp-content/uploads/2020/07/1-42-300x200.jpg]
[dreamcraft.studio/wp-content/uploads/2020/07/1-43.jpg]
[dreamcraft.studio/wp-content/uploads/2020/07/1-43-300x200.jpg]
[dreamcraft.studio/wp-content/uploads/2020/07/1-44.jpg]
[dreamcraft.studio/wp-content/uploads/2020/07/1-44-300x169.jpg]
[dreamcraft.studio/wp-content/uploads/2020/07/1-45.jpg]
[dreamcraft.studio/wp-content/uploads/2020/07/1-45-300x169.jpg]
[dreamcraft.studio/wp-content/uploads/2020/07/1-46.jpg]
[dreamcraft.studio/wp-content/uploads/2020/07/1-46-300x200.jpg]
[dreamcraft.studio/wp-content/uploads/2020/07/1-47.jpg]
[dreamcraft.studio/wp-content/uploads/2020/07/1-47-200x300.jpg]
[dreamcraft.studio/wp-content/uploads/2020/07/1-48.jpg]
[dreamcraft.studio/wp-content/uploads/2020/07/1-48-200x300.jpg]
[dreamcraft.studio/wp-content/uploads/2020/07/1-49.jpg]
[dreamcraft.studio/wp-content/uploads/2020/07/1-49-225x300.jpg]
[dreamcraft.studio/wp-content/uploads/2020/07/1-50.jpg]
[dreamcraft.studio/wp-content/uploads/2020/07/1-50-225x300.jpg]
[dreamcraft.studio/wp-content/uploads/2020/07/1-51.jpg]
[dreamcraft.studio/wp-content/uploads/2020/07/1-51-225x300.jpg]
[dreamcraft.studio/wp-content/uploads/2020/07/1-52.jpg]
[dreamcraft.studio/wp-content/uploads/2020/07/1-52-225x300.jpg]
[dreamcraft.studio/wp-content/uploads/2020/07/1-53.jpg]
[dreamcraft.studio/wp-content/uploads/2020/07/1-53-300x200.jpg]
[dreamcraft.studio/wp-content/uploads/2020/07/1-54.jpg]
[dreamcraft.studio/wp-content/uploads/2020/07/1-54-300x200.jpg]
[dreamcraft.studio/wp-content/uploads/2020/07/1-55.jpg]
[dreamcraft.studio/wp-content/uploads/2020/07/1-55-300x200.jpg]
[dreamcraft.studio/wp-content/uploads/2020/07/1-56.jpg]
[dreamcraft.studio/wp-content/uploads/2020/07/1-56-300x200.jpg]
[dreamcraft.studio/wp-content/uploads/2020/07/1-57.jpg]
[dreamcraft.studio/wp-content/uploads/2020/07/1-57-300x200.jpg]
[dreamcraft.studio/wp-content/uploads/2020/07/1-58.jpg]
[dreamcraft.studio/wp-content/uploads/2020/07/1-58-225x300.jpg]
[dreamcraft.studio/wp-content/uploads/2020/07/1-59.jpg]
[dreamcraft.studio/wp-content/uploads/2020/07/1-59-300x200.jpg]
[dreamcraft.studio/wp-content/uploads/2020/07/1-60.jpg]
[dreamcraft.studio/wp-content/uploads/2020/07/1-60-300x200.jpg]
[dreamcraft.studio/wp-content/uploads/2020/07/1-1-150x150.jpg]
[dreamcraft.studio/wp-content/uploads/2020/07/1-2-150x150.jpg]
[dreamcraft.studio/wp-content/uploads/2020/07/1-3-150x150.jpg]
[dreamcraft.studio/wp-content/uploads/2020/07/1-4-150x150.jpg]
[dreamcraft.studio/wp-content/uploads/2020/07/1-5-150x150.jpg]
[dreamcraft.studio/wp-content/uploads/2020/07/1-6-150x150.jpg]
[dreamcraft.studio/wp-content/uploads/2020/07/1-7-150x150.jpg]
[dreamcraft.studio/wp-content/uploads/2020/07/1-8-150x150.jpg]
[dreamcraft.studio/wp-content/uploads/2020/07/1-9-150x150.jpg]
[dreamcraft.studio/wp-content/uploads/2020/07/1-10-150x150.jpg]
[dreamcraft.studio/wp-content/uploads/2020/07/1-11-150x150.jpg]
[dreamcraft.studio/wp-content/uploads/2020/07/1-12-150x150.jpg]
[dreamcraft.studio/wp-content/uploads/2020/07/1-13-150x150.jpg]
[dreamcraft.studio/wp-content/uploads/2020/07/1-14-150x150.jpg]
[dreamcraft.studio/wp-content/uploads/2020/07/1-15-150x150.jpg]
[dreamcraft.studio/wp-content/uploads/2020/07/1-16-150x150.jpg]
[dreamcraft.studio/wp-content/uploads/2020/07/1-17-150x150.jpg]
[dreamcraft.studio/wp-content/uploads/2020/07/1-18-150x150.jpg]
[dreamcraft.studio/wp-content/uploads/2020/07/1-19-150x150.jpg]
[dreamcraft.studio/wp-content/uploads/2020/07/1-20-150x150.jpg]
[dreamcraft.studio/wp-content/uploads/2020/07/1-21-150x150.jpg]
[dreamcraft.studio/wp-content/uploads/2020/07/1-22-150x150.jpg]
[dreamcraft.studio/wp-content/uploads/2020/07/1-23-150x150.jpg]
[dreamcraft.studio/wp-content/uploads/2020/07/1-24-150x150.jpg]
[dreamcraft.studio/wp-content/uploads/2020/07/1-25-150x150.jpg]
[dreamcraft.studio/wp-content/uploads/2020/07/1-26-150x150.jpg]
[dreamcraft.studio/wp-content/uploads/2020/07/1-27-150x150.jpg]
[dreamcraft.studio/wp-content/uploads/2020/07/1-28-150x150.jpg]
[dreamcraft.studio/wp-content/uploads/2020/07/1-29-150x150.jpg]
[dreamcraft.studio/wp-content/uploads/2020/07/1-30-150x150.jpg]
[dreamcraft.studio/wp-content/uploads/2020/07/1-31-150x150.jpg]
[dreamcraft.studio/wp-content/uploads/2020/07/1-32-150x150.jpg]
[dreamcraft.studio/wp-content/uploads/2020/07/1-33-150x150.jpg]
[dreamcraft.studio/wp-content/uploads/2020/07/1-34-150x150.jpg]
[dreamcraft.studio/wp-content/uploads/2020/07/1-35-150x150.jpg]
[dreamcraft.studio/wp-content/uploads/2020/07/1-36-150x150.jpg]
[dreamcraft.studio/wp-content/uploads/2020/07/1-37-150x150.jpg]
[dreamcraft.studio/wp-content/uploads/2020/07/1-38-150x150.jpg]
[dreamcraft.studio/wp-content/uploads/2020/07/1-39-150x150.jpg]
[dreamcraft.studio/wp-content/uploads/2020/07/1-40-150x150.jpg]
[dreamcraft.studio/wp-content/uploads/2020/07/1-41-150x150.jpg]
[dreamcraft.studio/wp-content/uploads/2020/07/1-42-150x150.jpg]
[dreamcraft.studio/wp-content/uploads/2020/07/1-43-150x150.jpg]
[dreamcraft.studio/wp-content/uploads/2020/07/1-44-150x150.jpg]
[dreamcraft.studio/wp-content/uploads/2020/07/1-45-150x150.jpg]
[dreamcraft.studio/wp-content/uploads/2020/07/1-46-150x150.jpg]
[dreamcraft.studio/wp-content/uploads/2020/07/1-47-150x150.jpg]
[dreamcraft.studio/wp-content/uploads/2020/07/1-48-150x150.jpg]
[dreamcraft.studio/wp-content/uploads/2020/07/1-49-150x150.jpg]
[dreamcraft.studio/wp-content/uploads/2020/07/1-50-150x150.jpg]
[dreamcraft.studio/wp-content/uploads/2020/07/1-51-150x150.jpg]
[dreamcraft.studio/wp-content/uploads/2020/07/1-52-150x150.jpg]
[dreamcraft.studio/wp-content/uploads/2020/07/1-53-150x150.jpg]
[dreamcraft.studio/wp-content/uploads/2020/07/1-54-150x150.jpg]
[dreamcraft.studio/wp-content/uploads/2020/07/1-55-150x150.jpg]
[dreamcraft.studio/wp-content/uploads/2020/07/1-56-150x150.jpg]
[dreamcraft.studio/wp-content/uploads/2020/07/1-57-150x150.jpg]
[dreamcraft.studio/wp-content/uploads/2020/07/1-58-150x150.jpg]
[dreamcraft.studio/wp-content/uploads/2020/07/1-59-150x150.jpg]
[dreamcraft.studio/wp-content/uploads/2020/07/1-60-150x150.jpg]
[dreamcraft.studio/wp-content/uploads/2020/07/1.jpg]
[dreamcraft.studio/wp-content/uploads/2020/07/1-300x200.jpg]
[dreamcraft.studio/wp-content/uploads/2020/07/2.jpg]
[dreamcraft.studio/wp-content/uploads/2020/07/2-300x169.jpg]
[dreamcraft.studio/wp-content/uploads/2020/07/3.jpg]
[dreamcraft.studio/wp-content/uploads/2020/07/3-300x240.jpg]
[dreamcraft.studio/wp-content/uploads/2020/07/4.jpg]
[dreamcraft.studio/wp-content/uploads/2020/07/4-300x169.jpg]
[dreamcraft.studio/wp-content/uploads/2020/07/5.jpg]
[dreamcraft.studio/wp-content/uploads/2020/07/5-300x200.jpg]
[dreamcraft.studio/wp-content/uploads/2020/07/6.jpg]
[dreamcraft.studio/wp-content/uploads/2020/07/6-300x200.jpg]
[dreamcraft.studio/wp-content/uploads/2020/07/7.jpg]
[dreamcraft.studio/wp-content/uploads/2020/07/7-300x200.jpg]
[dreamcraft.studio/wp-content/uploads/2020/07/8.jpg]
[dreamcraft.studio/wp-content/uploads/2020/07/8-300x200.jpg]
[dreamcraft.studio/wp-content/uploads/2020/07/9.jpg]
[dreamcraft.studio/wp-content/uploads/2020/07/9-300x200.jpg]
[dreamcraft.studio/wp-content/uploads/2020/07/10.jpg]
[dreamcraft.studio/wp-content/uploads/2020/07/10-240x300.jpg]
[dreamcraft.studio/wp-content/uploads/2020/07/11.jpg]
[dreamcraft.studio/wp-content/uploads/2020/07/11-200x300.jpg]
[dreamcraft.studio/wp-content/uploads/2020/07/12.jpg]
[dreamcraft.studio/wp-content/uploads/2020/07/12-200x300.jpg]
[dreamcraft.studio/wp-content/uploads/2020/07/13.jpg]
[dreamcraft.studio/wp-content/uploads/2020/07/13-200x300.jpg]
[dreamcraft.studio/wp-content/uploads/2020/07/14.jpg]
[dreamcraft.studio/wp-content/uploads/2020/07/14-169x300.jpg]
[dreamcraft.studio/wp-content/uploads/2020/07/15.jpg]
[dreamcraft.studio/wp-content/uploads/2020/07/15-200x300.jpg]
[dreamcraft.studio/wp-content/uploads/2020/07/16.jpg]
[dreamcraft.studio/wp-content/uploads/2020/07/16-200x300.jpg]
[dreamcraft.studio/wp-content/uploads/2020/07/17.jpg]
[dreamcraft.studio/wp-content/uploads/2020/07/17-200x300.jpg]
[dreamcraft.studio/wp-content/uploads/2020/07/18.jpg]
[dreamcraft.studio/wp-content/uploads/2020/07/18-200x300.jpg]
[dreamcraft.studio/wp-content/uploads/2020/07/19.jpg]
[dreamcraft.studio/wp-content/uploads/2020/07/19-200x300.jpg]
[dreamcraft.studio/wp-content/uploads/2020/07/20.jpg]
[dreamcraft.studio/wp-content/uploads/2020/07/20-200x300.jpg]
[dreamcraft.studio/wp-content/uploads/2020/07/21.jpg]
[dreamcraft.studio/wp-content/uploads/2020/07/21-200x300.jpg]
[dreamcraft.studio/wp-content/uploads/2020/07/22.jpg]
[dreamcraft.studio/wp-content/uploads/2020/07/22-300x200.jpg]
[dreamcraft.studio/wp-content/uploads/2020/07/23.jpg]
[dreamcraft.studio/wp-content/uploads/2020/07/23-300x200.jpg]
[dreamcraft.studio/wp-content/uploads/2020/07/24.jpg]
[dreamcraft.studio/wp-content/uploads/2020/07/24-300x200.jpg]
[dreamcraft.studio/wp-content/uploads/2020/07/25.jpg]
[dreamcraft.studio/wp-content/uploads/2020/07/25-300x200.jpg]
[dreamcraft.studio/wp-content/uploads/2020/07/26.jpg]
[dreamcraft.studio/wp-content/uploads/2020/07/26-300x200.jpg]
[dreamcraft.studio/wp-content/uploads/2020/07/27.jpg]
[dreamcraft.studio/wp-content/uploads/2020/07/27-200x300.jpg]
[dreamcraft.studio/wp-content/uploads/2020/07/28.jpg]
[dreamcraft.studio/wp-content/uploads/2020/07/28-300x200.jpg]
[dreamcraft.studio/wp-content/uploads/2020/07/29.jpg]
[dreamcraft.studio/wp-content/uploads/2020/07/29-300x200.jpg]
[dreamcraft.studio/wp-content/uploads/2020/07/30.jpg]
[dreamcraft.studio/wp-content/uploads/2020/07/30-300x200.jpg]
[dreamcraft.studio/wp-content/uploads/2020/07/31.jpg]
[dreamcraft.studio/wp-content/uploads/2020/07/31-300x200.jpg]
[dreamcraft.studio/wp-content/uploads/2020/07/32.jpg]
[dreamcraft.studio/wp-content/uploads/2020/07/32-300x200.jpg]
[dreamcraft.studio/wp-content/uploads/2020/07/33.jpg]
[dreamcraft.studio/wp-content/uploads/2020/07/33-200x300.jpg]
[dreamcraft.studio/wp-content/uploads/2020/07/34.jpg]
[dreamcraft.studio/wp-content/uploads/2020/07/34-200x300.jpg]
[dreamcraft.studio/wp-content/uploads/2020/07/35.jpg]
[dreamcraft.studio/wp-content/uploads/2020/07/35-300x169.jpg]
[dreamcraft.studio/wp-content/uploads/2020/07/36.jpg]
[dreamcraft.studio/wp-content/uploads/2020/07/36-300x200.jpg]
[dreamcraft.studio/wp-content/uploads/2020/07/37.jpg]
[dreamcraft.studio/wp-content/uploads/2020/07/37-200x300.jpg]
[dreamcraft.studio/wp-content/uploads/2020/07/38.jpg]
[dreamcraft.studio/wp-content/uploads/2020/07/38-200x300.jpg]
[dreamcraft.studio/wp-content/uploads/2020/07/39.jpg]
[dreamcraft.studio/wp-content/uploads/2020/07/39-200x300.jpg]
[dreamcraft.studio/wp-content/uploads/2020/07/40.jpg]
[dreamcraft.studio/wp-content/uploads/2020/07/40-200x300.jpg]
[dreamcraft.studio/wp-content/uploads/2020/07/411.jpg]
[dreamcraft.studio/wp-content/uploads/2020/07/411-240x300.jpg]
[dreamcraft.studio/wp-content/uploads/2020/07/41.jpg]
[dreamcraft.studio/wp-content/uploads/2020/07/41-240x300.jpg]
[dreamcraft.studio/wp-content/uploads/2020/07/42.jpg]
[dreamcraft.studio/wp-content/uploads/2020/07/42-240x300.jpg]
[dreamcraft.studio/wp-content/uploads/2020/07/43.jpg]
[dreamcraft.studio/wp-content/uploads/2020/07/43-300x200.jpg]
[dreamcraft.studio/wp-content/uploads/2020/07/1-150x150.jpg]
[dreamcraft.studio/wp-content/uploads/2020/07/2-150x150.jpg]
[dreamcraft.studio/wp-content/uploads/2020/07/3-150x150.jpg]
[dreamcraft.studio/wp-content/uploads/2020/07/4-150x150.jpg]
[dreamcraft.studio/wp-content/uploads/2020/07/5-150x150.jpg]
[dreamcraft.studio/wp-content/uploads/2020/07/6-150x150.jpg]
[dreamcraft.studio/wp-content/uploads/2020/07/7-150x150.jpg]
[dreamcraft.studio/wp-content/uploads/2020/07/8-150x150.jpg]
[dreamcraft.studio/wp-content/uploads/2020/07/9-150x150.jpg]
[dreamcraft.studio/wp-content/uploads/2020/07/10-150x150.jpg]
[dreamcraft.studio/wp-content/uploads/2020/07/11-150x150.jpg]
[dreamcraft.studio/wp-content/uploads/2020/07/12-150x150.jpg]
[dreamcraft.studio/wp-content/uploads/2020/07/13-150x150.jpg]
[dreamcraft.studio/wp-content/uploads/2020/07/14-150x150.jpg]
[dreamcraft.studio/wp-content/uploads/2020/07/15-150x150.jpg]
[dreamcraft.studio/wp-content/uploads/2020/07/16-150x150.jpg]
[dreamcraft.studio/wp-content/uploads/2020/07/17-150x150.jpg]
[dreamcraft.studio/wp-content/uploads/2020/07/18-150x150.jpg]
[dreamcraft.studio/wp-content/uploads/2020/07/19-150x150.jpg]
[dreamcraft.studio/wp-content/uploads/2020/07/20-150x150.jpg]
[dreamcraft.studio/wp-content/uploads/2020/07/21-150x150.jpg]
[dreamcraft.studio/wp-content/uploads/2020/07/22-150x150.jpg]
[dreamcraft.studio/wp-content/uploads/2020/07/23-150x150.jpg]
[dreamcraft.studio/wp-content/uploads/2020/07/24-150x150.jpg]
[dreamcraft.studio/wp-content/uploads/2020/07/25-150x150.jpg]
[dreamcraft.studio/wp-content/uploads/2020/07/26-150x150.jpg]
[dreamcraft.studio/wp-content/uploads/2020/07/27-150x150.jpg]
[dreamcraft.studio/wp-content/uploads/2020/07/28-150x150.jpg]
[dreamcraft.studio/wp-content/uploads/2020/07/29-150x150.jpg]
[dreamcraft.studio/wp-content/uploads/2020/07/30-150x150.jpg]
[dreamcraft.studio/wp-content/uploads/2020/07/31-150x150.jpg]
[dreamcraft.studio/wp-content/uploads/2020/07/32-150x150.jpg]
[dreamcraft.studio/wp-content/uploads/2020/07/33-150x150.jpg]
[dreamcraft.studio/wp-content/uploads/2020/07/34-150x150.jpg]
[dreamcraft.studio/wp-content/uploads/2020/07/35-150x150.jpg]
[dreamcraft.studio/wp-content/uploads/2020/07/36-150x150.jpg]
[dreamcraft.studio/wp-content/uploads/2020/07/37-150x150.jpg]
[dreamcraft.studio/wp-content/uploads/2020/07/38-150x150.jpg]
[dreamcraft.studio/wp-content/uploads/2020/07/39-150x150.jpg]
[dreamcraft.studio/wp-content/uploads/2020/07/40-150x150.jpg]
[dreamcraft.studio/wp-content/uploads/2020/07/411-150x150.jpg]
[dreamcraft.studio/wp-content/uploads/2020/07/41-150x150.jpg]
[dreamcraft.studio/wp-content/uploads/2020/07/42-150x150.jpg]
[dreamcraft.studio/wp-content/uploads/2020/07/43-150x150.jpg]
[dreamcraft.studio/wp-content/uploads/2020/07/1-61.jpg]
[dreamcraft.studio/wp-content/uploads/2020/07/1-61-300x200.jpg]
[dreamcraft.studio/wp-content/uploads/2020/07/2-1.jpg]
[dreamcraft.studio/wp-content/uploads/2020/07/2-1-300x200.jpg]
[dreamcraft.studio/wp-content/uploads/2020/07/3-1.jpg]
[dreamcraft.studio/wp-content/uploads/2020/07/3-1-300x200.jpg]
[dreamcraft.studio/wp-content/uploads/2020/07/4-1.jpg]
[dreamcraft.studio/wp-content/uploads/2020/07/4-1-300x200.jpg]
[dreamcraft.studio/wp-content/uploads/2020/07/5-1.jpg]
[dreamcraft.studio/wp-content/uploads/2020/07/5-1-300x200.jpg]
[dreamcraft.studio/wp-content/uploads/2020/07/6-1.jpg]
[dreamcraft.studio/wp-content/uploads/2020/07/6-1-300x200.jpg]
[dreamcraft.studio/wp-content/uploads/2020/07/7-1.jpg]
[dreamcraft.studio/wp-content/uploads/2020/07/7-1-300x200.jpg]
[dreamcraft.studio/wp-content/uploads/2020/07/8-1.jpg]
[dreamcraft.studio/wp-content/uploads/2020/07/8-1-300x200.jpg]
[dreamcraft.studio/wp-content/uploads/2020/07/9-1.jpg]
[dreamcraft.studio/wp-content/uploads/2020/07/9-1-300x200.jpg]
[dreamcraft.studio/wp-content/uploads/2020/07/10-1.jpg]
[dreamcraft.studio/wp-content/uploads/2020/07/10-1-300x200.jpg]
[dreamcraft.studio/wp-content/uploads/2020/07/11-1.jpg]
[dreamcraft.studio/wp-content/uploads/2020/07/11-1-200x300.jpg]
[dreamcraft.studio/wp-content/uploads/2020/07/12-1.jpg]
[dreamcraft.studio/wp-content/uploads/2020/07/12-1-200x300.jpg]
[dreamcraft.studio/wp-content/uploads/2020/07/1-61-150x150.jpg]
[dreamcraft.studio/wp-content/uploads/2020/07/2-1-150x150.jpg]
[dreamcraft.studio/wp-content/uploads/2020/07/3-1-150x150.jpg]
[dreamcraft.studio/wp-content/uploads/2020/07/4-1-150x150.jpg]
[dreamcraft.studio/wp-content/uploads/2020/07/5-1-150x150.jpg]
[dreamcraft.studio/wp-content/uploads/2020/07/6-1-150x150.jpg]
[dreamcraft.studio/wp-content/uploads/2020/07/7-1-150x150.jpg]
[dreamcraft.studio/wp-content/uploads/2020/07/8-1-150x150.jpg]
[dreamcraft.studio/wp-content/uploads/2020/07/9-1-150x150.jpg]
[dreamcraft.studio/wp-content/uploads/2020/07/10-1-150x150.jpg]
[dreamcraft.studio/wp-content/uploads/2020/07/11-1-150x150.jpg]
[dreamcraft.studio/wp-content/uploads/2020/07/12-1-150x150.jpg]
[dreamcraft.studio/wp-content/uploads/2020/07/28-1.jpg]
[dreamcraft.studio/wp-content/uploads/2020/07/28-1-300x200.jpg]
[dreamcraft.studio/wp-content/uploads/2020/07/27-1.jpg]
[dreamcraft.studio/wp-content/uploads/2020/07/27-1-300x200.jpg]
[dreamcraft.studio/wp-content/uploads/2020/07/26-1.jpg]
[dreamcraft.studio/wp-content/uploads/2020/07/26-1-300x200.jpg]
[dreamcraft.studio/wp-content/uploads/2020/07/25-1.jpg]
[dreamcraft.studio/wp-content/uploads/2020/07/25-1-300x200.jpg]
[dreamcraft.studio/wp-content/uploads/2020/07/24-1.jpg]
[dreamcraft.studio/wp-content/uploads/2020/07/24-1-300x200.jpg]
[dreamcraft.studio/wp-content/uploads/2020/07/23-1.jpg]
[dreamcraft.studio/wp-content/uploads/2020/07/23-1-300x200.jpg]
[dreamcraft.studio/wp-content/uploads/2020/07/22-1.jpg]
[dreamcraft.studio/wp-content/uploads/2020/07/22-1-300x200.jpg]
[dreamcraft.studio/wp-content/uploads/2020/07/21-1.jpg]
[dreamcraft.studio/wp-content/uploads/2020/07/21-1-300x200.jpg]
[dreamcraft.studio/wp-content/uploads/2020/07/20-1.jpg]
[dreamcraft.studio/wp-content/uploads/2020/07/20-1-300x200.jpg]
[dreamcraft.studio/wp-content/uploads/2020/07/19-1.jpg]
[dreamcraft.studio/wp-content/uploads/2020/07/19-1-300x200.jpg]
[dreamcraft.studio/wp-content/uploads/2020/07/18-1.jpg]
[dreamcraft.studio/wp-content/uploads/2020/07/18-1-300x200.jpg]
[dreamcraft.studio/wp-content/uploads/2020/07/17-1.jpg]
[dreamcraft.studio/wp-content/uploads/2020/07/17-1-300x200.jpg]
[dreamcraft.studio/wp-content/uploads/2020/07/16-1.jpg]
[dreamcraft.studio/wp-content/uploads/2020/07/16-1-300x200.jpg]
[dreamcraft.studio/wp-content/uploads/2020/07/15-1.jpg]
[dreamcraft.studio/wp-content/uploads/2020/07/15-1-300x200.jpg]
[dreamcraft.studio/wp-content/uploads/2020/07/14-1.jpg]
[dreamcraft.studio/wp-content/uploads/2020/07/14-1-300x200.jpg]
[dreamcraft.studio/wp-content/uploads/2020/07/13-1.jpg]
[dreamcraft.studio/wp-content/uploads/2020/07/13-1-200x300.jpg]
[dreamcraft.studio/wp-content/uploads/2020/07/12-2.jpg]
[dreamcraft.studio/wp-content/uploads/2020/07/12-2-200x300.jpg]
[dreamcraft.studio/wp-content/uploads/2020/07/11-2.jpg]
[dreamcraft.studio/wp-content/uploads/2020/07/11-2-200x300.jpg]
[dreamcraft.studio/wp-content/uploads/2020/07/10-2.jpg]
[dreamcraft.studio/wp-content/uploads/2020/07/10-2-200x300.jpg]
[dreamcraft.studio/wp-content/uploads/2020/07/9-2.jpg]
[dreamcraft.studio/wp-content/uploads/2020/07/9-2-200x300.jpg]
[dreamcraft.studio/wp-content/uploads/2020/07/8-2.jpg]
[dreamcraft.studio/wp-content/uploads/2020/07/8-2-200x300.jpg]
[dreamcraft.studio/wp-content/uploads/2020/07/7-2.jpg]
[dreamcraft.studio/wp-content/uploads/2020/07/7-2-200x300.jpg]
[dreamcraft.studio/wp-content/uploads/2020/07/6-2.jpg]
[dreamcraft.studio/wp-content/uploads/2020/07/6-2-300x200.jpg]
[dreamcraft.studio/wp-content/uploads/2020/07/5-2.jpg]
[dreamcraft.studio/wp-content/uploads/2020/07/5-2-300x200.jpg]
[dreamcraft.studio/wp-content/uploads/2020/07/4-2.jpg]
[dreamcraft.studio/wp-content/uploads/2020/07/4-2-300x200.jpg]
[dreamcraft.studio/wp-content/uploads/2020/07/3-2.jpg]
[dreamcraft.studio/wp-content/uploads/2020/07/3-2-300x200.jpg]
[dreamcraft.studio/wp-content/uploads/2020/07/2-2.jpg]
[dreamcraft.studio/wp-content/uploads/2020/07/2-2-300x200.jpg]
[dreamcraft.studio/wp-content/uploads/2020/07/1-62.jpg]
[dreamcraft.studio/wp-content/uploads/2020/07/1-62-300x200.jpg]
[dreamcraft.studio/wp-content/uploads/2020/07/1-62-150x150.jpg]
[dreamcraft.studio/wp-content/uploads/2020/07/2-2-150x150.jpg]
[dreamcraft.studio/wp-content/uploads/2020/07/3-2-150x150.jpg]
[dreamcraft.studio/wp-content/uploads/2020/07/4-2-150x150.jpg]
[dreamcraft.studio/wp-content/uploads/2020/07/5-2-150x150.jpg]
[dreamcraft.studio/wp-content/uploads/2020/07/6-2-150x150.jpg]
[dreamcraft.studio/wp-content/uploads/2020/07/7-2-150x150.jpg]
[dreamcraft.studio/wp-content/uploads/2020/07/8-2-150x150.jpg]
[dreamcraft.studio/wp-content/uploads/2020/07/9-2-150x150.jpg]
[dreamcraft.studio/wp-content/uploads/2020/07/10-2-150x150.jpg]
[dreamcraft.studio/wp-content/uploads/2020/07/11-2-150x150.jpg]
[dreamcraft.studio/wp-content/uploads/2020/07/12-2-150x150.jpg]
[dreamcraft.studio/wp-content/uploads/2020/07/13-1-150x150.jpg]
[dreamcraft.studio/wp-content/uploads/2020/07/14-1-150x150.jpg]
[dreamcraft.studio/wp-content/uploads/2020/07/15-1-150x150.jpg]
[dreamcraft.studio/wp-content/uploads/2020/07/16-1-150x150.jpg]
[dreamcraft.studio/wp-content/uploads/2020/07/17-1-150x150.jpg]
[dreamcraft.studio/wp-content/uploads/2020/07/18-1-150x150.jpg]
[dreamcraft.studio/wp-content/uploads/2020/07/19-1-150x150.jpg]
[dreamcraft.studio/wp-content/uploads/2020/07/20-1-150x150.jpg]
[dreamcraft.studio/wp-content/uploads/2020/07/21-1-150x150.jpg]
[dreamcraft.studio/wp-content/uploads/2020/07/22-1-150x150.jpg]
[dreamcraft.studio/wp-content/uploads/2020/07/23-1-150x150.jpg]
[dreamcraft.studio/wp-content/uploads/2020/07/24-1-150x150.jpg]
[dreamcraft.studio/wp-content/uploads/2020/07/25-1-150x150.jpg]
[dreamcraft.studio/wp-content/uploads/2020/07/26-1-150x150.jpg]
[dreamcraft.studio/wp-content/uploads/2020/07/27-1-150x150.jpg]
[dreamcraft.studio/wp-content/uploads/2020/07/28-1-150x150.jpg]
[dreamcraft.studio/wp-content/uploads/2020/07/32-1.jpg]
[dreamcraft.studio/wp-content/uploads/2020/07/32-1-240x300.jpg]
[dreamcraft.studio/wp-content/uploads/2020/07/31-1.jpg]
[dreamcraft.studio/wp-content/uploads/2020/07/31-1-240x300.jpg]
[dreamcraft.studio/wp-content/uploads/2020/07/30-1.jpg]
[dreamcraft.studio/wp-content/uploads/2020/07/30-1-240x300.jpg]
[dreamcraft.studio/wp-content/uploads/2020/07/29-1.jpg]
[dreamcraft.studio/wp-content/uploads/2020/07/29-1-200x300.jpg]
[dreamcraft.studio/wp-content/uploads/2020/07/28-2.jpg]
[dreamcraft.studio/wp-content/uploads/2020/07/28-2-200x300.jpg]
[dreamcraft.studio/wp-content/uploads/2020/07/27-2.jpg]
[dreamcraft.studio/wp-content/uploads/2020/07/27-2-200x300.jpg]
[dreamcraft.studio/wp-content/uploads/2020/07/26-2.jpg]
[dreamcraft.studio/wp-content/uploads/2020/07/26-2-300x200.jpg]
[dreamcraft.studio/wp-content/uploads/2020/07/25-2.jpg]
[dreamcraft.studio/wp-content/uploads/2020/07/25-2-300x200.jpg]
[dreamcraft.studio/wp-content/uploads/2020/07/24-2.jpg]
[dreamcraft.studio/wp-content/uploads/2020/07/24-2-300x169.jpg]
[dreamcraft.studio/wp-content/uploads/2020/07/23-2.jpg]
[dreamcraft.studio/wp-content/uploads/2020/07/23-2-300x169.jpg]
[dreamcraft.studio/wp-content/uploads/2020/07/22-2.jpg]
[dreamcraft.studio/wp-content/uploads/2020/07/22-2-300x200.jpg]
[dreamcraft.studio/wp-content/uploads/2020/07/21-2.jpg]
[dreamcraft.studio/wp-content/uploads/2020/07/21-2-300x200.jpg]
[dreamcraft.studio/wp-content/uploads/2020/07/20-2.jpg]
[dreamcraft.studio/wp-content/uploads/2020/07/20-2-300x200.jpg]
[dreamcraft.studio/wp-content/uploads/2020/07/19-2.jpg]
[dreamcraft.studio/wp-content/uploads/2020/07/19-2-300x200.jpg]
[dreamcraft.studio/wp-content/uploads/2020/07/18-2.jpg]
[dreamcraft.studio/wp-content/uploads/2020/07/18-2-300x200.jpg]
[dreamcraft.studio/wp-content/uploads/2020/07/17-2.jpg]
[dreamcraft.studio/wp-content/uploads/2020/07/17-2-240x300.jpg]
[dreamcraft.studio/wp-content/uploads/2020/07/16-2.jpg]
[dreamcraft.studio/wp-content/uploads/2020/07/16-2-240x300.jpg]
[dreamcraft.studio/wp-content/uploads/2020/07/15-2.jpg]
[dreamcraft.studio/wp-content/uploads/2020/07/15-2-240x300.jpg]
[dreamcraft.studio/wp-content/uploads/2020/07/14-2.jpg]
[dreamcraft.studio/wp-content/uploads/2020/07/14-2-240x300.jpg]
[dreamcraft.studio/wp-content/uploads/2020/07/13-2.jpg]
[dreamcraft.studio/wp-content/uploads/2020/07/13-2-200x300.jpg]
[dreamcraft.studio/wp-content/uploads/2020/07/12-3.jpg]
[dreamcraft.studio/wp-content/uploads/2020/07/12-3-240x300.jpg]
[dreamcraft.studio/wp-content/uploads/2020/07/11-3.jpg]
[dreamcraft.studio/wp-content/uploads/2020/07/11-3-240x300.jpg]
[dreamcraft.studio/wp-content/uploads/2020/07/10-3.jpg]
[dreamcraft.studio/wp-content/uploads/2020/07/10-3-240x300.jpg]
[dreamcraft.studio/wp-content/uploads/2020/07/9-3.jpg]
[dreamcraft.studio/wp-content/uploads/2020/07/9-3-240x300.jpg]
[dreamcraft.studio/wp-content/uploads/2020/07/8-3.jpg]
[dreamcraft.studio/wp-content/uploads/2020/07/8-3-240x300.jpg]
[dreamcraft.studio/wp-content/uploads/2020/07/7-3.jpg]
[dreamcraft.studio/wp-content/uploads/2020/07/7-3-240x300.jpg]
[dreamcraft.studio/wp-content/uploads/2020/07/6-3.jpg]
[dreamcraft.studio/wp-content/uploads/2020/07/6-3-300x200.jpg]
[dreamcraft.studio/wp-content/uploads/2020/07/5-3.jpg]
[dreamcraft.studio/wp-content/uploads/2020/07/5-3-300x200.jpg]
[dreamcraft.studio/wp-content/uploads/2020/07/4-3.jpg]
[dreamcraft.studio/wp-content/uploads/2020/07/4-3-300x200.jpg]
[dreamcraft.studio/wp-content/uploads/2020/07/3-3.jpg]
[dreamcraft.studio/wp-content/uploads/2020/07/3-3-300x200.jpg]
[dreamcraft.studio/wp-content/uploads/2020/07/2-3.jpg]
[dreamcraft.studio/wp-content/uploads/2020/07/2-3-300x200.jpg]
[dreamcraft.studio/wp-content/uploads/2020/07/1-63.jpg]
[dreamcraft.studio/wp-content/uploads/2020/07/1-63-300x200.jpg]
[dreamcraft.studio/wp-content/uploads/2020/07/1-63-150x150.jpg]
[dreamcraft.studio/wp-content/uploads/2020/07/2-3-150x150.jpg]
[dreamcraft.studio/wp-content/uploads/2020/07/3-3-150x150.jpg]
[dreamcraft.studio/wp-content/uploads/2020/07/4-3-150x150.jpg]
[dreamcraft.studio/wp-content/uploads/2020/07/5-3-150x150.jpg]
[dreamcraft.studio/wp-content/uploads/2020/07/6-3-150x150.jpg]
[dreamcraft.studio/wp-content/uploads/2020/07/7-3-150x150.jpg]
[dreamcraft.studio/wp-content/uploads/2020/07/8-3-150x150.jpg]
[dreamcraft.studio/wp-content/uploads/2020/07/9-3-150x150.jpg]
[dreamcraft.studio/wp-content/uploads/2020/07/10-3-150x150.jpg]
[dreamcraft.studio/wp-content/uploads/2020/07/11-3-150x150.jpg]
[dreamcraft.studio/wp-content/uploads/2020/07/12-3-150x150.jpg]
[dreamcraft.studio/wp-content/uploads/2020/07/13-2-150x150.jpg]
[dreamcraft.studio/wp-content/uploads/2020/07/14-2-150x150.jpg]
[dreamcraft.studio/wp-content/uploads/2020/07/15-2-150x150.jpg]
[dreamcraft.studio/wp-content/uploads/2020/07/16-2-150x150.jpg]
[dreamcraft.studio/wp-content/uploads/2020/07/17-2-150x150.jpg]
[dreamcraft.studio/wp-content/uploads/2020/07/18-2-150x150.jpg]
[dreamcraft.studio/wp-content/uploads/2020/07/19-2-150x150.jpg]
[dreamcraft.studio/wp-content/uploads/2020/07/20-2-150x150.jpg]
[dreamcraft.studio/wp-content/uploads/2020/07/21-2-150x150.jpg]
[dreamcraft.studio/wp-content/uploads/2020/07/22-2-150x150.jpg]
[dreamcraft.studio/wp-content/uploads/2020/07/23-2-150x150.jpg]
[dreamcraft.studio/wp-content/uploads/2020/07/24-2-150x150.jpg]
[dreamcraft.studio/wp-content/uploads/2020/07/25-2-150x150.jpg]
[dreamcraft.studio/wp-content/uploads/2020/07/26-2-150x150.jpg]
[dreamcraft.studio/wp-content/uploads/2020/07/27-2-150x150.jpg]
[dreamcraft.studio/wp-content/uploads/2020/07/28-2-150x150.jpg]
[dreamcraft.studio/wp-content/uploads/2020/07/29-1-150x150.jpg]
[dreamcraft.studio/wp-content/uploads/2020/07/30-1-150x150.jpg]
[dreamcraft.studio/wp-content/uploads/2020/07/31-1-150x150.jpg]
[dreamcraft.studio/wp-content/uploads/2020/07/32-1-150x150.jpg]
[dreamcraft.studio/wp-content/uploads/2020/07/9-4.jpg]
[dreamcraft.studio/wp-content/uploads/2020/07/9-4-300x200.jpg]
[dreamcraft.studio/wp-content/uploads/2020/07/8-4.jpg]
[dreamcraft.studio/wp-content/uploads/2020/07/8-4-200x300.jpg]
[dreamcraft.studio/wp-content/uploads/2020/07/7-4.jpg]
[dreamcraft.studio/wp-content/uploads/2020/07/7-4-300x200.jpg]
[dreamcraft.studio/wp-content/uploads/2020/07/6-4.jpg]
[dreamcraft.studio/wp-content/uploads/2020/07/6-4-200x300.jpg]
[dreamcraft.studio/wp-content/uploads/2020/07/5-4.jpg]
[dreamcraft.studio/wp-content/uploads/2020/07/5-4-300x200.jpg]
[dreamcraft.studio/wp-content/uploads/2020/07/4-4.jpg]
[dreamcraft.studio/wp-content/uploads/2020/07/4-4-300x200.jpg]
[dreamcraft.studio/wp-content/uploads/2020/07/3-4.jpg]
[dreamcraft.studio/wp-content/uploads/2020/07/3-4-300x200.jpg]
[dreamcraft.studio/wp-content/uploads/2020/07/2-4.jpg]
[dreamcraft.studio/wp-content/uploads/2020/07/2-4-300x200.jpg]
[dreamcraft.studio/wp-content/uploads/2020/07/1-64.jpg]
[dreamcraft.studio/wp-content/uploads/2020/07/1-64-300x200.jpg]
[dreamcraft.studio/wp-content/uploads/2020/07/1-64-150x150.jpg]
[dreamcraft.studio/wp-content/uploads/2020/07/2-4-150x150.jpg]
[dreamcraft.studio/wp-content/uploads/2020/07/3-4-150x150.jpg]
[dreamcraft.studio/wp-content/uploads/2020/07/4-4-150x150.jpg]
[dreamcraft.studio/wp-content/uploads/2020/07/5-4-150x150.jpg]
[dreamcraft.studio/wp-content/uploads/2020/07/6-4-150x150.jpg]
[dreamcraft.studio/wp-content/uploads/2020/07/7-4-150x150.jpg]
[dreamcraft.studio/wp-content/uploads/2020/07/8-4-150x150.jpg]
[dreamcraft.studio/wp-content/uploads/2020/07/9-4-150x150.jpg]
[dreamcraft.studio/our-projects/index.html]
[dreamcraft.studio/wp-json/oembed/1.0/embed212b.json]
[dreamcraft.studio/wp-json/oembed/1.0/embed3030]
[dreamcraft.studio/wp-content/uploads/2022/03/Arch-A1.jpg]
[dreamcraft.studio/wp-content/uploads/2022/03/Arch-A2.jpg]
[dreamcraft.studio/wp-content/uploads/2022/03/Arch-A3.jpg]
[dreamcraft.studio/wp-content/uploads/2022/03/Arch-B1.jpg]
[dreamcraft.studio/wp-content/uploads/2022/03/Arch-B2.jpg]
[dreamcraft.studio/wp-content/uploads/2022/03/Arch-B3.jpg]
[dreamcraft.studio/wp-content/uploads/2022/03/Arch-B4.jpg]
[dreamcraft.studio/wp-content/uploads/2022/03/Arch-B5.jpg]
[dreamcraft.studio/wp-content/uploads/2022/03/Arch-F1.jpg]
[dreamcraft.studio/wp-content/uploads/2022/03/Arch-F2.jpg]
[dreamcraft.studio/wp-content/uploads/2022/03/Arch-F3.jpg]
[dreamcraft.studio/wp-content/uploads/2022/03/Arch-F4.jpg]
[dreamcraft.studio/wp-content/uploads/2022/03/Arch-F5.jpg]
[dreamcraft.studio/wp-content/uploads/2022/03/Arch-C1.jpg]
[dreamcraft.studio/wp-content/uploads/2022/03/Arch-C2.jpg]
[dreamcraft.studio/wp-content/uploads/2022/03/Arch-C3.jpg]
[dreamcraft.studio/wp-content/uploads/2022/03/Arch-C4.jpg]
[dreamcraft.studio/wp-content/uploads/2022/03/Arch-C5.jpg]
[dreamcraft.studio/wp-content/uploads/2022/03/Arch-D1.jpg]
[dreamcraft.studio/wp-content/uploads/2022/03/Arch-D2.jpg]
[dreamcraft.studio/wp-content/uploads/2022/03/Arch-D3.jpg]
[dreamcraft.studio/wp-content/uploads/2022/03/Arch-D4.jpg]
[dreamcraft.studio/wp-content/uploads/2022/03/Arch-D5.jpg]
[dreamcraft.studio/wp-content/uploads/2022/03/Arch-E1.jpg]
[dreamcraft.studio/wp-content/uploads/2022/03/Arch-E2.jpg]
[dreamcraft.studio/wp-content/uploads/2022/03/Arch-E3.jpg]
[dreamcraft.studio/wp-content/uploads/2022/03/Arch-E4.jpg]
[dreamcraft.studio/wp-content/uploads/2022/03/Arch-E5.jpg]
[dreamcraft.studio/wp-content/uploads/2022/03/Arch-H1.jpg]
[dreamcraft.studio/wp-content/uploads/2022/03/Arch-H2.jpg]
[dreamcraft.studio/wp-content/uploads/2022/03/Arch-H3.jpg]
[dreamcraft.studio/wp-content/uploads/2022/03/Arch-H4.jpg]
[dreamcraft.studio/wp-content/uploads/2022/03/Arch-H5.jpg]
[dreamcraft.studio/architecture-project/_data_image/svg+xml,_svg xmlns='http_/www.w3.org/2000/svg' preserveAspectRatio='none' overflow='visib/__/svg__.313.delayed]
[dreamcraft.studio/architecture-project/index.html]
[dreamcraft.studio/our-creative-studio/feed/index.html]
[dreamcraft.studio/wp-json/oembed/1.0/embed4943.json]
[dreamcraft.studio/wp-json/oembed/1.0/embed9e40]
[dreamcraft.studio/wp-content/uploads/2020/07/1-2.png]
[dreamcraft.studio/wp-content/uploads/2020/07/2-2.png]
[dreamcraft.studio/wp-content/uploads/2020/07/3-2.png]
[dreamcraft.studio/wp-content/uploads/2020/07/4-1.png]
[dreamcraft.studio/wp-content/uploads/2020/07/5-1.png]
[dreamcraft.studio/wp-content/uploads/2020/07/Video-Overlay.jpg]
[dreamcraft.studio/wp-content/uploads/2020/07/Jay-Gajjar-Dream-Craft-Studio.png]
[dreamcraft.studio/wp-content/uploads/2020/07/Jay-Gajjar-Dream-Craft-Studio-150x150.png]
[dreamcraft.studio/wp-content/uploads/2020/07/Kandarp-Jani-Dream-Craft-Studio.png]
[dreamcraft.studio/wp-content/uploads/2020/07/Kandarp-Jani-Dream-Craft-Studio-150x150.png]
[dreamcraft.studio/our-creative-studio/_data_image/svg+xml,_svg xmlns='http_/www.w3.org/2000/svg' preserveAspectRatio='none' overflow='visib/__/svg__.322.delayed]
[dreamcraft.studio/our-creative-studio/index.html]
[dreamcraft.studio/contact-us/feed/index.html]
[dreamcraft.studio/wp-json/oembed/1.0/embedcbaa.json]
[dreamcraft.studio/wp-json/oembed/1.0/embed0837]
[dreamcraft.studio/contact-us/_data_image/svg+xml,_svg xmlns='http_/www.w3.org/2000/svg' preserveAspectRatio='none' overflow='visib/__/svg__.326.delayed]
[dreamcraft.studio/contact-us/index.html]
[dreamcraft.studio/_data_image/svg+xml,_svg xmlns='http_/www.w3.org/2000/svg' preserveAspectRatio='none' overflow='visib/__/svg__.html]
[dreamcraft.studio/wp-content/plugins/elementor/assets/lib/eicons/fonts/eiconsf884.svg]
[dreamcraft.studio/wp-content/themes/oceanwp/assets/fonts/fontawesome/webfonts/fa-brands-400.svg]
[dreamcraft.studio/wp-content/themes/oceanwp/assets/fonts/fontawesome/webfonts/fa-regular-400.svg]
[dreamcraft.studio/wp-content/themes/oceanwp/assets/fonts/fontawesome/webfonts/fa-solid-900.svg]
[dreamcraft.studio/wp-content/themes/oceanwp/assets/fonts/simple-line-icons/Simple-Line-Iconsb26c.svg]
[dreamcraft.studio/wp-content/themes/oceanwp/assets/fonts/slick/slick.svg]
[dreamcraft.studio/wp-content/plugins/masterslider/public/assets/css/skins/minimal.svg]
[dreamcraft.studio/wp-content/plugins/elementor/assets/lib/font-awesome/webfonts/fa-brands-400.svg]
[dreamcraft.studio/wp-content/uploads/2020/07/Service-Header-Image.jpg]
[dreamcraft.studio/wp-content/uploads/elementor/css/post-236e34.css]
[dreamcraft.studio/index40a0.html]
[dreamcraft.studio/services-we-offer/_data_image/svg+xml,_svg xmlns='http_/www.w3.org/2000/svg' preserveAspectRatio='none' overflow='visib/__/svg__.html]
[dreamcraft.studio/wp-content/uploads/elementor/css/post-21eeca.css]
[dreamcraft.studio/wp-content/plugins/elementor/assets/lib/font-awesome/webfonts/fa-solid-900.eot]
[dreamcraft.studio/wp-content/plugins/elementor/assets/lib/font-awesome/webfonts/fa-solid-900d41d.eot]
[dreamcraft.studio/wp-content/plugins/elementor/assets/lib/font-awesome/webfonts/fa-solid-900.woff2]
[dreamcraft.studio/wp-content/plugins/elementor/assets/lib/font-awesome/webfonts/fa-solid-900.woff]
[dreamcraft.studio/wp-content/plugins/elementor/assets/lib/font-awesome/webfonts/fa-solid-900.ttf]
[dreamcraft.studio/wp-content/plugins/elementor/assets/lib/font-awesome/css/solid.minb683.css]
[dreamcraft.studio/index3965.html]
[dreamcraft.studio/our-projects/_data_image/svg+xml,_svg xmlns='http_/www.w3.org/2000/svg' preserveAspectRatio='none' overflow='visib/__/svg__.html]
[dreamcraft.studio/wp-content/uploads/elementor/css/post-229eeca.css]
[dreamcraft.studio/wp-content/uploads/elementor/css/post-230eeca.css]
[dreamcraft.studio/wp-content/uploads/elementor/css/post-3427328.css]
[dreamcraft.studio/wp-content/uploads/elementor/css/post-3607328.css]
[dreamcraft.studio/wp-content/uploads/elementor/css/post-3917328.css]
[dreamcraft.studio/wp-content/uploads/elementor/css/post-4267328.css]
[dreamcraft.studio/wp-content/uploads/elementor/css/post-49965c0.css]
[dreamcraft.studio/indexa862.html]
[dreamcraft.studio/architecture-project/_data_image/svg+xml,_svg xmlns='http_/www.w3.org/2000/svg' preserveAspectRatio='none' overflow='visib/__/svg__.html]
[dreamcraft.studio/wp-content/uploads/elementor/css/post-19e8eb.css]
[dreamcraft.studio/wp-content/plugins/elementor/assets/lib/font-awesome/webfonts/fa-regular-400.eot]
[dreamcraft.studio/wp-content/plugins/elementor/assets/lib/font-awesome/webfonts/fa-regular-400d41d.eot]
[dreamcraft.studio/wp-content/plugins/elementor/assets/lib/font-awesome/webfonts/fa-regular-400.woff2]
[dreamcraft.studio/wp-content/plugins/elementor/assets/lib/font-awesome/webfonts/fa-regular-400.woff]
[dreamcraft.studio/wp-content/plugins/elementor/assets/lib/font-awesome/webfonts/fa-regular-400.ttf]
[dreamcraft.studio/wp-content/plugins/elementor/assets/lib/font-awesome/css/regular.minb683.css]
[dreamcraft.studio/index5831.html]
[dreamcraft.studio/our-creative-studio/_data_image/svg+xml,_svg xmlns='http_/www.w3.org/2000/svg' preserveAspectRatio='none' overflow='visib/__/svg__.html]
[dreamcraft.studio/wp-content/uploads/elementor/css/post-1002d3.css]
[dreamcraft.studio/index64b4.html]
[dreamcraft.studio/contact-us/_data_image/svg+xml,_svg xmlns='http_/www.w3.org/2000/svg' preserveAspectRatio='none' overflow='visib/__/svg__.html]
[dreamcraft.studio/wp-content/plugins/elementor/assets/lib/font-awesome/webfonts/fa-solid-900.svg]
[dreamcraft.studio/wp-content/plugins/elementor/assets/lib/font-awesome/webfonts/fa-regular-400.svg]
