[www.thenestcomfortpg.com/index.html]
[backblue.gif]
[fade.gif]
[index.html]
[www.thenestcomfortpg.com/index-2.html]
[www.thenestcomfortpg.com/favicon.ico]
[maxcdn.bootstrapcdn.com/bootstrap/3.3.7/css/bootstrap.min.css]
[ajax.aspnetcdn.com/ajax/jquery/jquery-1.10.2.min.js]
[www.thenestcomfortpg.com/about-us.html]
[www.thenestcomfortpg.com/amenities.html]
[www.thenestcomfortpg.com/availability.html]
[www.thenestcomfortpg.com/accomodation.html]
[www.thenestcomfortpg.com/rules.html]
[www.thenestcomfortpg.com/gallery.html]
[www.thenestcomfortpg.com/contactus.html]
[www.thenestcomfortpg.com/make-payment.html]
[www.thenestcomfortpg.com/food.html]
[www.thenestcomfortpg.com/security-and-safety.html]
[www.thenestcomfortpg.com/twin-sharing.html]
[www.thenestcomfortpg.com/tripple-sharing.html]
[www.thenestcomfortpg.com/four-sharing.html]
[www.thenestcomfortpg.com/five-sharing.html]
[www.thenestcomfortpg.com/mailto_info@thenestcomfortpg.com]
[www.thenestcomfortpg.com/faq.html]
[www.thenestcomfortpg.com/sitemap.html]
[www.thenestcomfortpg.com/management.html]
[www.thenestcomfortpg.com/pricing.html]
[www.thenestcomfortpg.com/room.html]
[www.thenestcomfortpg.com/index.html]
[www.thenestcomfortpg.com/index-2.html]
[maxcdn.bootstrapcdn.com/bootstrap/3.3.7/css/bootstrap.min.css]
[maxcdn.bootstrapcdn.com/font-awesome/4.7.0/css/font-awesome.min.css]
[www.thenestcomfortpg.com/captcha/normal/aboutus.gif]
[www.thenestcomfortpg.com/about-us.html]
[www.thenestcomfortpg.com/amenities.html]
[www.thenestcomfortpg.com/availability.html]
[www.thenestcomfortpg.com/accomodation.html]
[www.thenestcomfortpg.com/rules.html]
[www.thenestcomfortpg.com/gallery.html]
[www.thenestcomfortpg.com/contactus.html]
[www.thenestcomfortpg.com/www.thenestcomfortpg.html]
[www.thenestcomfortpg.com/make-payment.html]
[www.thenestcomfortpg.com/food.html]
[www.thenestcomfortpg.com/security-and-safety.html]
[www.thenestcomfortpg.com/rooms/change_paymentprice.html]
[www.thenestcomfortpg.com/twin-sharing.html]
[www.thenestcomfortpg.com/rooms/enquiry/12.html]
[www.thenestcomfortpg.com/tripple-sharing.html]
[www.thenestcomfortpg.com/rooms/enquiry/11.html]
[www.thenestcomfortpg.com/four-sharing.html]
[www.thenestcomfortpg.com/rooms/enquiry/10.html]
[www.thenestcomfortpg.com/five-sharing.html]
[www.thenestcomfortpg.com/mailto_info@thenestcomfortpg.html]
[www.thenestcomfortpg.com/faq.html]
[www.thenestcomfortpg.com/sitemap.html]
[www.thenestcomfortpg.com/management.html]
[www.thenestcomfortpg.com/pricing.html]
[www.thenestcomfortpg.com/room.html]
[maxcdn.bootstrapcdn.com/font-awesome/4.7.0/css/font-awesome.min.css]
[www.thenestcomfortpg.com/www.thenestcomfortpg.html]
[www.thenestcomfortpg.com/rooms/change_paymentprice.html]
[www.thenestcomfortpg.com/rooms/enquiry/9.html]
[www.thenestcomfortpg.com/rooms/enquiry/favicon.html]
[www.thenestcomfortpg.com/captcha/normal.gif]
[www.thenestcomfortpg.com/rooms/enquiry/12.html]
[www.thenestcomfortpg.com/rooms/enquiry/11.html]
[www.thenestcomfortpg.com/rooms/enquiry/10.html]
[www.thenestcomfortpg.com/rooms/enquiry/9.html]
[www.thenestcomfortpg.com/rooms/enquiry/favicon.html]
[www.thenestcomfortpg.com/rooms/changeprice.html]
[www.thenestcomfortpg.com/rooms/changeprice.html]
