[bim.themescamp.com/demo2/index.html]
[backblue.gif]
[fade.gif]
[index.html]
[bim.themescamp.com/demo2/comments/feed/index.html]
[bim.themescamp.com/demo2/wp-includes/css/dist/block-library/style.mind988.css]
[bim.themescamp.com/demo2/feed/index.html]
[bim.themescamp.com/demo2/wp-content/plugins/woocommerce/packages/woocommerce-blocks/build/vendors-style1852.css]
[bim.themescamp.com/demo2/wp-content/plugins/woocommerce/packages/woocommerce-blocks/build/style1852.css]
[bim.themescamp.com/demo2/wp-content/plugins/metronet-profile-picture/dist/blocks.style.build5f5a.css]
[bim.themescamp.com/demo2/wp-content/plugins/contact-form-7/includes/css/stylesc225.css]
[bim.themescamp.com/demo2/wp-content/plugins/woocommerce/assets/css/woocommerce-layout7e15.css]
[bim.themescamp.com/demo2/wp-content/plugins/woocommerce/assets/css/woocommerce-smallscreen7e15.css]
[bim.themescamp.com/demo2/wp-content/plugins/woocommerce/assets/css/woocommerce7e15.css]
[bim.themescamp.com/demo2/wp-content/plugins/bim_plugin/widgets/css/style8a54.css]
[bim.themescamp.com/demo2/wp-content/themes/bim/css/bootstrap.min68b3.css]
[bim.themescamp.com/demo2/wp-content/plugins/elementor/assets/lib/font-awesome/css/font-awesome.min1849.css]
[bim.themescamp.com/demo2/wp-content/themes/bim/css/icon-font.min68b3.css]
[bim.themescamp.com/demo2/wp-content/themes/bim/css/magnific-popup68b3.css]
[bim.themescamp.com/demo2/wp-content/themes/bim/css/animate68b3.css]
[bim.themescamp.com/demo2/wp-content/themes/bim/css/magic68b3.css]
[bim.themescamp.com/demo2/wp-content/themes/bim/css/slick68b3.css]
[bim.themescamp.com/demo2/wp-content/themes/bim/css/jquery.fatNav68b3.css]
[bim.themescamp.com/demo2/wp-content/themes/bim/css/animate.headline68b3.css]
[bim.themescamp.com/demo2/wp-content/themes/bim/css/splitting68b3.css]
[bim.themescamp.com/demo2/wp-content/themes/bim/css/splitting-cells68b3.css]
[bim.themescamp.com/demo2/wp-content/themes/bim/style8a54.css]
[bim.themescamp.com/demo2/wp-content/plugins/elementor/assets/lib/eicons/css/elementor-icons.min21f9.css]
[bim.themescamp.com/demo2/wp-content/plugins/elementor/assets/lib/animations/animations.minaeb9.css]
[bim.themescamp.com/demo2/wp-content/plugins/elementor/assets/css/frontend-legacy.minaeb9.css]
[bim.themescamp.com/demo2/wp-content/plugins/elementor/assets/css/frontend.minaeb9.css]
[bim.themescamp.com/demo2/wp-content/uploads/sites/5/elementor/css/post-3160d0b1.css]
[bim.themescamp.com/demo2/wp-content/plugins/better-elementor-addons/assets/css/pe-icon-7-stroke38be.css]
[bim.themescamp.com/demo2/wp-content/plugins/better-elementor-addons/assets/css/fontawesome.min38be.css]
[bim.themescamp.com/demo2/wp-content/plugins/better-elementor-addons/assets/css/twentytwenty38be.css]
[bim.themescamp.com/demo2/wp-content/plugins/better-elementor-addons/assets/css/animate38be.css]
[bim.themescamp.com/demo2/wp-content/plugins/better-elementor-addons/assets/css/youtubepopup38be.css]
[bim.themescamp.com/demo2/wp-content/plugins/better-elementor-addons/assets/css/nice-select38be.css]
[bim.themescamp.com/demo2/wp-content/plugins/better-elementor-addons/assets/css/justifiedgallery.min38be.css]
[bim.themescamp.com/demo2/wp-content/plugins/better-elementor-addons/assets/css/slick-theme38be.css]
[bim.themescamp.com/demo2/wp-content/plugins/better-elementor-addons/assets/style38be.css]
[bim.themescamp.com/demo2/wp-content/plugins/elementor/assets/lib/font-awesome/css/all.minaeb9.css]
[bim.themescamp.com/demo2/wp-content/plugins/elementor/assets/lib/font-awesome/css/v4-shims.minaeb9.css]
[bim.themescamp.com/demo2/wp-content/uploads/sites/5/elementor/css/post-26330f11.css]
[bim.themescamp.com/demo2/wp-content/plugins/elementor/assets/lib/font-awesome/css/fontawesome.min9e0b.css]
[bim.themescamp.com/demo2/wp-content/plugins/elementor/assets/lib/font-awesome/css/brands.min9e0b.css]
[bim.themescamp.com/demo2/wp-content/plugins/elementor/assets/lib/font-awesome/css/regular.min9e0b.css]
[bim.themescamp.com/demo2/wp-content/plugins/elementor/assets/lib/font-awesome/css/solid.min9e0b.css]
[bim.themescamp.com/demo2/wp-includes/js/jquery/jquery.min9d52.js]
[bim.themescamp.com/demo2/wp-includes/js/jquery/jquery-migrate.mind617.js]
[bim.themescamp.com/demo2/wp-content/themes/bim/js/modernizrd988.js]
[bim.themescamp.com/demo2/wp-json/wp/v2/pages/2633.json]
[bim.themescamp.com/demo2/wp-json/index.html]
[bim.themescamp.com/demo2/wp-includes/wlwmanifest.xml]
[bim.themescamp.com/demo2/wp-json/oembed/1.0/embed12fd.json]
[bim.themescamp.com/demo2/wp-json/oembed/1.0/embede666]
[bim.themescamp.com/demo2/wp-content/uploads/sites/5/2020/08/cropped-Favicon-32x32.png]
[bim.themescamp.com/demo2/wp-content/uploads/sites/5/2020/08/cropped-Favicon-192x192.png]
[bim.themescamp.com/demo2/wp-content/uploads/sites/5/2020/08/cropped-Favicon-180x180.png]
[bim.themescamp.com/demo2/wp-content/themes/bim/images/loader-svgs/bim_loader.svg]
[bim.themescamp.com/demo2/wp-content/uploads/sites/5/2020/07/04.jpg]
[bim.themescamp.com/demo2/footer/footer-03/index.html]
[bim.themescamp.com/demo2/wp-content/uploads/sites/5/2020/07/2.jpg]
[bim.themescamp.com/demo2/wp-content/uploads/sites/5/2020/07/exp.jpg]
[bim.themescamp.com/demo2/wp-content/uploads/sites/5/2020/07/port5-1.jpg]
[bim.themescamp.com/demo2/wp-content/uploads/sites/5/2020/07/port1-3.jpg]
[bim.themescamp.com/demo2/wp-content/uploads/sites/5/2020/07/port2-2.jpg]
[bim.themescamp.com/demo2/wp-content/uploads/sites/5/2021/07/port6-2.jpg]
[bim.themescamp.com/demo2/wp-content/uploads/sites/5/elementor/css/post-3291d0b1.css]
[bim.themescamp.com/demo2/category/interior/index.html]
[bim.themescamp.com/demo2/category/modern/index.html]
[bim.themescamp.com/demo2/wp-content/plugins/metronet-profile-picture/js/mpp-frontend5f5a.js]
[bim.themescamp.com/demo2/2020/02/26/in-good-taste-mark-finlay-architects-and-interiors/index.html]
[bim.themescamp.com/demo2/wp-includes/js/dist/vendor/wp-polyfill.min89b1.js]
[bim.themescamp.com/demo2/2019/08/28/new-wooden-material/index.html]
[bim.themescamp.com/demo2/author/admin/index.html]
[bim.themescamp.com/demo2/wp-includes/js/dist/vendor/wp-polyfill-fetch.min6e0e.js]
[bim.themescamp.com/demo2/category/home-style/index.html]
[bim.themescamp.com/demo2/wp-includes/js/dist/vendor/wp-polyfill-node-contains.min2e00.js]
[bim.themescamp.com/demo2/2019/06/15/stylish-living-room-with-comfortable-sofa/index.html]
[bim.themescamp.com/demo2/wp-includes/js/dist/vendor/wp-polyfill-dom-rect.min2e00.js]
[bim.themescamp.com/demo2/wp-includes/js/dist/vendor/wp-polyfill-url.min5aed.js]
[bim.themescamp.com/demo2/wp-includes/js/dist/vendor/wp-polyfill-formdata.mine9bd.js]
[bim.themescamp.com/demo2/wp-includes/js/dist/vendor/wp-polyfill-element-closest.min4c56.js]
[bim.themescamp.com/demo2/wp-includes/js/dist/vendor/wp-polyfill-object-fit.min531b.js]
[bim.themescamp.com/demo2/wp-content/plugins/contact-form-7/includes/js/indexc225.js]
[bim.themescamp.com/demo2/wp-content/plugins/shortpixel-adaptive-images/assets/js/ai.mina7f4.js]
[bim.themescamp.com/demo2/wp-content/plugins/woocommerce/assets/js/jquery-blockui/jquery.blockUI.min44fd.js]
[bim.themescamp.com/demo2/wp-content/plugins/woocommerce/assets/js/frontend/add-to-cart.min7e15.js]
[bim.themescamp.com/demo2/wp-content/plugins/woocommerce/assets/js/js-cookie/js.cookie.min6b25.js]
[bim.themescamp.com/demo2/wp-content/plugins/woocommerce/assets/js/frontend/woocommerce.min7e15.js]
[bim.themescamp.com/demo2/wp-content/plugins/woocommerce/assets/js/frontend/cart-fragments.min7e15.js]
[bim.themescamp.com/demo2/wp-content/themes/bim/js/bootstrap.mind988.js]
[bim.themescamp.com/demo2/wp-includes/js/jquery/ui/effect.min35d0.js]
[bim.themescamp.com/demo2/wp-content/themes/bim/js/superfishd988.js]
[bim.themescamp.com/demo2/wp-content/themes/bim/js/jquery.fitvidsd988.js]
[bim.themescamp.com/demo2/wp-content/themes/bim/js/jquery.magnific-popup.mind988.js]
[bim.themescamp.com/demo2/wp-content/themes/bim/js/jquery.stickyd988.js]
[bim.themescamp.com/demo2/wp-includes/js/imagesloaded.mineda1.js]
[bim.themescamp.com/demo2/wp-content/themes/bim/js/slick.mind988.js]
[bim.themescamp.com/demo2/wp-content/themes/bim/js/slick-animationd988.js]
[bim.themescamp.com/demo2/wp-content/themes/bim/js/ResizeSensor.mind988.js]
[bim.themescamp.com/demo2/wp-content/themes/bim/js/theia-sticky-sidebar.mind988.js]
[bim.themescamp.com/demo2/wp-content/plugins/better-elementor-addons/assets/js/wowd988.js]
[bim.themescamp.com/demo2/wp-content/themes/bim/js/svgembedder.mind988.js]
[bim.themescamp.com/demo2/wp-content/themes/bim/js/totopd988.js]
[bim.themescamp.com/demo2/wp-content/themes/bim/js/animated.headlined988.js]
[bim.themescamp.com/demo2/wp-content/plugins/better-elementor-addons/assets/js/splitting.mind988.js]
[bim.themescamp.com/demo2/wp-content/themes/bim/js/scriptsd988.js]
[bim.themescamp.com/demo2/wp-content/themes/bim/js/loaderd988.js]
[bim.themescamp.com/demo2/wp-includes/js/wp-embed.mind988.js]
[bim.themescamp.com/demo2/wp-content/plugins/elementor/assets/lib/slick/slick.minc245.js]
[bim.themescamp.com/demo2/wp-content/plugins/bim_plugin/widgets/js/slick-animation.js]
[bim.themescamp.com/demo2/wp-content/plugins/bim_plugin/widgets/js/slider.js]
[bim.themescamp.com/demo2/wp-content/plugins/bim_plugin/widgets/js/swiper.min.js]
[bim.themescamp.com/demo2/wp-content/plugins/better-elementor-addons/assets/js/scriptsd988.js]
[bim.themescamp.com/demo2/wp-content/plugins/better-elementor-addons/assets/js/imagesloaded.pkgd.mind988.js]
[bim.themescamp.com/demo2/wp-content/plugins/better-elementor-addons/assets/js/portfoliod988.js]
[bim.themescamp.com/demo2/wp-content/plugins/elementor/assets/lib/swiper/swiper.min48f5.js]
[bim.themescamp.com/demo2/wp-content/plugins/better-elementor-addons/assets/js/youtubepopupd988.js]
[bim.themescamp.com/demo2/wp-content/plugins/better-elementor-addons/assets/js/bootstrap.mind988.js]
[bim.themescamp.com/demo2/wp-content/plugins/better-elementor-addons/assets/js/parallaxied988.js]
[bim.themescamp.com/demo2/wp-content/plugins/better-elementor-addons/assets/js/simpleParallaxd988.js]
[bim.themescamp.com/demo2/wp-content/plugins/better-elementor-addons/assets/js/justifiedGalleryd988.js]
[bim.themescamp.com/demo2/wp-content/plugins/better-elementor-addons/assets/js/jquery.twentytwentyd988.js]
[bim.themescamp.com/demo2/wp-content/plugins/better-elementor-addons/assets/js/slick.mind988.js]
[bim.themescamp.com/demo2/wp-content/plugins/better-elementor-addons/assets/js/scrollitd988.js]
[bim.themescamp.com/demo2/wp-content/plugins/better-elementor-addons/assets/js/counterupd988.js]
[bim.themescamp.com/demo2/wp-content/plugins/better-elementor-addons/assets/js/jquery.event.moved988.js]
[bim.themescamp.com/demo2/wp-content/plugins/better-elementor-addons/assets/js/imageLoadedd988.js]
[bim.themescamp.com/demo2/wp-content/plugins/elementor/assets/lib/jquery-numerator/jquery-numerator.min3958.js]
[bim.themescamp.com/demo2/wp-content/plugins/elementor/assets/js/webpack.runtime.minaeb9.js]
[bim.themescamp.com/demo2/wp-content/plugins/elementor/assets/js/frontend-modules.minaeb9.js]
[bim.themescamp.com/demo2/wp-includes/js/jquery/ui/core.min35d0.js]
[bim.themescamp.com/demo2/wp-content/plugins/elementor/assets/lib/dialog/dialog.mina288.js]
[bim.themescamp.com/demo2/wp-content/plugins/elementor/assets/lib/waypoints/waypoints.min05da.js]
[bim.themescamp.com/demo2/wp-content/plugins/elementor/assets/lib/share-link/share-link.minaeb9.js]
[bim.themescamp.com/demo2/wp-content/plugins/elementor/assets/js/frontend.minaeb9.js]
[bim.themescamp.com/demo2/wp-content/plugins/elementor/assets/js/preloaded-elements-handlers.minaeb9.js]
[bim.themescamp.com/demo2/index.html]
[bim.themescamp.com/demo2/wp-includes/css/dist/block-library/style.mind988.css]
[bim.themescamp.com/demo2/wp-content/plugins/woocommerce/packages/woocommerce-blocks/build/vendors-style1852.css]
[bim.themescamp.com/demo2/wp-content/plugins/woocommerce/packages/woocommerce-blocks/build/style1852.css]
[bim.themescamp.com/demo2/wp-content/plugins/metronet-profile-picture/dist/blocks.style.build5f5a.css]
[bim.themescamp.com/demo2/wp-content/plugins/contact-form-7/includes/css/stylesc225.css]
[bim.themescamp.com/demo2/wp-content/plugins/woocommerce/assets/css/woocommerce-layout7e15.css]
[bim.themescamp.com/demo2/wp-content/plugins/woocommerce/assets/css/woocommerce-smallscreen7e15.css]
[bim.themescamp.com/demo2/wp-content/plugins/woocommerce/assets/fonts/star.eot]
[bim.themescamp.com/demo2/wp-content/plugins/woocommerce/assets/fonts/stard41d.eot]
[bim.themescamp.com/demo2/wp-content/plugins/woocommerce/assets/fonts/star.woff]
[bim.themescamp.com/demo2/wp-content/plugins/woocommerce/assets/fonts/star.ttf]
[bim.themescamp.com/demo2/wp-content/plugins/woocommerce/assets/fonts/star.svg]
[bim.themescamp.com/demo2/wp-content/plugins/woocommerce/assets/fonts/WooCommerce.eot]
[bim.themescamp.com/demo2/wp-content/plugins/woocommerce/assets/fonts/WooCommerced41d.eot]
[bim.themescamp.com/demo2/wp-content/plugins/woocommerce/assets/fonts/WooCommerce.woff]
[bim.themescamp.com/demo2/wp-content/plugins/woocommerce/assets/fonts/WooCommerce.ttf]
[bim.themescamp.com/demo2/wp-content/plugins/woocommerce/assets/fonts/WooCommerce.svg]
[bim.themescamp.com/demo2/wp-content/plugins/woocommerce/assets/images/icons/loader.svg]
[bim.themescamp.com/demo2/wp-content/plugins/woocommerce/assets/images/icons/credit-cards/visa.svg]
[bim.themescamp.com/demo2/wp-content/plugins/woocommerce/assets/images/icons/credit-cards/mastercard.svg]
[bim.themescamp.com/demo2/wp-content/plugins/woocommerce/assets/images/icons/credit-cards/laser.svg]
[bim.themescamp.com/demo2/wp-content/plugins/woocommerce/assets/images/icons/credit-cards/diners.svg]
[bim.themescamp.com/demo2/wp-content/plugins/woocommerce/assets/images/icons/credit-cards/maestro.svg]
[bim.themescamp.com/demo2/wp-content/plugins/woocommerce/assets/images/icons/credit-cards/jcb.svg]
[bim.themescamp.com/demo2/wp-content/plugins/woocommerce/assets/images/icons/credit-cards/amex.svg]
[bim.themescamp.com/demo2/wp-content/plugins/woocommerce/assets/images/icons/credit-cards/discover.svg]
[bim.themescamp.com/demo2/wp-content/plugins/woocommerce/assets/css/woocommerce7e15.css]
[bim.themescamp.com/demo2/wp-content/plugins/bim_plugin/widgets/css/style8a54.css]
[bim.themescamp.com/demo2/wp-content/themes/bim/fonts/glyphicons-halflings-regular.eot]
[bim.themescamp.com/demo2/wp-content/themes/bim/fonts/glyphicons-halflings-regulard41d.eot]
[bim.themescamp.com/demo2/wp-content/themes/bim/fonts/glyphicons-halflings-regular.woff2]
[bim.themescamp.com/demo2/wp-content/themes/bim/fonts/glyphicons-halflings-regular.woff]
[bim.themescamp.com/demo2/wp-content/themes/bim/fonts/glyphicons-halflings-regular.ttf]
[bim.themescamp.com/demo2/wp-content/themes/bim/fonts/glyphicons-halflings-regular.svg]
[bim.themescamp.com/demo2/wp-content/themes/bim/css/bootstrap.min68b3.css]
[bim.themescamp.com/demo2/wp-content/plugins/elementor/assets/lib/font-awesome/fonts/fontawesome-webfont3e6e.eot]
[bim.themescamp.com/demo2/wp-content/plugins/elementor/assets/lib/font-awesome/fonts/fontawesome-webfontd41d.eot]
[bim.themescamp.com/demo2/wp-content/plugins/elementor/assets/lib/font-awesome/fonts/fontawesome-webfont3e6e.woff2]
[bim.themescamp.com/demo2/wp-content/plugins/elementor/assets/lib/font-awesome/fonts/fontawesome-webfont3e6e.woff]
[bim.themescamp.com/demo2/wp-content/plugins/elementor/assets/lib/font-awesome/fonts/fontawesome-webfont3e6e.ttf]
[bim.themescamp.com/demo2/wp-content/plugins/elementor/assets/lib/font-awesome/css/font-awesome.min1849.css]
[bim.themescamp.com/demo2/wp-content/themes/bim/css/icon-font.min68b3.css]
[bim.themescamp.com/demo2/wp-content/themes/bim/css/magnific-popup68b3.css]
[bim.themescamp.com/demo2/wp-content/themes/bim/css/animate68b3.css]
[bim.themescamp.com/demo2/wp-content/themes/bim/css/magic68b3.css]
[bim.themescamp.com/demo2/wp-content/themes/bim/css/slick68b3.css]
[bim.themescamp.com/demo2/wp-content/themes/bim/css/jquery.fatNav68b3.css]
[bim.themescamp.com/demo2/wp-content/themes/bim/css/animate.headline68b3.css]
[bim.themescamp.com/demo2/wp-content/themes/bim/css/splitting68b3.css]
[bim.themescamp.com/demo2/wp-content/themes/bim/css/splitting-cells68b3.css]
[bim.themescamp.com/demo2/wp-content/plugins/elementor/assets/lib/font-awesome/fonts/fontawesome-webfont3e6e.svg]
[bim.themescamp.com/demo2/wp-content/themes/bim/style8a54.css]
[bim.themescamp.com/demo2/wp-content/plugins/elementor/assets/lib/eicons/fonts/eiconsa481.eot]
[bim.themescamp.com/demo2/wp-content/plugins/elementor/assets/lib/eicons/fonts/eiconsa481.woff2]
[bim.themescamp.com/demo2/wp-content/plugins/elementor/assets/lib/eicons/fonts/eiconsa481.woff]
[bim.themescamp.com/demo2/wp-content/plugins/elementor/assets/lib/eicons/css/elementor-icons.min21f9.css]
[bim.themescamp.com/demo2/wp-content/plugins/elementor/assets/lib/animations/animations.minaeb9.css]
[bim.themescamp.com/demo2/wp-content/plugins/elementor/assets/css/frontend-legacy.minaeb9.css]
[bim.themescamp.com/demo2/wp-content/plugins/elementor/assets/css/frontend.minaeb9.css]
[bim.themescamp.com/demo2/wp-content/uploads/sites/5/elementor/css/post-3160d0b1.css]
[bim.themescamp.com/demo2/wp-content/plugins/elementor/assets/lib/eicons/fonts/eiconsa481.svg]
[bim.themescamp.com/demo2/wp-content/plugins/elementor/assets/lib/eicons/fonts/eiconsa481.ttf]
[bim.themescamp.com/demo2/wp-content/plugins/better-elementor-addons/assets/webfonts/Pe-icon-7-strokebb1d.eot]
[bim.themescamp.com/demo2/wp-content/plugins/better-elementor-addons/assets/webfonts/Pe-icon-7-stroked41d.eot]
[bim.themescamp.com/demo2/wp-content/plugins/better-elementor-addons/assets/webfonts/Pe-icon-7-strokebb1d.woff]
[bim.themescamp.com/demo2/wp-content/plugins/better-elementor-addons/assets/webfonts/Pe-icon-7-strokebb1d.ttf]
[bim.themescamp.com/demo2/wp-content/plugins/better-elementor-addons/assets/css/pe-icon-7-stroke38be.css]
[bim.themescamp.com/demo2/wp-content/plugins/better-elementor-addons/assets/webfonts/Pe-icon-7-strokebb1d.svg]
[bim.themescamp.com/demo2/wp-content/plugins/better-elementor-addons/assets/webfonts/fa-brands-400.eot]
[bim.themescamp.com/demo2/wp-content/plugins/better-elementor-addons/assets/webfonts/fa-brands-400d41d.eot]
[bim.themescamp.com/demo2/wp-content/plugins/better-elementor-addons/assets/webfonts/fa-brands-400.woff2]
[bim.themescamp.com/demo2/wp-content/plugins/better-elementor-addons/assets/webfonts/fa-brands-400.woff]
[bim.themescamp.com/demo2/wp-content/plugins/better-elementor-addons/assets/webfonts/fa-brands-400.ttf]
[bim.themescamp.com/demo2/wp-content/plugins/better-elementor-addons/assets/webfonts/fa-regular-400.eot]
[bim.themescamp.com/demo2/wp-content/plugins/better-elementor-addons/assets/webfonts/fa-brands-400.svg]
[bim.themescamp.com/demo2/wp-content/plugins/better-elementor-addons/assets/webfonts/fa-regular-400d41d.eot]
[bim.themescamp.com/demo2/wp-content/plugins/better-elementor-addons/assets/webfonts/fa-regular-400.woff2]
[bim.themescamp.com/demo2/wp-content/plugins/better-elementor-addons/assets/webfonts/fa-regular-400.woff]
[bim.themescamp.com/demo2/wp-content/plugins/better-elementor-addons/assets/webfonts/fa-regular-400.ttf]
[bim.themescamp.com/demo2/wp-content/plugins/better-elementor-addons/assets/webfonts/fa-regular-400.svg]
[bim.themescamp.com/demo2/wp-content/plugins/better-elementor-addons/assets/webfonts/fa-solid-900.eot]
[bim.themescamp.com/demo2/wp-content/plugins/better-elementor-addons/assets/webfonts/fa-solid-900d41d.eot]
[bim.themescamp.com/demo2/wp-content/plugins/better-elementor-addons/assets/webfonts/fa-solid-900.woff2]
[bim.themescamp.com/demo2/wp-content/plugins/better-elementor-addons/assets/webfonts/fa-solid-900.woff]
[bim.themescamp.com/demo2/wp-content/plugins/better-elementor-addons/assets/webfonts/fa-solid-900.ttf]
[bim.themescamp.com/demo2/wp-content/plugins/better-elementor-addons/assets/css/fontawesome.min38be.css]
[bim.themescamp.com/demo2/wp-content/plugins/better-elementor-addons/assets/css/twentytwenty38be.css]
[bim.themescamp.com/demo2/wp-content/plugins/better-elementor-addons/assets/css/animate38be.css]
[bim.themescamp.com/demo2/wp-content/plugins/better-elementor-addons/assets/css/youtubepopup38be.css]
[bim.themescamp.com/demo2/wp-content/plugins/better-elementor-addons/assets/css/nice-select38be.css]
[bim.themescamp.com/demo2/wp-content/plugins/better-elementor-addons/assets/css/justifiedgallery.min38be.css]
[bim.themescamp.com/demo2/wp-content/plugins/better-elementor-addons/assets/css/slick-theme38be.css]
[bim.themescamp.com/demo2/wp-content/plugins/better-elementor-addons/assets/webfonts/fa-solid-900.svg]
[bim.themescamp.com/demo2/wp-content/plugins/better-elementor-addons/assets/img/line-pattern1.png]
[bim.themescamp.com/demo2/wp-content/plugins/better-elementor-addons/assets/img/pattern-bg.svg]
[bim.themescamp.com/demo2/wp-content/plugins/better-elementor-addons/assets/img/line-pattern-color.png]
[bim.themescamp.com/demo2/wp-content/plugins/better-elementor-addons/assets/img/patern.png]
[bim.themescamp.com/demo2/wp-content/plugins/better-elementor-addons/assets/style38be.css]
[bim.themescamp.com/demo2/wp-content/plugins/elementor/assets/lib/font-awesome/webfonts/fa-brands-400.eot]
[bim.themescamp.com/demo2/wp-content/plugins/elementor/assets/lib/font-awesome/webfonts/fa-brands-400d41d.eot]
[bim.themescamp.com/demo2/wp-content/plugins/elementor/assets/lib/font-awesome/webfonts/fa-brands-400.woff2]
[bim.themescamp.com/demo2/wp-content/plugins/elementor/assets/lib/font-awesome/webfonts/fa-brands-400.woff]
[bim.themescamp.com/demo2/wp-content/plugins/elementor/assets/lib/font-awesome/webfonts/fa-brands-400.ttf]
[bim.themescamp.com/demo2/wp-content/plugins/elementor/assets/lib/font-awesome/webfonts/fa-regular-400.eot]
[bim.themescamp.com/demo2/wp-content/plugins/elementor/assets/lib/font-awesome/webfonts/fa-brands-400.svg]
[bim.themescamp.com/demo2/wp-content/plugins/elementor/assets/lib/font-awesome/webfonts/fa-regular-400d41d.eot]
[bim.themescamp.com/demo2/wp-content/plugins/elementor/assets/lib/font-awesome/webfonts/fa-regular-400.woff2]
[bim.themescamp.com/demo2/wp-content/plugins/elementor/assets/lib/font-awesome/webfonts/fa-regular-400.woff]
[bim.themescamp.com/demo2/wp-content/plugins/elementor/assets/lib/font-awesome/webfonts/fa-regular-400.ttf]
[bim.themescamp.com/demo2/wp-content/plugins/elementor/assets/lib/font-awesome/webfonts/fa-regular-400.svg]
[bim.themescamp.com/demo2/wp-content/plugins/elementor/assets/lib/font-awesome/webfonts/fa-solid-900.eot]
[bim.themescamp.com/demo2/wp-content/plugins/elementor/assets/lib/font-awesome/webfonts/fa-solid-900d41d.eot]
[bim.themescamp.com/demo2/wp-content/plugins/elementor/assets/lib/font-awesome/webfonts/fa-solid-900.woff2]
[bim.themescamp.com/demo2/wp-content/plugins/elementor/assets/lib/font-awesome/webfonts/fa-solid-900.woff]
[bim.themescamp.com/demo2/wp-content/plugins/elementor/assets/lib/font-awesome/webfonts/fa-solid-900.ttf]
[bim.themescamp.com/demo2/wp-content/plugins/elementor/assets/lib/font-awesome/css/all.minaeb9.css]
[bim.themescamp.com/demo2/wp-content/plugins/elementor/assets/lib/font-awesome/css/v4-shims.minaeb9.css]
[bim.themescamp.com/demo2/wp-content/plugins/elementor/assets/lib/font-awesome/webfonts/fa-solid-900.svg]
[bim.smartinnovates.com/demo2/wp-content/uploads/sites/5/2020/07/2.jpg]
[bim.smartinnovates.com/demo2/wp-content/uploads/sites/5/2020/07/S6-1.jpg]
[bim.smartinnovates.com/demo2/wp-content/uploads/sites/5/2020/07/line-pattern1.png]
[bim.themescamp.com/demo2/wp-content/uploads/sites/5/elementor/css/post-26330f11.css]
[bim.themescamp.com/demo2/wp-content/plugins/elementor/assets/lib/font-awesome/css/fontawesome.min9e0b.css]
[bim.themescamp.com/demo2/wp-content/plugins/elementor/assets/lib/font-awesome/css/brands.min9e0b.css]
[bim.themescamp.com/demo2/wp-content/plugins/elementor/assets/lib/font-awesome/css/regular.min9e0b.css]
[bim.themescamp.com/demo2/wp-content/plugins/elementor/assets/lib/font-awesome/css/solid.min9e0b.css]
[bim.themescamp.com/demo2/wp-content/themes/bim/images/loader-svgs/bim_loader.svg]
[bim.themescamp.com/demo2/wp-json/oembed/1.0/embed0579.json]
[bim.themescamp.com/demo2/wp-json/oembed/1.0/embedc0b4]
[bim.themescamp.com/demo2/footer/footer-03/index.html]
[bim.themescamp.com/demo2/wp-json/wp/v2/categories/18.json]
[bim.themescamp.com/demo2/wp-content/uploads/sites/5/2020/07/sq-img-12.jpg]
[bim.themescamp.com/demo2/category/interior/feed/index.html]
[bim.themescamp.com/demo2/tag/home-style/index.html]
[bim.themescamp.com/demo2/tag/design/index.html]
[bim.themescamp.com/demo2/wp-content/uploads/sites/5/2019/05/port-03.jpg]
[bim.themescamp.com/demo2/tag/planning/index.html]
[bim.themescamp.com/demo2/wp-content/uploads/sites/5/2020/07/sq-img-07.jpg]
[bim.themescamp.com/demo2/2019/04/17/nominated-the-top-architecture-of-the-year/index.html]
[bim.themescamp.com/demo2/tag/architecture/index.html]
[bim.themescamp.com/demo2/category/architecture/index.html]
[bim.themescamp.com/demo2/wp-content/uploads/sites/5/2020/06/2.jpg]
[bim.themescamp.com/demo2/tag/award/index.html]
[bim.themescamp.com/demo2/wp-content/uploads/sites/5/2020/06/04.jpg]
[bim.themescamp.com/demo2/2019/05/18/new-material-of-wooden-walls-covering/index.html]
[bim.themescamp.com/demo2/wp-content/uploads/sites/5/2020/06/02-1.jpg]
[bim.themescamp.com/demo2/category/interior/index.html]
[bim.themescamp.com/demo2/2019/05/18/interior-trend-design/index.html]
[bim.themescamp.com/demo2/tag/interior/index.html]
[bim.themescamp.com/demo2/tag/modern/index.html]
[bim.themescamp.com/demo2/tag/trend/index.html]
[bim.themescamp.com/demo2/wp-json/wp/v2/categories/19.json]
[bim.themescamp.com/demo2/category/modern/index.html]
[bim.themescamp.com/demo2/category/uncategorized/index.html]
[bim.themescamp.com/demo2/category/modern/feed/index.html]
[bim.themescamp.com/demo2/wp-content/uploads/sites/5/elementor/css/post-2827efd6.css]
[bim.themescamp.com/demo2/2020/02/26/in-good-taste-mark-finlay-architects-and-interiors/feed/index.html]
[bim.themescamp.com/demo2/wp-json/wp/v2/posts/2827.json]
[bim.themescamp.com/demo2/wp-json/oembed/1.0/embeded35.json]
[bim.themescamp.com/demo2/wp-json/oembed/1.0/embede3b6]
[bim.themescamp.com/demo2/wp-content/uploads/sites/5/2020/06/03.jpg]
[bim.themescamp.com/demo2/wp-content/uploads/sites/5/elementor/css/post-113c9f5.css]
[bim.themescamp.com/demo2/wp-includes/js/comment-reply.mind988.js]
[bim.themescamp.com/demo2/2020/02/26/in-good-taste-mark-finlay-architects-and-interiors/index.html]
[bim.themescamp.com/demo2/wp-json/wp/v2/users/1.json]
[bim.themescamp.com/demo2/author/admin/index.html]
[bim.themescamp.com/demo2/author/admin/feed/index.html]
[bim.themescamp.com/demo2/wp-content/uploads/sites/5/elementor/css/post-16102e1a.css]
[bim.themescamp.com/demo2/2019/08/28/new-wooden-material/feed/index.html]
[bim.themescamp.com/demo2/wp-json/wp/v2/posts/1610.json]
[bim.themescamp.com/demo2/wp-json/oembed/1.0/embed75cf.json]
[bim.themescamp.com/demo2/wp-json/oembed/1.0/embed2796]
[bim.themescamp.com/demo2/wp-content/uploads/sites/5/2019/08/02.jpg]
[bim.themescamp.com/demo2/2019/08/28/new-wooden-material/index.html]
[bim.themescamp.com/demo2/2019/08/28/new-wooden-material/index04d3.html]
[bim.themescamp.com/demo2/wp-json/wp/v2/categories/17.json]
[bim.themescamp.com/demo2/category/home-style/index.html]
[bim.themescamp.com/demo2/category/home-style/feed/index.html]
[bim.themescamp.com/demo2/wp-content/uploads/sites/5/elementor/css/post-1042afa1.css]
[bim.themescamp.com/demo2/2019/06/15/stylish-living-room-with-comfortable-sofa/feed/index.html]
[bim.themescamp.com/demo2/wp-json/wp/v2/posts/1042.json]
[bim.themescamp.com/demo2/wp-json/oembed/1.0/embed21af.json]
[bim.themescamp.com/demo2/wp-json/oembed/1.0/embed97cd]
[bim.themescamp.com/demo2/2019/06/15/stylish-living-room-with-comfortable-sofa/index.html]
[bim.themescamp.com/demo2/wp-content/uploads/sites/5/elementor/css/post-3291d0b1.css]
[bim.themescamp.com/demo2/wp-content/plugins/woocommerce/assets/fonts/star.svg]
[bim.themescamp.com/demo2/wp-content/plugins/woocommerce/assets/fonts/WooCommerce.svg]
[bim.themescamp.com/demo2/wp-content/plugins/woocommerce/assets/images/icons/loader.svg]
[bim.themescamp.com/demo2/wp-content/plugins/woocommerce/assets/images/icons/credit-cards/visa.svg]
[bim.themescamp.com/demo2/wp-content/plugins/woocommerce/assets/images/icons/credit-cards/mastercard.svg]
[bim.themescamp.com/demo2/wp-content/plugins/woocommerce/assets/images/icons/credit-cards/laser.svg]
[bim.themescamp.com/demo2/wp-content/plugins/woocommerce/assets/images/icons/credit-cards/diners.svg]
[bim.themescamp.com/demo2/wp-content/plugins/woocommerce/assets/images/icons/credit-cards/maestro.svg]
[bim.themescamp.com/demo2/wp-content/plugins/woocommerce/assets/images/icons/credit-cards/jcb.svg]
[bim.themescamp.com/demo2/wp-content/plugins/woocommerce/assets/images/icons/credit-cards/amex.svg]
[bim.themescamp.com/demo2/wp-content/plugins/woocommerce/assets/images/icons/credit-cards/discover.svg]
[bim.themescamp.com/demo2/wp-content/themes/bim/fonts/glyphicons-halflings-regular.html]
[bim.themescamp.com/demo2/wp-content/themes/bim/fonts/glyphicons-halflings-regulard41d.html]
[bim.themescamp.com/demo2/wp-content/themes/bim/fonts/glyphicons-halflings-regular-2.html]
[bim.themescamp.com/demo2/wp-content/themes/bim/fonts/glyphicons-halflings-regular-3.html]
[bim.themescamp.com/demo2/wp-content/themes/bim/fonts/glyphicons-halflings-regular-4.html]
[bim.themescamp.com/demo2/wp-content/themes/bim/fonts/glyphicons-halflings-regular-5.html]
[bim.themescamp.com/demo2/wp-content/plugins/elementor/assets/lib/font-awesome/fonts/fontawesome-webfont3e6e.svg]
[bim.themescamp.com/demo2/2019/06/15/stylish-living-room-with-comfortable-sofa/indexfc06.html]
[bim.themescamp.com/demo2/2019/06/15/stylish-living-room-with-comfortable-sofa/index94a5.html]
[bim.themescamp.com/demo2/wp-content/plugins/elementor/assets/lib/eicons/fonts/eiconsa481.svg]
[bim.themescamp.com/demo2/wp-content/plugins/better-elementor-addons/assets/webfonts/Pe-icon-7-strokebb1d.svg]
[bim.themescamp.com/demo2/wp-content/plugins/better-elementor-addons/assets/webfonts/fa-brands-400.svg]
[bim.themescamp.com/demo2/wp-content/plugins/better-elementor-addons/assets/webfonts/fa-regular-400.svg]
[bim.themescamp.com/demo2/wp-content/plugins/better-elementor-addons/assets/webfonts/fa-solid-900.svg]
[bim.themescamp.com/demo2/wp-content/plugins/better-elementor-addons/assets/img/pattern-bg.svg]
[bim.themescamp.com/demo2/wp-content/plugins/elementor/assets/lib/font-awesome/webfonts/fa-brands-400.svg]
[bim.themescamp.com/demo2/wp-content/plugins/elementor/assets/lib/font-awesome/webfonts/fa-regular-400.svg]
[bim.themescamp.com/demo2/wp-content/plugins/elementor/assets/lib/font-awesome/webfonts/fa-solid-900.svg]
[bim.themescamp.com/demo2/indexa1a0.html]
[bim.themescamp.com/demo2/wp-content/plugins/better-elementor-addons/assets/js/isotoped988.js]
[bim.themescamp.com/demo2/tag/design/feed/index.html]
[bim.themescamp.com/demo2/wp-json/wp/v2/tags/23.json]
[bim.themescamp.com/demo2/tag/design/index.html]
[bim.themescamp.com/demo2/wp-json/wp/v2/tags/24.json]
[bim.themescamp.com/demo2/tag/home-style/index.html]
[bim.themescamp.com/demo2/tag/home-style/feed/index.html]
[bim.themescamp.com/demo2/wp-json/wp/v2/tags/29.json]
[bim.themescamp.com/demo2/tag/planning/index.html]
[bim.themescamp.com/demo2/tag/planning/feed/index.html]
[bim.themescamp.com/demo2/wp-content/uploads/sites/5/elementor/css/post-75071f.css]
[bim.themescamp.com/demo2/2019/04/17/nominated-the-top-architecture-of-the-year/feed/index.html]
[bim.themescamp.com/demo2/wp-json/wp/v2/posts/75.json]
[bim.themescamp.com/demo2/wp-json/oembed/1.0/embed4f96.json]
[bim.themescamp.com/demo2/wp-json/oembed/1.0/embedef43]
[bim.themescamp.com/demo2/wp-content/uploads/sites/5/2020/06/01.jpg]
[bim.themescamp.com/demo2/2019/04/17/nominated-the-top-architecture-of-the-year/index.html]
[bim.themescamp.com/demo2/2019/04/17/nominated-the-top-architecture-of-the-year/index0e22.html]
[bim.themescamp.com/demo2/wp-json/wp/v2/categories/16.json]
[bim.themescamp.com/demo2/category/architecture/index.html]
[bim.themescamp.com/demo2/category/architecture/feed/index.html]
[bim.themescamp.com/demo2/wp-json/wp/v2/tags/21.json]
[bim.themescamp.com/demo2/tag/architecture/index.html]
[bim.themescamp.com/demo2/tag/architecture/feed/index.html]
[bim.themescamp.com/demo2/wp-json/wp/v2/tags/22.json]
[bim.themescamp.com/demo2/tag/award/index.html]
[bim.themescamp.com/demo2/tag/award/feed/index.html]
[bim.themescamp.com/demo2/wp-content/uploads/sites/5/elementor/css/post-11845ad.css]
[bim.themescamp.com/demo2/2019/05/18/new-material-of-wooden-walls-covering/feed/index.html]
[bim.themescamp.com/demo2/wp-json/wp/v2/posts/118.json]
[bim.themescamp.com/demo2/wp-json/oembed/1.0/embed53fe.json]
[bim.themescamp.com/demo2/wp-json/oembed/1.0/embed77b3]
[bim.themescamp.com/demo2/2019/05/18/new-material-of-wooden-walls-covering/index.html]
[bim.themescamp.com/demo2/2019/05/18/new-material-of-wooden-walls-covering/index267f.html]
[bim.themescamp.com/demo2/wp-json/wp/v2/posts/113.json]
[bim.themescamp.com/demo2/2019/05/18/interior-trend-design/feed/index.html]
[bim.themescamp.com/demo2/wp-json/oembed/1.0/embedc271.json]
[bim.themescamp.com/demo2/wp-json/oembed/1.0/embed156f]
[bim.themescamp.com/demo2/wp-content/uploads/sites/5/2019/05/blog-2.jpg]
[bim.themescamp.com/demo2/2019/05/18/interior-trend-design/index.html]
[bim.themescamp.com/demo2/2019/05/18/interior-trend-design/index21b4.html]
[bim.themescamp.com/demo2/2019/05/18/interior-trend-design/index8e42.html]
[bim.themescamp.com/demo2/tag/interior/feed/index.html]
[bim.themescamp.com/demo2/wp-json/wp/v2/tags/25.json]
[bim.themescamp.com/demo2/tag/interior/index.html]
[bim.themescamp.com/demo2/tag/modern/feed/index.html]
[bim.themescamp.com/demo2/wp-json/wp/v2/tags/27.json]
[bim.themescamp.com/demo2/tag/modern/index.html]
[bim.themescamp.com/demo2/wp-json/wp/v2/tags/31.json]
[bim.themescamp.com/demo2/tag/trend/index.html]
[bim.themescamp.com/demo2/tag/trend/feed/index.html]
[bim.themescamp.com/demo2/wp-json/wp/v2/categories/1.json]
[bim.themescamp.com/demo2/category/uncategorized/index.html]
[innovationplans.com/themes/bim/wp/wp-content/uploads/2020/06/02-1.jpg]
[bim.themescamp.com/demo2/wp-content/uploads/sites/5/elementor/css/post-2827efd6.css]
[bim.themescamp.com/demo2/index2cee.html]
[pinterest.com/pin/create/button/index7b48.html]
[bim.themescamp.com/demo2/wp-content/uploads/sites/5/elementor/css/post-113c9f5.css]
[bim.themescamp.com/demo2/wp-content/uploads/sites/5/elementor/css/post-16102e1a.css]
[bim.themescamp.com/demo2/index4cea.html]
[bim.themescamp.com/demo2/category/uncategorized/feed/index.html]
[bim.themescamp.com/demo2/2019/08/28/new-wooden-material/index04d3.html]
[bim.themescamp.com/demo2/wp-content/uploads/sites/5/elementor/css/post-1042afa1.css]
[bim.themescamp.com/demo2/index817f.html]
[bim.themescamp.com/demo2/wp-content/plugins/elementor/assets/lib/font-awesome/js/v4-shims.minaeb9.js]
[bim.themescamp.com/demo2/2019/06/15/stylish-living-room-with-comfortable-sofa/index94a5.html]
[bim.themescamp.com/demo2/2019/06/15/stylish-living-room-with-comfortable-sofa/indexfc06.html]
[bim.themescamp.com/demo2/xmlrpc0db0.php]
[bim.themescamp.com/demo2/wp-content/uploads/sites/5/elementor/css/post-75071f.css]
[bim.themescamp.com/demo2/indexe839.html]
[bim.themescamp.com/demo2/2019/04/17/nominated-the-top-architecture-of-the-year/index0e22.html]
[bim.themescamp.com/demo2/wp-content/uploads/sites/5/elementor/css/post-11845ad.css]
[bim.themescamp.com/demo2/indexdb4e.html]
[bim.themescamp.com/demo2/2019/05/18/new-material-of-wooden-walls-covering/index267f.html]
[bim.themescamp.com/demo2/index3961.html]
[bim.themescamp.com/demo2/2019/05/18/interior-trend-design/index21b4.html]
[bim.themescamp.com/demo2/2019/05/18/interior-trend-design/index8e42.html]
[bim.themescamp.com/demo2/2019/04/17/nominated-the-top-architecture-of-the-year/index3094.html]
[bim.themescamp.com/demo2/2019/05/18/new-material-of-wooden-walls-covering/index41b7.html]
[pinterest.com/pin/create/button/index6aef.html]
[bim.themescamp.com/demo2/wp-content/plugins/bim_plugin/widgets/js/slider-swiper.js]
[bim.themescamp.com/demo2/wp-content/themes/img/exp.html]
[bim.themescamp.com/demo2/wp-content/plugins/better-elementor-addons/assets/images/close.html]
[bim.themescamp.com/demo2/2019/04/17/nominated-the-top-architecture-of-the-year/index3094.html]
[bim.themescamp.com/demo2/2019/05/18/new-material-of-wooden-walls-covering/index41b7.html]
[bim.themescamp.com/demo2/xmlrpc.php]
[bim.themescamp.com/demo2/2019/08/28/new-wooden-material/indexfa40.html]
[bim.themescamp.com/demo2/2019/08/28/new-wooden-material/indexfa40.html]
