[vegina-store.myshopify.com/index.html]
[cdn.shopify.com/s/files/1/0412/8151/9765/files/favicon_dbbdd964-343e-4c1f-ab35-a8ed8a654f84_32x320406.png]
[backblue.gif]
[fade.gif]
[index.html]
[cdn.shopify.com/s/files/1/0412/8151/9765/t/2/assets/bootstrap.min0418.css]
[cdn.shopify.com/s/files/1/0412/8151/9765/t/2/assets/font-awesome.min69a8.css]
[cdn.shopify.com/s/files/1/0412/8151/9765/t/2/assets/owl.carousel.min29c6.css]
[cdn.shopify.com/s/files/1/0412/8151/9765/t/2/assets/owl.theme.default.min0f90.css]
[cdn.shopify.com/s/files/1/0412/8151/9765/t/2/assets/swiper.min0673.css]
[cdn.shopify.com/s/files/1/0412/8151/9765/t/2/assets/simple-line-iconsba31.css]
[cdn.shopify.com/s/files/1/0412/8151/9765/t/2/assets/ionicons.mind367.css]
[cdn.shopify.com/s/files/1/0412/8151/9765/t/2/assets/plugins108e.css]
[cdn.shopify.com/s/files/1/0412/8151/9765/t/2/assets/themify-icons794f.css]
[cdn.shopify.com/s/files/1/0412/8151/9765/t/2/assets/style55d5.css]
[cdn.shopify.com/s/files/1/0412/8151/9765/t/2/assets/theme-customb237.css]
[cdn.shopify.com/s/files/1/0412/8151/9765/t/2/assets/skin-themef185.css]
[cdn.shopify.com/shopifycloud/checkout-web/assets/checkout-web-packages_Information_NoAddressLocation_Payment_PostPurchase_Review_Shipping_ShopPay_Sho_cf13f96e.baseline.en.8d3a709bcf8c04f77ed7.js]
[vegina-store.myshopify.com/nl.html]
[cdn.shopify.com/shopifycloud/checkout-web/assets/Information_Payment_ShopPay.baseline.en.935f71e1b5e37b1a673d.js]
[cdn.shopify.com/shopifycloud/checkout-web/assets/Information_Payment.baseline.en.e38e94a10255bd8dac2c.js]
[cdn.shopify.com/shopifycloud/checkout-web/assets/Information.baseline.en.3c067bc64a64a71ff5ad.js]
[cdn.shopify.com/shopifycloud/checkout-web/assets/checkout-web-ui_app.baseline.en.26a0342d355a675e2801.js]
[cdn.shopify.com/shopifycloud/checkout-web/assets/vendors_app.baseline.en.1188b9033722bc012e84.js]
[cdn.shopify.com/shopifycloud/checkout-web/assets/checkout-web-packages_app.baseline.en.4e70883e139eb5a799c1.js]
[cdn.shopify.com/shopifycloud/checkout-web/assets/vendors_app.baseline.en.954db6995929b6f1f646.css]
[cdn.shopify.com/shopifycloud/checkout-web/assets/app.baseline.en.dd733f21b66b59afc26d.css]
[cdn.shopify.com/shopifycloud/checkout-web/assets/Information_Payment_ShopPay.baseline.en.9f248e42bf2a8151ea27.css]
[vegina-store.myshopify.com/GET]
[cdn.shopify.com/shopifycloud/shopify/assets/storefront/load_feature-e154599399e6b8b29dcb1102cc76eb199fa33a09af4fa78d15e8f8544ee64fcd.js]
[cdn.shopify.com/shopifycloud/shopify/assets/storefront/features-87e8399988880142f2c62771b9d8f2ff6c290b3ff745dd426eb0dfe0db9d1dae.js]
[cdn.shopify.com/s/files/1/0412/8151/9765/t/2/assets/modernizr-2.8.3.min3f71.js]
[cdn.shopify.com/s/files/1/0412/8151/9765/t/2/assets/jquery-1.12.0.min79de.js]
[cdn.shopify.com/s/files/1/0412/8151/9765/t/2/assets/bootstrap.bundle.min2796.js]
[cdn.shopify.com/s/files/1/0412/8151/9765/t/2/assets/plugins65d8.js]
[cdn.shopify.com/s/files/1/0412/8151/9765/t/2/assets/owl.carousel.min5f7f.js]
[cdn.shopify.com/s/files/1/0412/8151/9765/t/2/assets/swiper.min4043.js]
[cdn.shopify.com/s/files/1/0412/8151/9765/t/2/assets/jquery.lazyload.mine560.js]
[cdn.shopify.com/s/files/1/0412/8151/9765/t/2/assets/imagesloaded.pkgd.minba1f.js]
[cdn.shopify.com/s/files/1/0412/8151/9765/t/2/assets/jquery.isotope.minb031.js]
[cdn.shopify.com/shopifycloud/shopify/assets/themes_support/option_selection-9f517843f664ad329c689020fb1e45d03cac979f64b9eb1651ea32858b0ff452.js]
[cdn.shopify.com/shopifycloud/shopify/assets/themes_support/api.jquery-e94e010e92e659b566dbc436fdfe5242764380e00398907a14955ba301a4749f.js]
[cdn.shopify.com/s/files/1/0412/8151/9765/t/2/assets/maind9d1.js]
[cdn.shopify.com/shopifycloud/shopify/assets/themes_support/shopify_common-8ea6ac3faf357236a97f5de749df4da6e8436ca107bc3a4ee805cbf08bc47392.js]
[vegina-store.myshopify.com/POST]
[cdn.shopify.com/s/trekkie.storefront.701f36a47153337658d848c1f5ce233a81e04f59.min.js]
[cdn.shopify.com/shopifycloud/shopify/assets/shop_events_listener-65cd0ba3fcd81a1df33f2510ec5bcf8c0e0958653b50e3965ec972dd638ee13f.js]
[cdn.shopify.com/shopifycloud/boomerang/shopify-boomerang-1.0.0.min.js]
[cdn.shopify.com/s/files/1/0412/8151/9765/files/news-bg_2_13793b84-07b8-4518-bd10-29942306d8b0f97a.jpg]
[vegina-store.myshopify.com/account/login4236.html]
[vegina-store.myshopify.com/account/register.html]
[vegina-store.myshopify.com/account/login.html]
[vegina-store.myshopify.com/pages/wishlist.html]
[vegina-store.myshopify.com/collections/frontpage.html]
[vegina-store.myshopify.com/products/100-fafe-organic-fruit.html]
[vegina-store.myshopify.com/products/fresh-green-orange.html]
[vegina-store.myshopify.com/products/henry-tixied-top.html]
[vegina-store.myshopify.com/products/binance-bags.html]
[vegina-store.myshopify.com/products/bantch-blazar-hint.html]
[vegina-store.myshopify.com/products/hmd-colection-watch.html]
[vegina-store.myshopify.com/products/ladies-sniper-crop.html]
[vegina-store.myshopify.com/products/fresh-avocado.html]
[vegina-store.myshopify.com/products/fresh-blueberry.html]
[vegina-store.myshopify.com/products/copy-of-blackberry-100-organic.html]
[vegina-store.myshopify.com/products/copy-of-sp-red-fresh-guava.html]
[vegina-store.myshopify.com/products/fresh-litchi-100-organic.html]
[vegina-store.myshopify.com/collections/bakers-rack.html]
[vegina-store.myshopify.com/products/fresh-grassben.html]
[vegina-store.myshopify.com/products/deli-roll-cake.html]
[cdn.shopify.com/s/files/1/0412/8151/9765/collections/banner4_560x350_crop_centerecc4.jpg]
[vegina-store.myshopify.com/collections/fast-foods.html]
[cdn.shopify.com/s/files/1/0412/8151/9765/collections/banner6_560x350_crop_centerf067.jpg]
[vegina-store.myshopify.com/collections/salads.html]
[cdn.shopify.com/s/files/1/0412/8151/9765/collections/banner5_19e6fd2c-70b2-459d-b4d5-d7680262856a_560x350_crop_center1b70.jpg]
[vegina-store.myshopify.com/pages/about-us.html]
[vegina-store.myshopify.com/pages/faqs.html]
[vegina-store.myshopify.com/pages/payment-policy.html]
[vegina-store.myshopify.com/pages/privacy-policy.html]
[vegina-store.myshopify.com/pages/contact-us.html]
[vegina-store.myshopify.com/pages/return-policy.html]
[vegina-store.myshopify.com/pages/terms-conditions.html]
[vegina-store.myshopify.com/404]
[vegina-store.myshopify.com/blogs/news.html]
[vegina-store.myshopify.com/blogs/recipies/italian-chiken-peri-peri.html]
[cdn.shopify.com/s/files/1/0412/8151/9765/files/icon_contact_1d544c80-aa06-4dd2-a206-999b26d599fdceae.png]
[vegina-store.myshopify.com/cart.html]
[vegina-store.myshopify.com/collections/fruits.html]
[cdn.shopify.com/s/files/1/0412/8151/9765/files/slider1-min1da9.jpg]
[cdn.shopify.com/s/files/1/0412/8151/9765/files/mobileslider-1b0fb.jpg]
[vegina-store.myshopify.com/collections/cat2.html]
[cdn.shopify.com/s/files/1/0412/8151/9765/files/slider27ae5.jpg]
[cdn.shopify.com/s/files/1/0412/8151/9765/files/mobileslider-2b0fb.jpg]
[cdn.shopify.com/s/files/1/0412/8151/9765/files/slider3_7f623fd1-a932-4b5c-92c7-292044869712afe8.jpg]
[cdn.shopify.com/s/files/1/0412/8151/9765/files/mobileslider-3b0fb.jpg]
[cdn.shopify.com/s/files/1/0412/8151/9765/files/banner-31d72.jpg]
[vegina-store.myshopify.com/products/children-formal-shirt.html]
[cdn.shopify.com/s/files/1/0412/8151/9765/files/banner-1d185.jpg]
[vegina-store.myshopify.com/collections/cat1.html]
[cdn.shopify.com/s/files/1/0412/8151/9765/files/cat2133f.jpg]
[vegina-store.myshopify.com/collections/cat4.html]
[cdn.shopify.com/s/files/1/0412/8151/9765/files/cat141c3.jpg]
[vegina-store.myshopify.com/collections/cat5.html]
[cdn.shopify.com/s/files/1/0412/8151/9765/files/cat3133f.jpg]
[cdn.shopify.com/s/files/1/0412/8151/9765/files/cat4133f.jpg]
[vegina-store.myshopify.com/collections/cat3.html]
[vegina-store.myshopify.com/collections/cat8.html]
[cdn.shopify.com/s/files/1/0412/8151/9765/files/cat5dc98.jpg]
[cdn.shopify.com/s/files/1/0412/8151/9765/files/cat6dc98.jpg]
[vegina-store.myshopify.com/collections/cat6.html]
[cdn.shopify.com/s/files/1/0412/8151/9765/files/cat7dc98.jpg]
[cdn.shopify.com/s/files/1/0412/8151/9765/files/cat8dc98.jpg]
[vegina-store.myshopify.com/collections/cat7.html]
[vegina-store.myshopify.com/collections/cat9.html]
[cdn.shopify.com/s/files/1/0412/8151/9765/files/cat9dc98.jpg]
[cdn.shopify.com/s/files/1/0412/8151/9765/products/20_590X668_crop_centere6e9.jpg]
[cdn.shopify.com/s/files/1/0412/8151/9765/products/8_82074fbc-f168-4c13-8964-5c60b8b5f482_590X668_crop_centerd5e3.jpg]
[vegina-store.myshopify.com/collections/vendor_vegist]
[vegina-store.myshopify.com/collections/vendors104b.html]
[vegina-store.myshopify.com/products/sp-red-fresh-guava.html]
[cdn.shopify.com/s/files/1/0412/8151/9765/products/30_590X668_crop_center3ff4.jpg]
[cdn.shopify.com/s/files/1/0412/8151/9765/products/7_cb645f59-fb9f-4cfd-998f-8c1317cff15e_590X668_crop_centerede0.jpg]
[vegina-store.myshopify.com/products/shrimp-jumbo-5-lb.html]
[cdn.shopify.com/s/files/1/0412/8151/9765/products/36_1_590X668_crop_center55aa.jpg]
[cdn.shopify.com/s/files/1/0412/8151/9765/products/34_590X668_crop_center55aa.jpg]
[vegina-store.myshopify.com/products/organic-coconet.html]
[cdn.shopify.com/s/files/1/0412/8151/9765/products/2_590X668_crop_center4c88.jpg]
[cdn.shopify.com/s/files/1/0412/8151/9765/products/39_590X668_crop_center80c8.jpg]
[vegina-store.myshopify.com/products/orange-juice-5ltr.html]
[cdn.shopify.com/s/files/1/0412/8151/9765/products/49_590X668_crop_centerb5d4.jpg]
[cdn.shopify.com/s/files/1/0412/8151/9765/products/47_590X668_crop_centerb5d4.jpg]
[vegina-store.myshopify.com/products/exclusive-zacket.html]
[cdn.shopify.com/s/files/1/0412/8151/9765/products/27_590X668_crop_center26a2.jpg]
[cdn.shopify.com/s/files/1/0412/8151/9765/products/11_63bd7f85-bfa5-4d43-b09f-d5b24e398ef6_590X668_crop_center2ba1.jpg]
[vegina-store.myshopify.com/products/fruits-banana-100-organic.html]
[cdn.shopify.com/s/files/1/0412/8151/9765/products/14_590X668_crop_centerd826.jpg]
[cdn.shopify.com/s/files/1/0412/8151/9765/products/7_3edd060e-53fe-4d4d-a0e1-43ad2e4a4059_590X668_crop_centere51a.jpg]
[vegina-store.myshopify.com/products/fresh-seafoods.html]
[cdn.shopify.com/s/files/1/0412/8151/9765/products/33_590X668_crop_centerb9ce.jpg]
[cdn.shopify.com/s/files/1/0412/8151/9765/products/34_34bd8b89-338f-40cb-b956-3aab4af3067b_590X668_crop_centerb9ce.jpg]
[cdn.shopify.com/s/files/1/0412/8151/9765/products/16_590X668_crop_center5578.jpg]
[cdn.shopify.com/s/files/1/0412/8151/9765/products/18_ba24dbe5-edaf-4e10-bd41-3a592dbc127b_590X668_crop_center5578.jpg]
[cdn.shopify.com/s/files/1/0412/8151/9765/products/29_590X668_crop_center1e66.jpg]
[cdn.shopify.com/s/files/1/0412/8151/9765/products/25_525c2823-683a-445e-b187-6fe7ca3f5a8e_590X668_crop_center834e.jpg]
[cdn.shopify.com/s/files/1/0412/8151/9765/files/dealbanner-min1da9.jpg]
[cdn.shopify.com/s/files/1/0412/8151/9765/products/25_590X668_crop_center44f2.jpg]
[cdn.shopify.com/s/files/1/0412/8151/9765/products/26_590X668_crop_center44f2.jpg]
[vegina-store.myshopify.com/products/fresh-mussel-500g.html]
[cdn.shopify.com/s/files/1/0412/8151/9765/products/45_590X668_crop_centere36d.jpg]
[cdn.shopify.com/s/files/1/0412/8151/9765/products/44_590X668_crop_centere36d.jpg]
[cdn.shopify.com/s/files/1/0412/8151/9765/products/11_590X668_crop_center72fb.jpg]
[cdn.shopify.com/s/files/1/0412/8151/9765/products/18_590X668_crop_center72fb.jpg]
[vegina-store.myshopify.com/products/fresh-dryed-almod-50g.html]
[cdn.shopify.com/s/files/1/0412/8151/9765/products/40_590X668_crop_center94cb.jpg]
[cdn.shopify.com/s/files/1/0412/8151/9765/products/43_590X668_crop_center94cb.jpg]
[cdn.shopify.com/s/files/1/0412/8151/9765/products/4_e3af2cd6-0f26-42a3-8071-42cae821c669_590X668_crop_center5c4f.jpg]
[cdn.shopify.com/s/files/1/0412/8151/9765/products/3_f7390f79-2601-4bf0-a996-6635b67d28c7_590X668_crop_centerea41.jpg]
[cdn.shopify.com/s/files/1/0412/8151/9765/products/3_590X668_crop_center5686.jpg]
[cdn.shopify.com/s/files/1/0412/8151/9765/products/5_5ab7d51a-067a-4c36-9aea-fd18aacd6b92_590X668_crop_center5686.jpg]
[cdn.shopify.com/s/files/1/0412/8151/9765/products/1_be228c2a-2270-4d74-9999-e2aaf713e29a_590X668_crop_center9f14.jpg]
[cdn.shopify.com/s/files/1/0412/8151/9765/products/2_f0faa15f-6149-4dd4-bf1e-a8c3d19a4cf4_590X668_crop_center847a.jpg]
[cdn.shopify.com/s/files/1/0412/8151/9765/products/7_590X668_crop_center1cb7.jpg]
[cdn.shopify.com/s/files/1/0412/8151/9765/products/32_590X668_crop_center9a3c.jpg]
[cdn.shopify.com/s/files/1/0412/8151/9765/products/22_590X668_crop_center8bd8.jpg]
[cdn.shopify.com/s/files/1/0412/8151/9765/products/5_5225cbcd-b11d-48de-95a7-156d513325f3_590X668_crop_center8bd8.jpg]
[cdn.shopify.com/s/files/1/0412/8151/9765/products/5_f217f634-03ae-4d04-9e2d-96d9d934f5f2_590X668_crop_center4bd8.jpg]
[cdn.shopify.com/s/files/1/0412/8151/9765/products/6_88a38cf3-a0e3-4a97-9932-656570d9c99c_590X668_crop_center4bd8.jpg]
[cdn.shopify.com/s/files/1/0412/8151/9765/products/19_590X668_crop_center1c46.jpg]
[cdn.shopify.com/s/files/1/0412/8151/9765/products/1_590X668_crop_centera0a9.jpg]
[cdn.shopify.com/s/files/1/0412/8151/9765/products/9_2eaa4c90-883b-4c16-b83b-dd3128df3c76_590X668_crop_centerad7b.jpg]
[cdn.shopify.com/s/files/1/0412/8151/9765/products/4_c5264f00-c8a3-4f0a-a992-eb10bf8c36a2_590X668_crop_centerad7b.jpg]
[vegina-store.myshopify.com/blogs/news/helth-and-skin-for-your-organic.html]
[cdn.shopify.com/s/files/1/0412/8151/9765/articles/blog-6_02d68299-7a7d-4597-87ff-057bdbf9928d_1024x10249b2d.jpg]
[vegina-store.myshopify.com/blogs/news/helth-and-skin-for-your-organic#comments]
[vegina-store.myshopify.com/blogs/news/organics-mix-masala-fresh-soft.html]
[cdn.shopify.com/s/files/1/0412/8151/9765/articles/blog-7_dcbccfda-a774-4cb3-b372-880081adaa29_1024x10249b2d.jpg]
[vegina-store.myshopify.com/blogs/news/organics-mix-masala-fresh-soft#comments]
[vegina-store.myshopify.com/blogs/news/fresh-organics-brand-and-picnic.html]
[cdn.shopify.com/s/files/1/0412/8151/9765/articles/blog-5_fef03722-1123-48e9-ba68-663832524ab0_1024x1024fe44.jpg]
[vegina-store.myshopify.com/blogs/news/fresh-organics-brand-and-picnic#comments]
[vegina-store.myshopify.com/blogs/news/vegina-special-liquide-fesh-vagi.html]
[cdn.shopify.com/s/files/1/0412/8151/9765/articles/blog-4_1ff8c58f-79d1-4e97-bff0-e7c236171b97_1024x10243497.jpg]
[vegina-store.myshopify.com/blogs/news/vegina-special-liquide-fesh-vagi#comments]
[vegina-store.myshopify.com/blogs/news/green-onion-knife-and-salad-placed.html]
[cdn.shopify.com/s/files/1/0412/8151/9765/articles/blog-3_01262cce-ca6e-4f5a-a9a8-93b9016af364_1024x10243497.jpg]
[vegina-store.myshopify.com/blogs/news/green-onion-knife-and-salad-placed#comments]
[vegina-store.myshopify.com/blogs/news/all-time-fresh-every-time-helthy.html]
[cdn.shopify.com/s/files/1/0412/8151/9765/articles/blog-2_f16054cd-c759-43fc-a870-37322e322142_1024x10243497.jpg]
[vegina-store.myshopify.com/blogs/news/all-time-fresh-every-time-helthy#comments]
[vegina-store.myshopify.com/blogs/news/helth-and-skin-for-your-organic-1.html]
[cdn.shopify.com/s/files/1/0412/8151/9765/articles/blog-1_ce56c2d0-c270-4592-9258-587aa4771bdc_1024x10246579.jpg]
[vegina-store.myshopify.com/blogs/news/helth-and-skin-for-your-organic-1#comments]
[cdn.shopify.com/s/files/1/0412/8151/9765/files/banner3-min1da9.jpg]
[cdn.shopify.com/s/files/1/0412/8151/9765/files/l8_8ed23c44-6775-4835-8afe-29b025190ae0495c.png]
[cdn.shopify.com/s/files/1/0412/8151/9765/files/l16698.png]
[cdn.shopify.com/s/files/1/0412/8151/9765/files/l6_fc7c2356-cd2c-4b15-9724-558a0a196ae36f51.png]
[cdn.shopify.com/s/files/1/0412/8151/9765/files/l36698.png]
[cdn.shopify.com/s/files/1/0412/8151/9765/files/l46698.png]
[cdn.shopify.com/s/files/1/0412/8151/9765/files/l76698.png]
[cdn.shopify.com/s/files/1/0412/8151/9765/files/l26698.png]
[cdn.shopify.com/s/files/1/0412/8151/9765/files/l56698.png]
[vegina-store.myshopify.com/pages/shipping-policy.html]
[vegina-store.myshopify.com/account/login4918.html]
[cdn.shopify.com/s/files/1/0412/8151/9765/t/2/assets/timberad0e.js]
[cdn.shopify.com/s/files/1/0412/8151/9765/t/2/assets/cart.api5d8e.js]
[cdn.shopify.com/s/files/1/0412/8151/9765/t/2/assets/wishlist2d13.js]
[www.google-analytics.com/analytics.js]
[vegina-store.myshopify.com/index.html]
[cdn.shopify.com/s/files/1/0412/8151/9765/t/2/assets/bootstrap.min0418.css]
[cdn.shopify.com/s/files/1/0412/8151/9765/t/2/assets/fontawesome-webfont3e6e.eot]
[cdn.shopify.com/s/files/1/0412/8151/9765/t/2/assets/fontawesome-webfontd41d.eot]
[cdn.shopify.com/s/files/1/0412/8151/9765/t/2/assets/fontawesome-webfont3e6e.woff2]
[cdn.shopify.com/s/files/1/0412/8151/9765/t/2/assets/fontawesome-webfont3e6e.woff]
[cdn.shopify.com/s/files/1/0412/8151/9765/t/2/assets/fontawesome-webfont3e6e.ttf]
[cdn.shopify.com/s/files/1/0412/8151/9765/t/2/assets/fontawesome-webfont3e6e.svg]
[cdn.shopify.com/s/files/1/0412/8151/9765/t/2/assets/font-awesome.min69a8.css]
[cdn.shopify.com/s/files/1/0412/8151/9765/t/2/assets/owl.video.play.png]
[cdn.shopify.com/s/files/1/0412/8151/9765/t/2/assets/owl.carousel.min29c6.css]
[cdn.shopify.com/s/files/1/0412/8151/9765/t/2/assets/owl.theme.default.min0f90.css]
[cdn.shopify.com/s/files/1/0412/8151/9765/t/2/assets/swiper.min0673.css]
[cdn.shopify.com/s/files/1/0412/8151/9765/t/2/assets/Simple-Line-Iconsb26c.eot]
[cdn.shopify.com/s/files/1/0412/8151/9765/t/2/assets/Simple-Line-Iconsb26c.woff2]
[cdn.shopify.com/s/files/1/0412/8151/9765/t/2/assets/Simple-Line-Iconsb26c.ttf]
[cdn.shopify.com/s/files/1/0412/8151/9765/t/2/assets/Simple-Line-Iconsb26c.woff]
[cdn.shopify.com/s/files/1/0412/8151/9765/t/2/assets/Simple-Line-Iconsb26c.svg]
[cdn.shopify.com/s/files/1/0412/8151/9765/t/2/assets/simple-line-iconsba31.css]
[cdn.shopify.com/s/files/1/0412/8151/9765/t/2/assets/ionicons28b5.eot]
[cdn.shopify.com/s/files/1/0412/8151/9765/t/2/assets/ionicons28b5.ttf]
[cdn.shopify.com/s/files/1/0412/8151/9765/t/2/assets/ionicons28b5.woff]
[cdn.shopify.com/s/files/1/0412/8151/9765/t/2/assets/ionicons28b5.svg]
[cdn.shopify.com/s/files/1/0412/8151/9765/t/2/assets/ionicons.mind367.css]
[cdn.shopify.com/s/files/1/0412/8151/9765/t/2/assets/plugins108e.css]
[cdn.shopify.com/s/files/1/0412/8151/9765/t/2/assets/themify9f24.eot]
[cdn.shopify.com/s/files/1/0412/8151/9765/t/2/assets/themifyd41d.eot]
[cdn.shopify.com/s/files/1/0412/8151/9765/t/2/assets/themify9f24.woff]
[cdn.shopify.com/s/files/1/0412/8151/9765/t/2/assets/themify9f24.ttf]
[cdn.shopify.com/s/files/1/0412/8151/9765/t/2/assets/themify9f24.svg]
[cdn.shopify.com/s/files/1/0412/8151/9765/t/2/assets/themify-icons794f.css]
[cdn.shopify.com/s/files/1/0412/8151/9765/t/2/assets/style55d5.css]
[cdn.shopify.com/s/files/1/0412/8151/9765/t/2/assets/theme-customb237.css]
[cdn.shopify.com/s/files/1/0412/8151/9765/files/breadcrumb9635.jpg]
[cdn.shopify.com/s/files/1/0412/8151/9765/t/2/assets/skin-themef185.css]
[cdn.shopify.com/shopifycloud/checkout-web/assets/checkout-web-packages_Information_NoAddressLocation_Payment_PostPurchase_Review_Shipping_ShopPay_Sho_cf13f96e.baseline.nl.8d3a709bcf8c04f77ed7.js]
[cdn.shopify.com/shopifycloud/checkout-web/assets/Information_Payment_ShopPay.baseline.nl.9db5741ef6b99c0e1183.js]
[cdn.shopify.com/shopifycloud/checkout-web/assets/Information_Payment.baseline.nl.91c52dd3a418537614df.js]
[cdn.shopify.com/shopifycloud/checkout-web/assets/Information.baseline.nl.8bd6d364fe65ea6d7dc8.js]
[cdn.shopify.com/shopifycloud/checkout-web/assets/checkout-web-ui_app.baseline.nl.26a0342d355a675e2801.js]
[cdn.shopify.com/shopifycloud/checkout-web/assets/vendors_app.baseline.nl.be6ec6f092c759efca17.js]
[cdn.shopify.com/shopifycloud/checkout-web/assets/checkout-web-packages_app.baseline.nl.b911b5efe1d193d1930d.js]
[cdn.shopify.com/shopifycloud/checkout-web/assets/vendors_app.baseline.nl.954db6995929b6f1f646.css]
[cdn.shopify.com/shopifycloud/checkout-web/assets/app.baseline.nl.dd733f21b66b59afc26d.css]
[cdn.shopify.com/shopifycloud/checkout-web/assets/Information_Payment_ShopPay.baseline.nl.9f248e42bf2a8151ea27.css]
[vegina-store.myshopify.com/nl/collections/frontpage.html]
[vegina-store.myshopify.com/nl/index.html]
[vegina-store.myshopify.com/nl/products/100-fafe-organic-fruit.html]
[vegina-store.myshopify.com/nl/products/fresh-green-orange.html]
[vegina-store.myshopify.com/nl/products/henry-tixied-top.html]
[vegina-store.myshopify.com/nl/products/binance-bags.html]
[vegina-store.myshopify.com/nl/products/bantch-blazar-hint.html]
[vegina-store.myshopify.com/nl/products/hmd-colection-watch.html]
[vegina-store.myshopify.com/nl/products/ladies-sniper-crop.html]
[vegina-store.myshopify.com/nl/products/fresh-avocado.html]
[vegina-store.myshopify.com/nl/products/fresh-blueberry.html]
[vegina-store.myshopify.com/nl/products/copy-of-blackberry-100-organic.html]
[vegina-store.myshopify.com/nl/products/copy-of-sp-red-fresh-guava.html]
[vegina-store.myshopify.com/nl/products/fresh-litchi-100-organic.html]
[vegina-store.myshopify.com/nl/collections/bakers-rack.html]
[vegina-store.myshopify.com/nl/products/fresh-grassben.html]
[vegina-store.myshopify.com/nl/products/deli-roll-cake.html]
[vegina-store.myshopify.com/nl/collections/fast-foods.html]
[vegina-store.myshopify.com/nl/collections/salads.html]
[vegina-store.myshopify.com/nl/pages/about-us.html]
[vegina-store.myshopify.com/nl/pages/faqs.html]
[vegina-store.myshopify.com/nl/pages/payment-policy.html]
[vegina-store.myshopify.com/nl/pages/privacy-policy.html]
[vegina-store.myshopify.com/nl/pages/contact-us.html]
[vegina-store.myshopify.com/nl/pages/return-policy.html]
[vegina-store.myshopify.com/nl/pages/terms-conditions.html]
[vegina-store.myshopify.com/nl/404]
[vegina-store.myshopify.com/nl/blogs/news.html]
[vegina-store.myshopify.com/nl/collections/fruits.html]
[vegina-store.myshopify.com/nl/collections/cat2.html]
[vegina-store.myshopify.com/nl/products/children-formal-shirt.html]
[vegina-store.myshopify.com/nl/collections/cat1.html]
[vegina-store.myshopify.com/nl/collections/cat4.html]
[vegina-store.myshopify.com/nl/collections/cat5.html]
[vegina-store.myshopify.com/nl/collections/cat3.html]
[vegina-store.myshopify.com/nl/collections/cat8.html]
[vegina-store.myshopify.com/nl/collections/cat6.html]
[vegina-store.myshopify.com/nl/collections/cat7.html]
[vegina-store.myshopify.com/nl/collections/cat9.html]
[vegina-store.myshopify.com/nl/collections/vendors104b.html]
[vegina-store.myshopify.com/nl/products/sp-red-fresh-guava.html]
[vegina-store.myshopify.com/nl/products/shrimp-jumbo-5-lb.html]
[vegina-store.myshopify.com/nl/products/organic-coconet.html]
[vegina-store.myshopify.com/nl/products/orange-juice-5ltr.html]
[vegina-store.myshopify.com/nl/products/exclusive-zacket.html]
[vegina-store.myshopify.com/nl/products/fruits-banana-100-organic.html]
[vegina-store.myshopify.com/nl/products/fresh-seafoods.html]
[vegina-store.myshopify.com/nl/products/fresh-mussel-500g.html]
[vegina-store.myshopify.com/nl/products/fresh-dryed-almod-50g.html]
[vegina-store.myshopify.com/nl/blogs/news/helth-and-skin-for-your-organic.html]
[vegina-store.myshopify.com/nl/blogs/news/organics-mix-masala-fresh-soft.html]
[vegina-store.myshopify.com/nl/blogs/news/fresh-organics-brand-and-picnic.html]
[vegina-store.myshopify.com/nl/blogs/news/vegina-special-liquide-fesh-vagi.html]
[vegina-store.myshopify.com/nl/blogs/news/green-onion-knife-and-salad-placed.html]
[vegina-store.myshopify.com/nl/blogs/news/all-time-fresh-every-time-helthy.html]
[vegina-store.myshopify.com/nl/blogs/news/helth-and-skin-for-your-organic-1.html]
[vegina-store.myshopify.com/nl/pages/shipping-policy.html]
[vegina-store.myshopify.com/nl/account/login8175.html]
[vegina-store.myshopify.com/nl/cart.html]
[vegina-store.myshopify.com/nl/pages/wishlist.html]
[vegina-store.myshopify.com/nl.html]
[cdn.shopify.com/shopifycloud/checkout-web/assets/vendors_app.baseline.en.954db6995929b6f1f646.css]
[cdn.shopify.com/shopifycloud/checkout-web/assets/app.baseline.en.dd733f21b66b59afc26d.css]
[cdn.shopify.com/shopifycloud/checkout-web/assets/Information_Payment_ShopPay.baseline.en.9f248e42bf2a8151ea27.css]
[vegina-store.myshopify.com/GET.html]
[vegina-store.myshopify.com/POST.html]
[vegina-store.myshopify.com/nl/account/logincee4.html]
[vegina-store.myshopify.com/nl/account/login.html]
[vegina-store.myshopify.com/account/GET]
[vegina-store.myshopify.com/account/POST]
[vegina-store.myshopify.com/account/login4236.html]
[vegina-store.myshopify.com/nl/account/register.html]
[vegina-store.myshopify.com/account/register.html]
[vegina-store.myshopify.com/account/login.html]
[cdn.shopify.com/shopifycloud/checkout-web/assets/checkout-web-packages-packages_checkout-react-html_src_hooks_title_ts.baseline.en.700a68afbb3ab05cb84e.js]
[cdn.shopify.com/shopifycloud/checkout-web/assets/vendors-node_modules_shopify_verdict_build_esm_index_mts_js.baseline.en.25bf2b8565fdc3522801.js]
[cdn.shopify.com/shopifycloud/checkout-web/assets/app_components_AddressForm_AddressForm_tsx-app_components_Step_Step_tsx-app_utilities_receipt-4dad45.baseline.en.e01d44ee9b75ec8cb1d4.js]
[cdn.shopify.com/shopifycloud/checkout-web/assets/app_components_BillingAddressForm_BillingAddressForm_tsx-app_components_Captcha_Captcha_tsx-a-e85787.baseline.en.16d759cb21db0bff80e1.js]
[cdn.shopify.com/shopifycloud/checkout-web/assets/Information.baseline.en.2b8794ad15bb439c50db.js]
[cdn.shopify.com/shopifycloud/checkout-web/assets/checkout-web-ui-packages_checkout-web-ui_src_styles_global_css_ts-packages_checkout-web-ui_sr-ed5f11.baseline.en.b34fd702c129b589ef9c.js]
[cdn.shopify.com/shopifycloud/checkout-web/assets/vendors-node_modules_bugsnag_js_browser_notifier_js-node_modules_formatjs_intl-datetimeformat-1e9384.baseline.en.d472e77159a12c238f1a.js]
[cdn.shopify.com/shopifycloud/checkout-web/assets/checkout-web-packages-packages_card-fields-react_src_hook_ts-packages_checkout-graphql_src_in-92a386.baseline.en.67198b5551828acdce32.js]
[cdn.shopify.com/shopifycloud/checkout-web/assets/vendors-node_modules_bugsnag_js_browser_notifier_js-node_modules_formatjs_intl-datetimeformat-1e9384.baseline.en.de4f58d7ba488f0a27d3.css]
[cdn.shopify.com/shopifycloud/checkout-web/assets/app.baseline.en.a269be6d96f9337cb0a6.css]
[vegina-store.myshopify.com/pages/GET]
[vegina-store.myshopify.com/pages/POST]
[cdn.shopify.com/s/files/1/0412/8151/9765/products/4_54ab18db-ca26-4488-8ee4-a3da7056669a_150x150_crop_center4bf5.jpg]
[vegina-store.myshopify.com/products/appetizing-bakery-bread.html]
[cdn.shopify.com/s/files/1/0412/8151/9765/products/11_150x150_crop_center72fb.jpg]
[cdn.shopify.com/s/files/1/0412/8151/9765/products/16_217f84d4-de2e-49bc-be37-1bc824035039_150x150_crop_center7d9a.jpg]
[vegina-store.myshopify.com/products/blackberry-100-organic.html]
[cdn.shopify.com/s/files/1/0412/8151/9765/products/5_749e43ae-3625-4e25-86d8-43168a7f495c_150x150_crop_centerad7d.jpg]
[vegina-store.myshopify.com/products/chocolate-cup-cake.html]
[cdn.shopify.com/s/files/1/0412/8151/9765/products/1_fec81a42-79c6-4dea-ac8c-8cd47aa95ad3_150x150_crop_centerec5f.jpg]
[vegina-store.myshopify.com/products/delicious-cookies.html]
[cdn.shopify.com/s/files/1/0412/8151/9765/products/7_729d5490-a577-488b-8b27-2b9f1fb4abc8_150x150_crop_centerb6ef.jpg]
[cdn.shopify.com/s/files/1/0412/8151/9765/products/3_300650c1-c207-4853-99e4-5ba551de04de_150x150_crop_center5e46.jpg]
[vegina-store.myshopify.com/products/copy-of-fresh-apple-5kg.html]
[cdn.shopify.com/s/files/1/0412/8151/9765/products/22_150x150_crop_center8bd8.jpg]
[vegina-store.myshopify.com/products/fresh-healthy-food.html]
[cdn.shopify.com/s/files/1/0412/8151/9765/products/1_bf13d410-358b-439d-80da-5b24e487064e_150x150_crop_centerbcec.jpg]
[cdn.shopify.com/s/files/1/0412/8151/9765/products/25_150x150_crop_center44f2.jpg]
[cdn.shopify.com/s/files/1/0412/8151/9765/products/2_cea41c0a-5029-4fa5-8a29-46458a2cfeb8_150x150_crop_center6f46.jpg]
[vegina-store.myshopify.com/products/fresh-apple-5kg.html]
[cdn.shopify.com/s/files/1/0412/8151/9765/products/3_150x150_crop_center5686.jpg]
[cdn.shopify.com/s/files/1/0412/8151/9765/products/3_17fda0d3-0c50-48cc-8e3d-cccc6e7db926_150x150_crop_center8bb2.jpg]
[vegina-store.myshopify.com/products/fresh-avocado-1.html]
[cdn.shopify.com/s/files/1/0412/8151/9765/products/9_2eaa4c90-883b-4c16-b83b-dd3128df3c76_150x150_crop_centerad7b.jpg]
[cdn.shopify.com/s/files/1/0412/8151/9765/products/4_cc35d6c0-5724-4bba-9fa1-6af3a657c078_150x150_crop_center05e1.jpg]
[vegina-store.myshopify.com/products/fresh-banana-100-safe.html]
[cdn.shopify.com/s/files/1/0412/8151/9765/products/1_be228c2a-2270-4d74-9999-e2aaf713e29a_150x150_crop_center9f14.jpg]
[cdn.shopify.com/s/files/1/0412/8151/9765/products/5_f2af588b-064b-4bee-8cf9-bb63cc1b389d_150x150_crop_center9954.jpg]
[vegina-store.myshopify.com/products/fresh-blueberry-1.html]
[cdn.shopify.com/s/files/1/0412/8151/9765/products/5_f217f634-03ae-4d04-9e2d-96d9d934f5f2_150x150_crop_center4bd8.jpg]
[cdn.shopify.com/s/files/1/0412/8151/9765/products/6_950e44e3-2dc5-4803-bdef-295a9b6cb7fa_150x150_crop_center5637.jpg]
[vegina-store.myshopify.com/products/fresh-carrot-natural-free.html]
[cdn.shopify.com/s/files/1/0412/8151/9765/products/40_150x150_crop_center94cb.jpg]
[cdn.shopify.com/s/files/1/0412/8151/9765/products/7_80e58ede-1fc9-45a1-b526-1f6ff566cf4f_150x150_crop_center5083.jpg]
[vegina-store.myshopify.com/products/copy-of-fresh-dryed-almod-50g.html]
[cdn.shopify.com/s/files/1/0412/8151/9765/products/4_e3af2cd6-0f26-42a3-8071-42cae821c669_150x150_crop_center5c4f.jpg]
[cdn.shopify.com/s/files/1/0412/8151/9765/products/8_bb6dc5b8-917c-48e1-acf1-e3dfe0a818d7_150x150_crop_center8aa0.jpg]
[vegina-store.myshopify.com/products/copy-of-fresh-grassben.html]
[cdn.shopify.com/s/files/1/0412/8151/9765/products/7_150x150_crop_center1cb7.jpg]
[cdn.shopify.com/s/files/1/0412/8151/9765/products/9_c13ac3d4-b3f0-4c53-885a-dfea95a4a2db_150x150_crop_centerb59e.jpg]
[vegina-store.myshopify.com/products/fresh-green-orange-1.html]
[cdn.shopify.com/s/files/1/0412/8151/9765/products/19_150x150_crop_center1c46.jpg]
[cdn.shopify.com/s/files/1/0412/8151/9765/products/10_00e0b6fc-1b61-42c1-8b54-65a40291149c_150x150_crop_center13e2.jpg]
[cdn.shopify.com/s/files/1/0412/8151/9765/products/45_150x150_crop_centere36d.jpg]
[cdn.shopify.com/s/files/1/0412/8151/9765/products/11_3b6ea43a-5b42-4fc6-9390-c1a2d7911f14_150x150_crop_center37b1.jpg]
[vegina-store.myshopify.com/products/fresh-mussel-500g-1.html]
[cdn.shopify.com/s/files/1/0412/8151/9765/products/29_150x150_crop_center1e66.jpg]
[cdn.shopify.com/s/files/1/0412/8151/9765/products/12_6014e685-13d0-4184-b237-5550e0d6490c_150x150_crop_center26a2.jpg]
[vegina-store.myshopify.com/products/fresh-organic-fruit50gm.html]
[cdn.shopify.com/s/files/1/0412/8151/9765/products/16_150x150_crop_center5578.jpg]
[vegina-store.myshopify.com/products/fresh-organic-reachter.html]
[cdn.shopify.com/s/files/1/0412/8151/9765/products/13_8f07000b-0ed3-4f5a-9f33-16ddaa287390_150x150_crop_center85b7.jpg]
[cdn.shopify.com/s/files/1/0412/8151/9765/products/33_150x150_crop_centerb9ce.jpg]
[cdn.shopify.com/s/files/1/0412/8151/9765/products/14_fcf4c63d-f037-486b-a731-708db6cdeacf_150x150_crop_center7615.jpg]
[vegina-store.myshopify.com/products/fresh-seafoods-1.html]
[cdn.shopify.com/s/files/1/0412/8151/9765/products/14_150x150_crop_centerd826.jpg]
[cdn.shopify.com/s/files/1/0412/8151/9765/products/15_6f0c5038-cb00-4e34-bb21-5cbbf675039c_150x150_crop_center1154.jpg]
[vegina-store.myshopify.com/products/fruits-banana-100-organic-1.html]
[cdn.shopify.com/s/files/1/0412/8151/9765/products/27_150x150_crop_center26a2.jpg]
[vegina-store.myshopify.com/products/orange-bread-ball.html]
[cdn.shopify.com/s/files/1/0412/8151/9765/products/8_6ec92225-eaec-4921-8b91-b233f0dd2a12_150x150_crop_center58a4.jpg]
[cdn.shopify.com/s/files/1/0412/8151/9765/products/49_150x150_crop_centerb5d4.jpg]
[cdn.shopify.com/s/files/1/0412/8151/9765/products/2_150x150_crop_center4c88.jpg]
[cdn.shopify.com/s/files/1/0412/8151/9765/products/6_be17e2c7-cd84-4a52-871d-828fb74c70ef_150x150_crop_center8fbb.jpg]
[vegina-store.myshopify.com/products/red-velvet-cup-cake.html]
[cdn.shopify.com/s/files/1/0412/8151/9765/products/36_1_150x150_crop_center55aa.jpg]
[cdn.shopify.com/s/files/1/0412/8151/9765/products/30_150x150_crop_center3ff4.jpg]
[cdn.shopify.com/s/files/1/0412/8151/9765/products/2_bf27e466-6ad9-4eb9-9756-07d1bdc80c68_150x150_crop_centerc3ab.jpg]
[vegina-store.myshopify.com/products/variety-bread-pie.html]
[cdn.shopify.com/s/files/1/0412/8151/9765/products/20_150x150_crop_centere6e9.jpg]
[vegina-store.myshopify.com/pages/wishlist.html]
[vegina-store.myshopify.com/collections/all.html]
[vegina-store.myshopify.com/collections/frontpage.atom]
[vegina-store.myshopify.com/collections/frontpage4658.html]
[vegina-store.myshopify.com/collections/frontpage.oembed]
[vegina-store.myshopify.com/collections/GET]
[vegina-store.myshopify.com/collections/POST]
[cdn.shopify.com/s/files/1/0412/8151/9765/files/collection-bannerdaf6.jpg]
[vegina-store.myshopify.com/collections/frontpaged07c.html]
[vegina-store.myshopify.com/collections/frontpage51e5.html]
[vegina-store.myshopify.com/collections/frontpage911b.html]
[vegina-store.myshopify.com/collections/frontpage0466.html]
[vegina-store.myshopify.com/collections/frontpage7c28.html]
[vegina-store.myshopify.com/collections/frontpage87b3.html]
[vegina-store.myshopify.com/collections/frontpage3f84.html]
[vegina-store.myshopify.com/collections/frontpage6868.html]
[vegina-store.myshopify.com/collections/frontpage/products/copy-of-sp-red-fresh-guava.html]
[vegina-store.myshopify.com/collections/frontpage/vendor_vegist.html]
[vegina-store.myshopify.com/collections/frontpage/products/sp-red-fresh-guava.html]
[vegina-store.myshopify.com/collections/frontpage/products/shrimp-jumbo-5-lb.html]
[vegina-store.myshopify.com/collections/frontpage/products/organic-coconet.html]
[vegina-store.myshopify.com/collections/frontpage/products/orange-juice-5ltr.html]
[vegina-store.myshopify.com/collections/frontpage/products/exclusive-zacket.html]
[vegina-store.myshopify.com/collections/frontpage/products/fruits-banana-100-organic.html]
[vegina-store.myshopify.com/collections/frontpage/products/fresh-seafoods.html]
[vegina-store.myshopify.com/collections/frontpage/products/copy-of-blackberry-100-organic.html]
[vegina-store.myshopify.com/collections/frontpage/products/100-fafe-organic-fruit.html]
[vegina-store.myshopify.com/collections/frontpage/products/fresh-mussel-500g.html]
[vegina-store.myshopify.com/collections/frontpage/products/ladies-sniper-crop.html]
[cdn.shopify.com/s/files/1/0412/8151/9765/t/2/assets/collection-sidebarb1db.js]
[cdn.shopify.com/s/files/1/0412/8151/9765/files/side-banner378e.jpg]
[vegina-store.myshopify.com/collections/frontpage.html]
[cdn.shopify.com/s/files/1/0412/8151/9765/products/30_a059967d-c62c-4ebc-b7fe-f19d86c2b452_grande834e.jpg]
[cdn.shopify.com/s/files/1/0412/8151/9765/products/25_525c2823-683a-445e-b187-6fe7ca3f5a8e_grande834e.jpg]
[cdn.shopify.com/s/files/1/0412/8151/9765/products/29_grande1e66.jpg]
[vegina-store.myshopify.com/products/100-fafe-organic-fruit.oembed]
[vegina-store.myshopify.com/products/GET]
[vegina-store.myshopify.com/products/POST]
[cdn.shopify.com/s/files/1/0412/8151/9765/products/25_525c2823-683a-445e-b187-6fe7ca3f5a8e_1080x834e.jpg]
[cdn.shopify.com/s/files/1/0412/8151/9765/products/29_1024x10241e66.jpg]
[cdn.shopify.com/s/files/1/0412/8151/9765/products/29_300x3001e66.jpg]
[cdn.shopify.com/s/files/1/0412/8151/9765/products/25_525c2823-683a-445e-b187-6fe7ca3f5a8e_1024x1024834e.jpg]
[cdn.shopify.com/s/files/1/0412/8151/9765/products/25_525c2823-683a-445e-b187-6fe7ca3f5a8e_300x300834e.jpg]
[cdn.shopify.com/s/files/1/0412/8151/9765/products/30_a059967d-c62c-4ebc-b7fe-f19d86c2b452_1024x1024834e.jpg]
[cdn.shopify.com/s/files/1/0412/8151/9765/products/30_a059967d-c62c-4ebc-b7fe-f19d86c2b452_300x300834e.jpg]
[cdn.shopify.com/s/files/1/0412/8151/9765/products/32_db6af2b9-ec0b-419c-8f28-1fe6f9bb6eab_1024x10246eb7.jpg]
[cdn.shopify.com/s/files/1/0412/8151/9765/products/32_db6af2b9-ec0b-419c-8f28-1fe6f9bb6eab_300x3006eb7.jpg]
[cdn.shopify.com/s/files/1/0412/8151/9765/products/1_2b320038-dc48-44c4-bb5b-4f10743c256d_1024x10246eb7.jpg]
[cdn.shopify.com/s/files/1/0412/8151/9765/products/1_2b320038-dc48-44c4-bb5b-4f10743c256d_300x3006eb7.jpg]
[cdn.shopify.com/s/files/1/0412/8151/9765/files/trust_image830f.png]
[vegina-store.myshopify.com/collections/bakers-rack/products/orange-juice-5ltr.html]
[vegina-store.myshopify.com/collections/bakers-rack/vendor_vegist.html]
[vegina-store.myshopify.com/collections/bakers-rack/products/shrimp-jumbo-5-lb.html]
[vegina-store.myshopify.com/collections/bakers-rack/products/copy-of-sp-red-fresh-guava.html]
[vegina-store.myshopify.com/collections/bakers-rack/products/copy-of-blackberry-100-organic.html]
[vegina-store.myshopify.com/collections/bakers-rack/products/fresh-blueberry.html]
[vegina-store.myshopify.com/collections/bakers-rack/products/organic-coconet.html]
[vegina-store.myshopify.com/collections/bakers-rack/products/fresh-mussel-500g.html]
[vegina-store.myshopify.com/collections/bakers-rack/products/fresh-dryed-almod-50g.html]
[vegina-store.myshopify.com/collections/bakers-rack/products/children-formal-shirt.html]
[vegina-store.myshopify.com/collections/bakers-rack/products/sp-red-fresh-guava.html]
[vegina-store.myshopify.com/collections/bakers-rack/products/fruits-banana-100-organic.html]
[vegina-store.myshopify.com/collections/bakers-rack/products/exclusive-zacket.html]
[vegina-store.myshopify.com/collections/bakers-rack/products/fresh-seafoods.html]
[vegina-store.myshopify.com/collections/bakers-rack/products/bantch-blazar-hint.html]
[vegina-store.myshopify.com/collections/bakers-rack/products/fresh-grassben.html]
[vegina-store.myshopify.com/collections/bakers-rack/products/fresh-avocado.html]
[vegina-store.myshopify.com/collections/bakers-rack/products/binance-bags.html]
[vegina-store.myshopify.com/collections/bakers-rack/products/henry-tixied-top.html]
[vegina-store.myshopify.com/collections/bakers-rack/products/hmd-colection-watch.html]
[vegina-store.myshopify.com/collections/bakers-rack/products/ladies-sniper-crop.html]
[vegina-store.myshopify.com/products/100-fafe-organic-fruit.html]
[vegina-store.myshopify.com/collections/bakers-rack/products/fresh-green-orange.html]
[cdn.shopify.com/s/files/1/0412/8151/9765/products/30_29ef6966-85c7-4469-b04f-1b061bd37a72_grande1b76.jpg]
[cdn.shopify.com/s/files/1/0412/8151/9765/products/32_grande9a3c.jpg]
[cdn.shopify.com/s/files/1/0412/8151/9765/products/7_grande1cb7.jpg]
[vegina-store.myshopify.com/products/fresh-green-orange.oembed]
[cdn.shopify.com/s/files/1/0412/8151/9765/products/32_1080x9a3c.jpg]
[cdn.shopify.com/s/files/1/0412/8151/9765/products/7_1024x10241cb7.jpg]
[cdn.shopify.com/s/files/1/0412/8151/9765/products/7_300x3001cb7.jpg]
[cdn.shopify.com/s/files/1/0412/8151/9765/products/32_1024x10249a3c.jpg]
[cdn.shopify.com/s/files/1/0412/8151/9765/products/32_300x3009a3c.jpg]
[cdn.shopify.com/s/files/1/0412/8151/9765/products/30_29ef6966-85c7-4469-b04f-1b061bd37a72_1024x10241b76.jpg]
[cdn.shopify.com/s/files/1/0412/8151/9765/products/30_29ef6966-85c7-4469-b04f-1b061bd37a72_300x3001b76.jpg]
[cdn.shopify.com/s/files/1/0412/8151/9765/products/25_6f8a6966-7440-4d8d-bec2-467366eb61ed_1024x10241b76.jpg]
[cdn.shopify.com/s/files/1/0412/8151/9765/products/25_6f8a6966-7440-4d8d-bec2-467366eb61ed_300x3001b76.jpg]
[cdn.shopify.com/s/files/1/0412/8151/9765/products/28_14a2d858-3536-4d98-9334-3acf3cb578bc_1024x10241b76.jpg]
[cdn.shopify.com/s/files/1/0412/8151/9765/products/28_14a2d858-3536-4d98-9334-3acf3cb578bc_300x3001b76.jpg]
[vegina-store.myshopify.com/products/fresh-green-orange.html]
[vegina-store.myshopify.com/collections/bakers-rack/products/100-fafe-organic-fruit.html]
[cdn.shopify.com/s/files/1/0412/8151/9765/products/28_grande44f2.jpg]
[cdn.shopify.com/s/files/1/0412/8151/9765/products/26_grande44f2.jpg]
[cdn.shopify.com/s/files/1/0412/8151/9765/products/25_grande44f2.jpg]
[vegina-store.myshopify.com/products/henry-tixied-top.oembed]
[cdn.shopify.com/s/files/1/0412/8151/9765/products/25_1080x44f2.jpg]
[cdn.shopify.com/s/files/1/0412/8151/9765/products/25_1024x102444f2.jpg]
[cdn.shopify.com/s/files/1/0412/8151/9765/products/25_300x30044f2.jpg]
[cdn.shopify.com/s/files/1/0412/8151/9765/products/26_1024x102444f2.jpg]
[cdn.shopify.com/s/files/1/0412/8151/9765/products/26_300x30044f2.jpg]
[cdn.shopify.com/s/files/1/0412/8151/9765/products/28_1024x102444f2.jpg]
[cdn.shopify.com/s/files/1/0412/8151/9765/products/28_300x30044f2.jpg]
[cdn.shopify.com/s/files/1/0412/8151/9765/products/30_0042d2e1-1b8d-45ed-ac1d-ff97f0ac05de_1024x102444f2.jpg]
[cdn.shopify.com/s/files/1/0412/8151/9765/products/30_0042d2e1-1b8d-45ed-ac1d-ff97f0ac05de_300x30044f2.jpg]
[vegina-store.myshopify.com/products/henry-tixied-top.html]
[cdn.shopify.com/s/files/1/0412/8151/9765/products/5_04149f85-379b-4e1d-947d-109d0c9fc22f_grandead7b.jpg]
[cdn.shopify.com/s/files/1/0412/8151/9765/products/4_c5264f00-c8a3-4f0a-a992-eb10bf8c36a2_grandead7b.jpg]
[cdn.shopify.com/s/files/1/0412/8151/9765/products/9_2eaa4c90-883b-4c16-b83b-dd3128df3c76_grandead7b.jpg]
[vegina-store.myshopify.com/products/binance-bags.oembed]
[cdn.shopify.com/s/files/1/0412/8151/9765/products/9_2eaa4c90-883b-4c16-b83b-dd3128df3c76_1080xad7b.jpg]
[cdn.shopify.com/s/files/1/0412/8151/9765/products/9_2eaa4c90-883b-4c16-b83b-dd3128df3c76_1024x1024ad7b.jpg]
[cdn.shopify.com/s/files/1/0412/8151/9765/products/9_2eaa4c90-883b-4c16-b83b-dd3128df3c76_300x300ad7b.jpg]
[cdn.shopify.com/s/files/1/0412/8151/9765/products/4_c5264f00-c8a3-4f0a-a992-eb10bf8c36a2_1024x1024ad7b.jpg]
[cdn.shopify.com/s/files/1/0412/8151/9765/products/4_c5264f00-c8a3-4f0a-a992-eb10bf8c36a2_300x300ad7b.jpg]
[cdn.shopify.com/s/files/1/0412/8151/9765/products/5_04149f85-379b-4e1d-947d-109d0c9fc22f_1024x1024ad7b.jpg]
[cdn.shopify.com/s/files/1/0412/8151/9765/products/5_04149f85-379b-4e1d-947d-109d0c9fc22f_300x300ad7b.jpg]
[cdn.shopify.com/s/files/1/0412/8151/9765/products/8_7532b393-fb39-494e-9310-97bb41c200aa_1024x1024ad7b.jpg]
[cdn.shopify.com/s/files/1/0412/8151/9765/products/8_7532b393-fb39-494e-9310-97bb41c200aa_300x300ad7b.jpg]
[vegina-store.myshopify.com/products/binance-bags.html]
[cdn.shopify.com/s/files/1/0412/8151/9765/products/14_5401968b-58f5-4cc4-b7bb-708367416800_grande8892.jpg]
[cdn.shopify.com/s/files/1/0412/8151/9765/products/18_grande72fb.jpg]
[cdn.shopify.com/s/files/1/0412/8151/9765/products/11_grande72fb.jpg]
[vegina-store.myshopify.com/products/bantch-blazar-hint.oembed]
[cdn.shopify.com/s/files/1/0412/8151/9765/products/11_1080x72fb.jpg]
[cdn.shopify.com/s/files/1/0412/8151/9765/products/11_1024x102472fb.jpg]
[cdn.shopify.com/s/files/1/0412/8151/9765/products/11_300x30072fb.jpg]
[cdn.shopify.com/s/files/1/0412/8151/9765/products/18_1024x102472fb.jpg]
[cdn.shopify.com/s/files/1/0412/8151/9765/products/18_300x30072fb.jpg]
[cdn.shopify.com/s/files/1/0412/8151/9765/products/14_5401968b-58f5-4cc4-b7bb-708367416800_1024x10248892.jpg]
[cdn.shopify.com/s/files/1/0412/8151/9765/products/14_5401968b-58f5-4cc4-b7bb-708367416800_300x3008892.jpg]
[cdn.shopify.com/s/files/1/0412/8151/9765/products/16_bd42ba8f-65d3-4411-a78b-18c90c078d28_1024x10248892.jpg]
[cdn.shopify.com/s/files/1/0412/8151/9765/products/16_bd42ba8f-65d3-4411-a78b-18c90c078d28_300x3008892.jpg]
[vegina-store.myshopify.com/products/bantch-blazar-hint.html]
[cdn.shopify.com/s/files/1/0412/8151/9765/products/3_51b37850-a906-4b6c-886f-911c28a1a1e8_grandeb75a.jpg]
[cdn.shopify.com/s/files/1/0412/8151/9765/products/5_5225cbcd-b11d-48de-95a7-156d513325f3_grande8bd8.jpg]
[cdn.shopify.com/s/files/1/0412/8151/9765/products/22_grande8bd8.jpg]
[vegina-store.myshopify.com/products/hmd-colection-watch.oembed]
[cdn.shopify.com/s/files/1/0412/8151/9765/products/22_1080x8bd8.jpg]
[cdn.shopify.com/s/files/1/0412/8151/9765/products/22_1024x10248bd8.jpg]
[cdn.shopify.com/s/files/1/0412/8151/9765/products/22_300x3008bd8.jpg]
[cdn.shopify.com/s/files/1/0412/8151/9765/products/5_5225cbcd-b11d-48de-95a7-156d513325f3_1024x10248bd8.jpg]
[cdn.shopify.com/s/files/1/0412/8151/9765/products/5_5225cbcd-b11d-48de-95a7-156d513325f3_300x3008bd8.jpg]
[cdn.shopify.com/s/files/1/0412/8151/9765/products/3_51b37850-a906-4b6c-886f-911c28a1a1e8_1024x1024b75a.jpg]
[cdn.shopify.com/s/files/1/0412/8151/9765/products/3_51b37850-a906-4b6c-886f-911c28a1a1e8_300x300b75a.jpg]
[cdn.shopify.com/s/files/1/0412/8151/9765/products/4_421db604-1e94-42a7-9735-b9df0dde7635_1024x1024b75a.jpg]
[cdn.shopify.com/s/files/1/0412/8151/9765/products/4_421db604-1e94-42a7-9735-b9df0dde7635_300x300b75a.jpg]
[vegina-store.myshopify.com/products/hmd-colection-watch.html]
[cdn.shopify.com/s/files/1/0412/8151/9765/products/30_e4c2956a-752c-41c6-a50e-08f93a435143_grandefb1b.jpg]
[cdn.shopify.com/s/files/1/0412/8151/9765/products/1_grandea0a9.jpg]
[cdn.shopify.com/s/files/1/0412/8151/9765/products/19_grande1c46.jpg]
[vegina-store.myshopify.com/products/ladies-sniper-crop.oembed]
[cdn.shopify.com/s/files/1/0412/8151/9765/products/1_1080xa0a9.jpg]
[cdn.shopify.com/s/files/1/0412/8151/9765/products/19_1024x10241c46.jpg]
[cdn.shopify.com/s/files/1/0412/8151/9765/products/19_300x3001c46.jpg]
[cdn.shopify.com/s/files/1/0412/8151/9765/products/1_1024x1024a0a9.jpg]
[cdn.shopify.com/s/files/1/0412/8151/9765/products/1_300x300a0a9.jpg]
[cdn.shopify.com/s/files/1/0412/8151/9765/products/30_e4c2956a-752c-41c6-a50e-08f93a435143_1024x1024fb1b.jpg]
[cdn.shopify.com/s/files/1/0412/8151/9765/products/30_e4c2956a-752c-41c6-a50e-08f93a435143_300x300fb1b.jpg]
[cdn.shopify.com/s/files/1/0412/8151/9765/products/25_3e66c189-c705-4903-a8bf-0239e193cfa8_1024x1024fb1b.jpg]
[cdn.shopify.com/s/files/1/0412/8151/9765/products/25_3e66c189-c705-4903-a8bf-0239e193cfa8_300x300fb1b.jpg]
[cdn.shopify.com/s/files/1/0412/8151/9765/products/26_25607c9e-c89a-424f-a40f-1c928cdcd1ed_1024x1024fb1b.jpg]
[cdn.shopify.com/s/files/1/0412/8151/9765/products/26_25607c9e-c89a-424f-a40f-1c928cdcd1ed_300x300fb1b.jpg]
[cdn.shopify.com/s/files/1/0412/8151/9765/products/28_55d511c7-4e90-4a79-8e56-f35865e78949_1024x1024fb1b.jpg]
[cdn.shopify.com/s/files/1/0412/8151/9765/products/28_55d511c7-4e90-4a79-8e56-f35865e78949_300x300fb1b.jpg]
[vegina-store.myshopify.com/products/ladies-sniper-crop.html]
[cdn.shopify.com/s/files/1/0412/8151/9765/products/4_grandea7d4.jpg]
[cdn.shopify.com/s/files/1/0412/8151/9765/products/5_5ab7d51a-067a-4c36-9aea-fd18aacd6b92_grande5686.jpg]
[cdn.shopify.com/s/files/1/0412/8151/9765/products/3_grande5686.jpg]
[vegina-store.myshopify.com/products/fresh-avocado.oembed]
[cdn.shopify.com/s/files/1/0412/8151/9765/products/5_5ab7d51a-067a-4c36-9aea-fd18aacd6b92_1080x5686.jpg]
[cdn.shopify.com/s/files/1/0412/8151/9765/products/3_1024x10245686.jpg]
[cdn.shopify.com/s/files/1/0412/8151/9765/products/3_300x3005686.jpg]
[cdn.shopify.com/s/files/1/0412/8151/9765/products/5_5ab7d51a-067a-4c36-9aea-fd18aacd6b92_1024x10245686.jpg]
[cdn.shopify.com/s/files/1/0412/8151/9765/products/5_5ab7d51a-067a-4c36-9aea-fd18aacd6b92_300x3005686.jpg]
[cdn.shopify.com/s/files/1/0412/8151/9765/products/4_1024x1024a7d4.jpg]
[cdn.shopify.com/s/files/1/0412/8151/9765/products/4_300x300a7d4.jpg]
[cdn.shopify.com/s/files/1/0412/8151/9765/products/5_0471a048-4f39-4ec9-9db8-45393f4d5568_1024x1024cb41.jpg]
[cdn.shopify.com/s/files/1/0412/8151/9765/products/5_0471a048-4f39-4ec9-9db8-45393f4d5568_300x300cb41.jpg]
[vegina-store.myshopify.com/products/fresh-avocado.html]
[vegina-store.myshopify.com/collections/types575f.html]
[cdn.shopify.com/s/files/1/0412/8151/9765/products/45_eac57c9e-f90a-4e17-b8f3-285deed544a4_grande4055.jpg]
[cdn.shopify.com/s/files/1/0412/8151/9765/products/2_f0faa15f-6149-4dd4-bf1e-a8c3d19a4cf4_grande847a.jpg]
[cdn.shopify.com/s/files/1/0412/8151/9765/products/1_be228c2a-2270-4d74-9999-e2aaf713e29a_grande9f14.jpg]
[vegina-store.myshopify.com/products/fresh-blueberry.oembed]
[cdn.shopify.com/s/files/1/0412/8151/9765/products/1_be228c2a-2270-4d74-9999-e2aaf713e29a_1080x9f14.jpg]
[cdn.shopify.com/s/files/1/0412/8151/9765/products/1_be228c2a-2270-4d74-9999-e2aaf713e29a_1024x10249f14.jpg]
[cdn.shopify.com/s/files/1/0412/8151/9765/products/1_be228c2a-2270-4d74-9999-e2aaf713e29a_300x3009f14.jpg]
[cdn.shopify.com/s/files/1/0412/8151/9765/products/2_f0faa15f-6149-4dd4-bf1e-a8c3d19a4cf4_1024x1024847a.jpg]
[cdn.shopify.com/s/files/1/0412/8151/9765/products/2_f0faa15f-6149-4dd4-bf1e-a8c3d19a4cf4_300x300847a.jpg]
[cdn.shopify.com/s/files/1/0412/8151/9765/products/45_eac57c9e-f90a-4e17-b8f3-285deed544a4_1024x10244055.jpg]
[cdn.shopify.com/s/files/1/0412/8151/9765/products/45_eac57c9e-f90a-4e17-b8f3-285deed544a4_300x3004055.jpg]
[cdn.shopify.com/s/files/1/0412/8151/9765/products/44_0ecd2504-d5aa-4f44-bf16-8b8a52cbf982_1024x1024c60a.jpg]
[cdn.shopify.com/s/files/1/0412/8151/9765/products/44_0ecd2504-d5aa-4f44-bf16-8b8a52cbf982_300x300c60a.jpg]
[vegina-store.myshopify.com/products/fresh-blueberry.html]
[cdn.shopify.com/s/files/1/0412/8151/9765/products/30_88398b74-5a21-4a6e-9328-e6f3f7b3f0a9_grande1d8e.jpg]
[cdn.shopify.com/s/files/1/0412/8151/9765/products/18_ba24dbe5-edaf-4e10-bd41-3a592dbc127b_grande5578.jpg]
[cdn.shopify.com/s/files/1/0412/8151/9765/products/16_grande5578.jpg]
[vegina-store.myshopify.com/products/copy-of-blackberry-100-organic.oembed]
[cdn.shopify.com/s/files/1/0412/8151/9765/products/18_ba24dbe5-edaf-4e10-bd41-3a592dbc127b_1080x5578.jpg]
[cdn.shopify.com/s/files/1/0412/8151/9765/products/16_1024x10245578.jpg]
[cdn.shopify.com/s/files/1/0412/8151/9765/products/16_300x3005578.jpg]
[cdn.shopify.com/s/files/1/0412/8151/9765/products/18_ba24dbe5-edaf-4e10-bd41-3a592dbc127b_1024x10245578.jpg]
[cdn.shopify.com/s/files/1/0412/8151/9765/products/18_ba24dbe5-edaf-4e10-bd41-3a592dbc127b_300x3005578.jpg]
[cdn.shopify.com/s/files/1/0412/8151/9765/products/30_88398b74-5a21-4a6e-9328-e6f3f7b3f0a9_1024x10241d8e.jpg]
[cdn.shopify.com/s/files/1/0412/8151/9765/products/30_88398b74-5a21-4a6e-9328-e6f3f7b3f0a9_300x3001d8e.jpg]
[cdn.shopify.com/s/files/1/0412/8151/9765/products/7_e06df454-d4d2-4588-a157-3a496b710ed9_1024x1024c7f3.jpg]
[cdn.shopify.com/s/files/1/0412/8151/9765/products/7_e06df454-d4d2-4588-a157-3a496b710ed9_300x300c7f3.jpg]
[cdn.shopify.com/s/files/1/0412/8151/9765/products/2_fc8bcb44-b51d-4208-a6b9-2a4b18d03d8d_1024x102419b6.jpg]
[cdn.shopify.com/s/files/1/0412/8151/9765/products/2_fc8bcb44-b51d-4208-a6b9-2a4b18d03d8d_300x30019b6.jpg]
[vegina-store.myshopify.com/products/copy-of-blackberry-100-organic.html]
[cdn.shopify.com/s/files/1/0412/8151/9765/products/9_a71b176c-9cfd-4eec-8d71-8f9b8b6c0c10_granded5e3.jpg]
[cdn.shopify.com/s/files/1/0412/8151/9765/products/8_82074fbc-f168-4c13-8964-5c60b8b5f482_granded5e3.jpg]
[cdn.shopify.com/s/files/1/0412/8151/9765/products/20_grandee6e9.jpg]
[vegina-store.myshopify.com/products/copy-of-sp-red-fresh-guava.oembed]
[cdn.shopify.com/s/files/1/0412/8151/9765/products/8_82074fbc-f168-4c13-8964-5c60b8b5f482_1080xd5e3.jpg]
[cdn.shopify.com/s/files/1/0412/8151/9765/products/20_1024x1024e6e9.jpg]
[cdn.shopify.com/s/files/1/0412/8151/9765/products/20_300x300e6e9.jpg]
[cdn.shopify.com/s/files/1/0412/8151/9765/products/8_82074fbc-f168-4c13-8964-5c60b8b5f482_1024x1024d5e3.jpg]
[cdn.shopify.com/s/files/1/0412/8151/9765/products/8_82074fbc-f168-4c13-8964-5c60b8b5f482_300x300d5e3.jpg]
[cdn.shopify.com/s/files/1/0412/8151/9765/products/9_a71b176c-9cfd-4eec-8d71-8f9b8b6c0c10_1024x1024d5e3.jpg]
[cdn.shopify.com/s/files/1/0412/8151/9765/products/9_a71b176c-9cfd-4eec-8d71-8f9b8b6c0c10_300x300d5e3.jpg]
[cdn.shopify.com/s/files/1/0412/8151/9765/products/3_30ced2bf-6957-4373-93a2-55a0fe9ab93c_1024x1024d5e3.jpg]
[cdn.shopify.com/s/files/1/0412/8151/9765/products/3_30ced2bf-6957-4373-93a2-55a0fe9ab93c_300x300d5e3.jpg]
[cdn.shopify.com/s/files/1/0412/8151/9765/products/4_d314b846-f0fb-4228-9386-a635ce280501_1024x1024d5e3.jpg]
[cdn.shopify.com/s/files/1/0412/8151/9765/products/4_d314b846-f0fb-4228-9386-a635ce280501_300x300d5e3.jpg]
[cdn.shopify.com/s/files/1/0412/8151/9765/products/5_743f4e6a-606b-41ea-90cc-5e4d4a845252_1024x1024d5e3.jpg]
[cdn.shopify.com/s/files/1/0412/8151/9765/products/5_743f4e6a-606b-41ea-90cc-5e4d4a845252_300x300d5e3.jpg]
[vegina-store.myshopify.com/products/copy-of-sp-red-fresh-guava.html]
[cdn.shopify.com/s/files/1/0412/8151/9765/products/11_1c6c898b-5b38-47a2-ba53-06c82034e6f8_grande8d32.jpg]
[cdn.shopify.com/s/files/1/0412/8151/9765/products/13_grande13e2.jpg]
[cdn.shopify.com/s/files/1/0412/8151/9765/products/10_00e0b6fc-1b61-42c1-8b54-65a40291149c_grande13e2.jpg]
[vegina-store.myshopify.com/products/fresh-litchi-100-organic.oembed]
[cdn.shopify.com/s/files/1/0412/8151/9765/products/10_00e0b6fc-1b61-42c1-8b54-65a40291149c_1080x13e2.jpg]
[cdn.shopify.com/s/files/1/0412/8151/9765/products/10_00e0b6fc-1b61-42c1-8b54-65a40291149c_1024x102413e2.jpg]
[cdn.shopify.com/s/files/1/0412/8151/9765/products/10_00e0b6fc-1b61-42c1-8b54-65a40291149c_300x30013e2.jpg]
[cdn.shopify.com/s/files/1/0412/8151/9765/products/13_1024x102413e2.jpg]
[cdn.shopify.com/s/files/1/0412/8151/9765/products/13_300x30013e2.jpg]
[cdn.shopify.com/s/files/1/0412/8151/9765/products/11_1c6c898b-5b38-47a2-ba53-06c82034e6f8_1024x10248d32.jpg]
[cdn.shopify.com/s/files/1/0412/8151/9765/products/11_1c6c898b-5b38-47a2-ba53-06c82034e6f8_300x3008d32.jpg]
[cdn.shopify.com/s/files/1/0412/8151/9765/products/12_5f49d174-6d5b-4878-ba83-45cf4f028a1f_1024x10248d32.jpg]
[cdn.shopify.com/s/files/1/0412/8151/9765/products/12_5f49d174-6d5b-4878-ba83-45cf4f028a1f_300x3008d32.jpg]
[vegina-store.myshopify.com/collections/breakfast/products/fresh-organic-reachter.html]
[cdn.shopify.com/s/files/1/0412/8151/9765/products/13_8f07000b-0ed3-4f5a-9f33-16ddaa287390_590X668_crop_center85b7.jpg]
[cdn.shopify.com/s/files/1/0412/8151/9765/products/16_777cbcb4-a429-4ab9-a24c-b93c178ed92a_590X668_crop_center85b7.jpg]
[vegina-store.myshopify.com/collections/breakfast/vendor_vegist.html]
[vegina-store.myshopify.com/collections/breakfast/products/fresh-blueberry-1.html]
[cdn.shopify.com/s/files/1/0412/8151/9765/products/5_f2af588b-064b-4bee-8cf9-bb63cc1b389d_590X668_crop_center9954.jpg]
[cdn.shopify.com/s/files/1/0412/8151/9765/products/8_3e6f6576-34d0-46da-b90c-93d427fc5100_590X668_crop_center9954.jpg]
[vegina-store.myshopify.com/collections/breakfast/products/fresh-organic-fruit50gm.html]
[cdn.shopify.com/s/files/1/0412/8151/9765/products/12_6014e685-13d0-4184-b237-5550e0d6490c_590X668_crop_center26a2.jpg]
[cdn.shopify.com/s/files/1/0412/8151/9765/products/15_590X668_crop_center26a2.jpg]
[vegina-store.myshopify.com/collections/breakfast/products/fresh-mussel-500g-1.html]
[cdn.shopify.com/s/files/1/0412/8151/9765/products/11_3b6ea43a-5b42-4fc6-9390-c1a2d7911f14_590X668_crop_center37b1.jpg]
[cdn.shopify.com/s/files/1/0412/8151/9765/products/14_0b303147-1166-46af-8241-1ec31c657d30_590X668_crop_center37b1.jpg]
[vegina-store.myshopify.com/collections/breakfast/products/copy-of-fresh-dryed-almod-50g.html]
[cdn.shopify.com/s/files/1/0412/8151/9765/products/7_80e58ede-1fc9-45a1-b526-1f6ff566cf4f_590X668_crop_center5083.jpg]
[cdn.shopify.com/s/files/1/0412/8151/9765/products/10_590X668_crop_center5083.jpg]
[vegina-store.myshopify.com/collections/breakfast/products/fresh-carrot-natural-free.html]
[cdn.shopify.com/s/files/1/0412/8151/9765/products/6_950e44e3-2dc5-4803-bdef-295a9b6cb7fa_590X668_crop_center5637.jpg]
[cdn.shopify.com/s/files/1/0412/8151/9765/products/9_590X668_crop_center5637.jpg]
[vegina-store.myshopify.com/collections/breakfast/products/fruits-banana-100-organic-1.html]
[cdn.shopify.com/s/files/1/0412/8151/9765/products/15_6f0c5038-cb00-4e34-bb21-5cbbf675039c_590X668_crop_center1154.jpg]
[cdn.shopify.com/s/files/1/0412/8151/9765/products/16_161f0b93-d329-447a-830b-7630f693568a_590X668_crop_center9f06.jpg]
[vegina-store.myshopify.com/collections/breakfast/products/fresh-seafoods-1.html]
[cdn.shopify.com/s/files/1/0412/8151/9765/products/14_fcf4c63d-f037-486b-a731-708db6cdeacf_590X668_crop_center7615.jpg]
[cdn.shopify.com/s/files/1/0412/8151/9765/products/1_4cdb836b-6946-4ec4-bd56-9477d31c697a_590X668_crop_center7615.jpg]
[vegina-store.myshopify.com/collections/breakfast/products/blackberry-100-organic.html]
[cdn.shopify.com/s/files/1/0412/8151/9765/products/16_217f84d4-de2e-49bc-be37-1bc824035039_590X668_crop_center7d9a.jpg]
[cdn.shopify.com/s/files/1/0412/8151/9765/products/8_04be75ee-8362-45ac-adeb-90a7cf55f6bd_590X668_crop_center7c62.jpg]
[vegina-store.myshopify.com/collections/breakfast/products/fresh-avocado-1.html]
[cdn.shopify.com/s/files/1/0412/8151/9765/products/3_17fda0d3-0c50-48cc-8e3d-cccc6e7db926_590X668_crop_center8bb2.jpg]
[cdn.shopify.com/s/files/1/0412/8151/9765/products/6_590X668_crop_center8bb2.jpg]
[vegina-store.myshopify.com/collections/breakfast/products/copy-of-fresh-grassben.html]
[cdn.shopify.com/s/files/1/0412/8151/9765/products/8_bb6dc5b8-917c-48e1-acf1-e3dfe0a818d7_590X668_crop_center8aa0.jpg]
[cdn.shopify.com/s/files/1/0412/8151/9765/products/11_71f48c97-137e-49b8-816f-59400296a278_590X668_crop_center8aa0.jpg]
[vegina-store.myshopify.com/collections/breakfast/products/fresh-banana-100-safe.html]
[cdn.shopify.com/s/files/1/0412/8151/9765/products/4_cc35d6c0-5724-4bba-9fa1-6af3a657c078_590X668_crop_center05e1.jpg]
[cdn.shopify.com/s/files/1/0412/8151/9765/products/7_08a76f41-027f-46d7-891f-6f2ddf7738ce_590X668_crop_center05e1.jpg]
[vegina-store.myshopify.com/collections/breakfast/products/fresh-healthy-food.html]
[cdn.shopify.com/s/files/1/0412/8151/9765/products/1_bf13d410-358b-439d-80da-5b24e487064e_590X668_crop_centerbcec.jpg]
[cdn.shopify.com/s/files/1/0412/8151/9765/products/4_3f1b1678-0806-45db-b962-7e3fc6820ff7_590X668_crop_centerbcec.jpg]
[vegina-store.myshopify.com/collections/breakfast/products/fresh-apple-5kg.html]
[cdn.shopify.com/s/files/1/0412/8151/9765/products/2_cea41c0a-5029-4fa5-8a29-46458a2cfeb8_590X668_crop_center6f46.jpg]
[cdn.shopify.com/s/files/1/0412/8151/9765/products/5_a6e4d504-0ec9-4718-b664-9935d1685b46_590X668_crop_center6f46.jpg]
[vegina-store.myshopify.com/collections/breakfast/products/fresh-green-orange-1.html]
[cdn.shopify.com/s/files/1/0412/8151/9765/products/9_c13ac3d4-b3f0-4c53-885a-dfea95a4a2db_590X668_crop_centerb59e.jpg]
[cdn.shopify.com/s/files/1/0412/8151/9765/products/12_590X668_crop_centerb59e.jpg]
[vegina-store.myshopify.com/products/fresh-litchi-100-organic.html]
[vegina-store.myshopify.com/collections/bakers-rack.atom]
[vegina-store.myshopify.com/collections/bakers-rack4658.html]
[vegina-store.myshopify.com/collections/bakers-rack.oembed]
[vegina-store.myshopify.com/collections/bakers-rackd07c.html]
[vegina-store.myshopify.com/collections/bakers-rack51e5.html]
[vegina-store.myshopify.com/collections/bakers-rack911b.html]
[vegina-store.myshopify.com/collections/bakers-rack0466.html]
[vegina-store.myshopify.com/collections/bakers-rack7c28.html]
[vegina-store.myshopify.com/collections/bakers-rack87b3.html]
[vegina-store.myshopify.com/collections/bakers-rack3f84.html]
[vegina-store.myshopify.com/collections/bakers-rack.html]
[vegina-store.myshopify.com/collections/bakers-rack6868.html]
[cdn.shopify.com/s/files/1/0412/8151/9765/products/5_505a1bff-4f10-455b-800e-af577270d99e_grandeea41.jpg]
[cdn.shopify.com/s/files/1/0412/8151/9765/products/3_f7390f79-2601-4bf0-a996-6635b67d28c7_grandeea41.jpg]
[cdn.shopify.com/s/files/1/0412/8151/9765/products/4_e3af2cd6-0f26-42a3-8071-42cae821c669_grande5c4f.jpg]
[vegina-store.myshopify.com/products/fresh-grassben.oembed]
[cdn.shopify.com/s/files/1/0412/8151/9765/products/4_e3af2cd6-0f26-42a3-8071-42cae821c669_1080x5c4f.jpg]
[cdn.shopify.com/s/files/1/0412/8151/9765/products/4_e3af2cd6-0f26-42a3-8071-42cae821c669_1024x10245c4f.jpg]
[cdn.shopify.com/s/files/1/0412/8151/9765/products/4_e3af2cd6-0f26-42a3-8071-42cae821c669_300x3005c4f.jpg]
[cdn.shopify.com/s/files/1/0412/8151/9765/products/3_f7390f79-2601-4bf0-a996-6635b67d28c7_1024x1024ea41.jpg]
[cdn.shopify.com/s/files/1/0412/8151/9765/products/3_f7390f79-2601-4bf0-a996-6635b67d28c7_300x300ea41.jpg]
[cdn.shopify.com/s/files/1/0412/8151/9765/products/5_505a1bff-4f10-455b-800e-af577270d99e_1024x1024ea41.jpg]
[cdn.shopify.com/s/files/1/0412/8151/9765/products/5_505a1bff-4f10-455b-800e-af577270d99e_300x300ea41.jpg]
[cdn.shopify.com/s/files/1/0412/8151/9765/products/9_408cb3a7-346d-494c-910b-d9eb148fdc73_1024x1024ea41.jpg]
[cdn.shopify.com/s/files/1/0412/8151/9765/products/9_408cb3a7-346d-494c-910b-d9eb148fdc73_300x300ea41.jpg]
[cdn.shopify.com/s/files/1/0412/8151/9765/products/4_121ea263-d108-4ffa-af2f-f71772776b7d_1024x1024ea41.jpg]
[cdn.shopify.com/s/files/1/0412/8151/9765/products/4_121ea263-d108-4ffa-af2f-f71772776b7d_300x300ea41.jpg]
[cdn.shopify.com/s/files/1/0412/8151/9765/products/8_1024x1024ea41.jpg]
[cdn.shopify.com/s/files/1/0412/8151/9765/products/8_300x300ea41.jpg]
[vegina-store.myshopify.com/products/fresh-grassben.html]
[cdn.shopify.com/s/files/1/0412/8151/9765/products/8_2fb65745-8f02-4a7b-936b-0d528890f2e1_grandeec5f.jpg]
[cdn.shopify.com/s/files/1/0412/8151/9765/products/9_11912f6a-c13b-4ae3-90f8-66bd1c610ef7_grandeec5f.jpg]
[cdn.shopify.com/s/files/1/0412/8151/9765/products/1_fec81a42-79c6-4dea-ac8c-8cd47aa95ad3_grandeec5f.jpg]
[vegina-store.myshopify.com/products/deli-roll-cake.oembed]
[cdn.shopify.com/s/files/1/0412/8151/9765/products/1_fec81a42-79c6-4dea-ac8c-8cd47aa95ad3_1080xec5f.jpg]
[cdn.shopify.com/s/files/1/0412/8151/9765/products/1_fec81a42-79c6-4dea-ac8c-8cd47aa95ad3_1024x1024ec5f.jpg]
[cdn.shopify.com/s/files/1/0412/8151/9765/products/1_fec81a42-79c6-4dea-ac8c-8cd47aa95ad3_300x300ec5f.jpg]
[cdn.shopify.com/s/files/1/0412/8151/9765/products/9_11912f6a-c13b-4ae3-90f8-66bd1c610ef7_1024x1024ec5f.jpg]
[cdn.shopify.com/s/files/1/0412/8151/9765/products/9_11912f6a-c13b-4ae3-90f8-66bd1c610ef7_300x300ec5f.jpg]
[cdn.shopify.com/s/files/1/0412/8151/9765/products/8_2fb65745-8f02-4a7b-936b-0d528890f2e1_1024x1024ec5f.jpg]
[cdn.shopify.com/s/files/1/0412/8151/9765/products/8_2fb65745-8f02-4a7b-936b-0d528890f2e1_300x300ec5f.jpg]
[cdn.shopify.com/s/files/1/0412/8151/9765/products/2_bcbf8fff-3e42-416e-949f-b56a86b418d6_1024x1024ec5f.jpg]
[cdn.shopify.com/s/files/1/0412/8151/9765/products/2_bcbf8fff-3e42-416e-949f-b56a86b418d6_300x300ec5f.jpg]
[vegina-store.myshopify.com/collections/types17ca.html]
[vegina-store.myshopify.com/collections/bagel/products/variety-bread-pie.html]
[cdn.shopify.com/s/files/1/0412/8151/9765/products/2_bf27e466-6ad9-4eb9-9756-07d1bdc80c68_590X668_crop_centerc3ab.jpg]
[cdn.shopify.com/s/files/1/0412/8151/9765/products/7_4043b2c9-4cd4-4fa3-8ffc-c3dbd59cc722_590X668_crop_centerc3ab.jpg]
[vegina-store.myshopify.com/collections/bagel/vendor_vegist.html]
[vegina-store.myshopify.com/collections/bagel/products/red-velvet-cup-cake.html]
[cdn.shopify.com/s/files/1/0412/8151/9765/products/6_be17e2c7-cd84-4a52-871d-828fb74c70ef_590X668_crop_center8fbb.jpg]
[cdn.shopify.com/s/files/1/0412/8151/9765/products/1_59f2fc43-41c9-4469-8647-d3d271ea0aaf_590X668_crop_center8fbb.jpg]
[vegina-store.myshopify.com/collections/bagel/products/orange-bread-ball.html]
[cdn.shopify.com/s/files/1/0412/8151/9765/products/8_6ec92225-eaec-4921-8b91-b233f0dd2a12_590X668_crop_center58a4.jpg]
[cdn.shopify.com/s/files/1/0412/8151/9765/products/5_601baf7f-e1cc-4642-a932-6cdd63a8b4c9_590X668_crop_centercb5e.jpg]
[vegina-store.myshopify.com/collections/bagel/products/copy-of-fresh-apple-5kg.html]
[cdn.shopify.com/s/files/1/0412/8151/9765/products/3_300650c1-c207-4853-99e4-5ba551de04de_590X668_crop_center5e46.jpg]
[cdn.shopify.com/s/files/1/0412/8151/9765/products/8_a0f2f856-ca56-4cb8-a417-4ce06fcad0e7_590X668_crop_center9f10.jpg]
[vegina-store.myshopify.com/collections/bagel/products/delicious-cookies.html]
[cdn.shopify.com/s/files/1/0412/8151/9765/products/7_729d5490-a577-488b-8b27-2b9f1fb4abc8_590X668_crop_centerb6ef.jpg]
[cdn.shopify.com/s/files/1/0412/8151/9765/products/2_b096fc1f-d46d-4260-8891-4848bc5829f3_590X668_crop_centerb6ef.jpg]
[vegina-store.myshopify.com/collections/bagel/products/chocolate-cup-cake.html]
[cdn.shopify.com/s/files/1/0412/8151/9765/products/5_749e43ae-3625-4e25-86d8-43168a7f495c_590X668_crop_centerad7d.jpg]
[cdn.shopify.com/s/files/1/0412/8151/9765/products/8_f8cda616-1a3a-4e24-bfc2-950991f02508_590X668_crop_centerad7d.jpg]
[vegina-store.myshopify.com/collections/bagel/products/appetizing-bakery-bread.html]
[cdn.shopify.com/s/files/1/0412/8151/9765/products/4_54ab18db-ca26-4488-8ee4-a3da7056669a_590X668_crop_center4bf5.jpg]
[cdn.shopify.com/s/files/1/0412/8151/9765/products/7_1f9ae5c5-6a00-4b91-9c57-bf35bdf4a9f9_590X668_crop_center4520.jpg]
[vegina-store.myshopify.com/products/deli-roll-cake.html]
[vegina-store.myshopify.com/collections/fast-foods.atom]
[vegina-store.myshopify.com/collections/fast-foods4658.html]
[vegina-store.myshopify.com/collections/fast-foods.oembed]
[vegina-store.myshopify.com/collections/fast-foodsd07c.html]
[vegina-store.myshopify.com/collections/fast-foods51e5.html]
[vegina-store.myshopify.com/collections/fast-foods911b.html]
[vegina-store.myshopify.com/collections/fast-foods0466.html]
[vegina-store.myshopify.com/collections/fast-foods7c28.html]
[vegina-store.myshopify.com/collections/fast-foods87b3.html]
[vegina-store.myshopify.com/collections/fast-foods3f84.html]
[vegina-store.myshopify.com/collections/fast-foods6868.html]
[vegina-store.myshopify.com/collections/fast-foods/products/henry-tixied-top.html]
[vegina-store.myshopify.com/collections/fast-foods/vendor_vegist.html]
[vegina-store.myshopify.com/collections/fast-foods/products/sp-red-fresh-guava.html]
[vegina-store.myshopify.com/collections/fast-foods/products/fresh-mussel-500g.html]
[vegina-store.myshopify.com/collections/fast-foods/products/100-fafe-organic-fruit.html]
[vegina-store.myshopify.com/collections/fast-foods/products/bantch-blazar-hint.html]
[vegina-store.myshopify.com/collections/fast-foods/products/fresh-dryed-almod-50g.html]
[vegina-store.myshopify.com/collections/fast-foods/products/copy-of-sp-red-fresh-guava.html]
[vegina-store.myshopify.com/collections/fast-foods/products/organic-coconet.html]
[vegina-store.myshopify.com/collections/fast-foods/products/fruits-banana-100-organic.html]
[vegina-store.myshopify.com/collections/fast-foods/products/copy-of-blackberry-100-organic.html]
[vegina-store.myshopify.com/collections/fast-foods/products/fresh-grassben.html]
[vegina-store.myshopify.com/collections/fast-foods.html]
[vegina-store.myshopify.com/collections/fast-foods/products/orange-juice-5ltr.html]
[vegina-store.myshopify.com/collections/salads.atom]
[vegina-store.myshopify.com/collections/salads4658.html]
[vegina-store.myshopify.com/collections/salads.oembed]
[vegina-store.myshopify.com/collections/saladsd07c.html]
[vegina-store.myshopify.com/collections/salads51e5.html]
[vegina-store.myshopify.com/collections/salads911b.html]
[vegina-store.myshopify.com/collections/salads0466.html]
[vegina-store.myshopify.com/collections/salads7c28.html]
[vegina-store.myshopify.com/collections/salads87b3.html]
[vegina-store.myshopify.com/collections/salads3f84.html]
[vegina-store.myshopify.com/collections/salads6868.html]
[vegina-store.myshopify.com/collections/salads/products/henry-tixied-top.html]
[vegina-store.myshopify.com/collections/salads/vendor_vegist.html]
[vegina-store.myshopify.com/collections/salads/products/sp-red-fresh-guava.html]
[vegina-store.myshopify.com/collections/salads/products/bantch-blazar-hint.html]
[vegina-store.myshopify.com/collections/salads/products/100-fafe-organic-fruit.html]
[vegina-store.myshopify.com/collections/salads/products/fresh-mussel-500g.html]
[vegina-store.myshopify.com/collections/salads/products/copy-of-sp-red-fresh-guava.html]
[vegina-store.myshopify.com/collections/salads/products/organic-coconet.html]
[vegina-store.myshopify.com/collections/salads/products/fruits-banana-100-organic.html]
[vegina-store.myshopify.com/collections/salads/products/copy-of-blackberry-100-organic.html]
[vegina-store.myshopify.com/collections/salads/products/fresh-dryed-almod-50g.html]
[vegina-store.myshopify.com/collections/salads/products/fresh-grassben.html]
[vegina-store.myshopify.com/collections/salads.html]
[vegina-store.myshopify.com/pages/about-us.html]
[vegina-store.myshopify.com/pages/faqs.html]
[vegina-store.myshopify.com/pages/payment-policy.html]
[vegina-store.myshopify.com/pages/privacy-policy.html]
[vegina-store.myshopify.com/pages/contact-us.html]
[vegina-store.myshopify.com/pages/return-policy.html]
[vegina-store.myshopify.com/pages/terms-conditions.html]
[vegina-store.myshopify.com/404.html]
[vegina-store.myshopify.com/collections/salads/products/fresh-seafoods.html]
[vegina-store.myshopify.com/blogs/news.atom]
[vegina-store.myshopify.com/blogs/news4658.html]
[vegina-store.myshopify.com/blogs/GET]
[vegina-store.myshopify.com/blogs/POST]
[cdn.shopify.com/s/files/1/0412/8151/9765/articles/blog-6_02d68299-7a7d-4597-87ff-057bdbf9928d_200x2009b2d.jpg]
[cdn.shopify.com/s/files/1/0412/8151/9765/articles/blog-7_dcbccfda-a774-4cb3-b372-880081adaa29_200x2009b2d.jpg]
[cdn.shopify.com/s/files/1/0412/8151/9765/articles/blog-5_fef03722-1123-48e9-ba68-663832524ab0_200x200fe44.jpg]
[cdn.shopify.com/s/files/1/0412/8151/9765/articles/blog-4_1ff8c58f-79d1-4e97-bff0-e7c236171b97_200x2003497.jpg]
[cdn.shopify.com/s/files/1/0412/8151/9765/articles/blog-3_01262cce-ca6e-4f5a-a9a8-93b9016af364_200x2003497.jpg]
[vegina-store.myshopify.com/blogs/news/tagged/dinner.html]
[vegina-store.myshopify.com/blogs/news/tagged/grocery.html]
[vegina-store.myshopify.com/blogs/news/tagged/handmade.html]
[vegina-store.myshopify.com/blogs/news/tagged/organic.html]
[vegina-store.myshopify.com/blogs/news.html]
[vegina-store.myshopify.com/blogs/news/tagged/pasta.html]
[cdn.shopify.com/s/files/1/0412/8151/9765/articles/blog-8-min_1024x1024e509.jpg]
[vegina-store.myshopify.com/blogs/recipies.atom]
[vegina-store.myshopify.com/nl/blogs/recipies/italian-chiken-peri-peri.html]
[vegina-store.myshopify.com/blogs/recipies/GET]
[cdn.shopify.com/shopifycloud/shopify/assets/storefront/bars/preview_bar_injector-57b94cef374b0312dbc08e48cf583558b3aaccc47550a0081cc24b08c6ca10d6.js]
[vegina-store.myshopify.com/blogs/recipies/POST]
[vegina-store.myshopify.com/blogs/recipies.html]
[cdn.shopify.com/s/files/1/0320/9514/1947/files/h-blog-1_medium6348.jpg]
[vegina-store.myshopify.com/blogs/recipies/tagged/backery.html]
[vegina-store.myshopify.com/blogs/recipies/tagged/bread.html]
[vegina-store.myshopify.com/blogs/recipies/tagged/chiekn.html]
[vegina-store.myshopify.com/blogs/recipies/delicious-hadcraft-baxbread.html]
[vegina-store.myshopify.com/blogs/recipies/delicious-mayonise-pizza.html]
[vegina-store.myshopify.com/blogs/recipies/stauberry-cupcake-mix-presty.html]
[vegina-store.myshopify.com/blogs/recipies/incredible-sandwich-pizza.html]
[vegina-store.myshopify.com/blogs/recipies/the-southindian-dishes.html]
[vegina-store.myshopify.com/blogs/recipies/the-london-breadbakery.html]
[vegina-store.myshopify.com/blogs/recipies/hot-delicious-burger.html]
[vegina-store.myshopify.com/blogs/recipies/vegina-special-liquide-fesh-vagi-1.html]
[cdn.shopify.com/s/files/1/0412/8151/9765/articles/blog-9-min_200x2006557.jpg]
[cdn.shopify.com/s/files/1/0412/8151/9765/articles/blog-8-min_200x200e509.jpg]
[cdn.shopify.com/s/files/1/0412/8151/9765/articles/blog-6-min_200x200ba35.jpg]
[cdn.shopify.com/s/files/1/0412/8151/9765/articles/blog-1-min_200x200798c.jpg]
[cdn.shopify.com/s/files/1/0412/8151/9765/articles/blog-3-min_200x20030e0.jpg]
[vegina-store.myshopify.com/blogs/recipies/tagged/burger.html]
[vegina-store.myshopify.com/blogs/recipies/tagged/cake.html]
[vegina-store.myshopify.com/blogs/recipies/tagged/chilli.html]
[vegina-store.myshopify.com/blogs/recipies/tagged/deshes.html]
[vegina-store.myshopify.com/blogs/recipies/tagged/dinner.html]
[vegina-store.myshopify.com/blogs/recipies/tagged/frenchfries.html]
[vegina-store.myshopify.com/blogs/recipies/tagged/grocery.html]
[vegina-store.myshopify.com/blogs/recipies/tagged/handmade.html]
[vegina-store.myshopify.com/blogs/recipies/tagged/organic.html]
[vegina-store.myshopify.com/blogs/recipies/tagged/paper.html]
[vegina-store.myshopify.com/blogs/recipies/tagged/pasta.html]
[vegina-store.myshopify.com/blogs/recipies/italian-chiken-peri-peri.html]
[vegina-store.myshopify.com/cart.html]
[vegina-store.myshopify.com/blogs/recipies/tagged/tadka.html]
[vegina-store.myshopify.com/collections/fruits.atom]
[vegina-store.myshopify.com/collections/fruits4658.html]
[vegina-store.myshopify.com/collections/fruits.oembed]
[vegina-store.myshopify.com/collections/fruitsd07c.html]
[vegina-store.myshopify.com/collections/fruits51e5.html]
[vegina-store.myshopify.com/collections/fruits911b.html]
[vegina-store.myshopify.com/collections/fruits0466.html]
[vegina-store.myshopify.com/collections/fruits7c28.html]
[vegina-store.myshopify.com/collections/fruits87b3.html]
[vegina-store.myshopify.com/collections/fruits3f84.html]
[vegina-store.myshopify.com/collections/fruits6868.html]
[vegina-store.myshopify.com/collections/fruits/products/henry-tixied-top.html]
[vegina-store.myshopify.com/collections/fruits/vendor_vegist.html]
[vegina-store.myshopify.com/collections/fruits/products/sp-red-fresh-guava.html]
[vegina-store.myshopify.com/collections/fruits/products/bantch-blazar-hint.html]
[vegina-store.myshopify.com/collections/fruits/products/100-fafe-organic-fruit.html]
[vegina-store.myshopify.com/collections/fruits/products/fresh-mussel-500g.html]
[vegina-store.myshopify.com/collections/fruits/products/copy-of-sp-red-fresh-guava.html]
[vegina-store.myshopify.com/collections/fruits/products/organic-coconet.html]
[vegina-store.myshopify.com/collections/fruits/products/fruits-banana-100-organic.html]
[vegina-store.myshopify.com/collections/fruits/products/copy-of-blackberry-100-organic.html]
[vegina-store.myshopify.com/collections/fruits/products/fresh-dryed-almod-50g.html]
[vegina-store.myshopify.com/collections/fruits/products/fresh-grassben.html]
[vegina-store.myshopify.com/collections/fruits.html]
[vegina-store.myshopify.com/collections/fruits/products/fresh-seafoods.html]
[vegina-store.myshopify.com/collections/cat2.atom]
[vegina-store.myshopify.com/collections/cat24658.html]
[vegina-store.myshopify.com/collections/cat2.oembed]
[vegina-store.myshopify.com/collections/cat2d07c.html]
[vegina-store.myshopify.com/collections/cat251e5.html]
[vegina-store.myshopify.com/collections/cat2911b.html]
[vegina-store.myshopify.com/collections/cat20466.html]
[vegina-store.myshopify.com/collections/cat27c28.html]
[vegina-store.myshopify.com/collections/cat287b3.html]
[vegina-store.myshopify.com/collections/cat23f84.html]
[vegina-store.myshopify.com/collections/cat26868.html]
[vegina-store.myshopify.com/collections/cat2/products/henry-tixied-top.html]
[vegina-store.myshopify.com/collections/cat2/vendor_vegist.html]
[vegina-store.myshopify.com/collections/cat2/products/sp-red-fresh-guava.html]
[vegina-store.myshopify.com/collections/cat2/products/bantch-blazar-hint.html]
[vegina-store.myshopify.com/collections/cat2/products/fresh-mussel-500g.html]
[vegina-store.myshopify.com/collections/cat2/products/100-fafe-organic-fruit.html]
[vegina-store.myshopify.com/collections/cat2/products/copy-of-sp-red-fresh-guava.html]
[vegina-store.myshopify.com/collections/cat2/products/organic-coconet.html]
[vegina-store.myshopify.com/collections/cat2/products/fruits-banana-100-organic.html]
[vegina-store.myshopify.com/collections/cat2/products/copy-of-blackberry-100-organic.html]
[vegina-store.myshopify.com/collections/cat2/products/fresh-dryed-almod-50g.html]
[vegina-store.myshopify.com/collections/cat2/products/fresh-grassben.html]
[vegina-store.myshopify.com/collections/cat2.html]
[vegina-store.myshopify.com/collections/cat2/products/fresh-seafoods.html]
[cdn.shopify.com/s/files/1/0412/8151/9765/products/5_601caf9d-be39-41a8-a918-224b06a7e37b_grande4bd8.jpg]
[cdn.shopify.com/s/files/1/0412/8151/9765/products/6_88a38cf3-a0e3-4a97-9932-656570d9c99c_grande4bd8.jpg]
[cdn.shopify.com/s/files/1/0412/8151/9765/products/5_f217f634-03ae-4d04-9e2d-96d9d934f5f2_grande4bd8.jpg]
[vegina-store.myshopify.com/products/children-formal-shirt.oembed]
[cdn.shopify.com/s/files/1/0412/8151/9765/products/5_f217f634-03ae-4d04-9e2d-96d9d934f5f2_1080x4bd8.jpg]
[cdn.shopify.com/s/files/1/0412/8151/9765/products/5_f217f634-03ae-4d04-9e2d-96d9d934f5f2_1024x10244bd8.jpg]
[cdn.shopify.com/s/files/1/0412/8151/9765/products/5_f217f634-03ae-4d04-9e2d-96d9d934f5f2_300x3004bd8.jpg]
[cdn.shopify.com/s/files/1/0412/8151/9765/products/6_88a38cf3-a0e3-4a97-9932-656570d9c99c_1024x10244bd8.jpg]
[cdn.shopify.com/s/files/1/0412/8151/9765/products/6_88a38cf3-a0e3-4a97-9932-656570d9c99c_300x3004bd8.jpg]
[cdn.shopify.com/s/files/1/0412/8151/9765/products/5_601caf9d-be39-41a8-a918-224b06a7e37b_1024x10244bd8.jpg]
[cdn.shopify.com/s/files/1/0412/8151/9765/products/5_601caf9d-be39-41a8-a918-224b06a7e37b_300x3004bd8.jpg]
[cdn.shopify.com/s/files/1/0412/8151/9765/products/7_7b203968-e4c6-45d2-981e-2ff949d9004b_1024x10244bd8.jpg]
[cdn.shopify.com/s/files/1/0412/8151/9765/products/7_7b203968-e4c6-45d2-981e-2ff949d9004b_300x3004bd8.jpg]
[vegina-store.myshopify.com/products/children-formal-shirt.html]
[vegina-store.myshopify.com/collections/cat1.atom]
[vegina-store.myshopify.com/collections/cat14658.html]
[vegina-store.myshopify.com/collections/cat1.oembed]
[vegina-store.myshopify.com/collections/cat1d07c.html]
[vegina-store.myshopify.com/collections/cat151e5.html]
[vegina-store.myshopify.com/collections/cat1911b.html]
[vegina-store.myshopify.com/collections/cat10466.html]
[vegina-store.myshopify.com/collections/cat17c28.html]
[vegina-store.myshopify.com/collections/cat187b3.html]
[vegina-store.myshopify.com/collections/cat13f84.html]
[vegina-store.myshopify.com/collections/cat16868.html]
[vegina-store.myshopify.com/collections/cat1/products/henry-tixied-top.html]
[vegina-store.myshopify.com/collections/cat1/vendor_vegist.html]
[vegina-store.myshopify.com/collections/cat1/products/sp-red-fresh-guava.html]
[vegina-store.myshopify.com/collections/cat1/products/fresh-mussel-500g.html]
[vegina-store.myshopify.com/collections/cat1/products/bantch-blazar-hint.html]
[vegina-store.myshopify.com/collections/cat1/products/100-fafe-organic-fruit.html]
[vegina-store.myshopify.com/collections/cat1/products/copy-of-sp-red-fresh-guava.html]
[vegina-store.myshopify.com/collections/cat1/products/organic-coconet.html]
[vegina-store.myshopify.com/collections/cat1/products/fruits-banana-100-organic.html]
[vegina-store.myshopify.com/collections/cat1/products/copy-of-blackberry-100-organic.html]
[vegina-store.myshopify.com/collections/cat1/products/fresh-dryed-almod-50g.html]
[vegina-store.myshopify.com/collections/cat1/products/fresh-grassben.html]
[vegina-store.myshopify.com/collections/cat1.html]
[vegina-store.myshopify.com/collections/cat1/products/fresh-seafoods.html]
[vegina-store.myshopify.com/collections/cat4.atom]
[vegina-store.myshopify.com/collections/cat44658.html]
[vegina-store.myshopify.com/collections/cat4.oembed]
[vegina-store.myshopify.com/collections/cat4d07c.html]
[vegina-store.myshopify.com/collections/cat451e5.html]
[vegina-store.myshopify.com/collections/cat4911b.html]
[vegina-store.myshopify.com/collections/cat40466.html]
[vegina-store.myshopify.com/collections/cat47c28.html]
[vegina-store.myshopify.com/collections/cat487b3.html]
[vegina-store.myshopify.com/collections/cat43f84.html]
[vegina-store.myshopify.com/collections/cat46868.html]
[vegina-store.myshopify.com/collections/cat4/products/henry-tixied-top.html]
[vegina-store.myshopify.com/collections/cat4/vendor_vegist.html]
[vegina-store.myshopify.com/collections/cat4/products/sp-red-fresh-guava.html]
[vegina-store.myshopify.com/collections/cat4/products/fresh-mussel-500g.html]
[vegina-store.myshopify.com/collections/cat4/products/bantch-blazar-hint.html]
[vegina-store.myshopify.com/collections/cat4/products/100-fafe-organic-fruit.html]
[vegina-store.myshopify.com/collections/cat4/products/copy-of-sp-red-fresh-guava.html]
[vegina-store.myshopify.com/collections/cat4/products/organic-coconet.html]
[vegina-store.myshopify.com/collections/cat4/products/fruits-banana-100-organic.html]
[vegina-store.myshopify.com/collections/cat4/products/copy-of-blackberry-100-organic.html]
[vegina-store.myshopify.com/collections/cat4/products/fresh-dryed-almod-50g.html]
[vegina-store.myshopify.com/collections/cat4/products/fresh-grassben.html]
[vegina-store.myshopify.com/collections/cat4.html]
[vegina-store.myshopify.com/collections/cat4/products/fresh-seafoods.html]
[vegina-store.myshopify.com/collections/cat5.atom]
[vegina-store.myshopify.com/collections/cat54658.html]
[vegina-store.myshopify.com/collections/cat5.oembed]
[vegina-store.myshopify.com/collections/cat5d07c.html]
[vegina-store.myshopify.com/collections/cat551e5.html]
[vegina-store.myshopify.com/collections/cat5911b.html]
[vegina-store.myshopify.com/collections/cat50466.html]
[vegina-store.myshopify.com/collections/cat57c28.html]
[vegina-store.myshopify.com/collections/cat587b3.html]
[vegina-store.myshopify.com/collections/cat53f84.html]
[vegina-store.myshopify.com/collections/cat56868.html]
[vegina-store.myshopify.com/collections/cat5/products/henry-tixied-top.html]
[vegina-store.myshopify.com/collections/cat5/vendor_vegist.html]
[vegina-store.myshopify.com/collections/cat5/products/sp-red-fresh-guava.html]
[vegina-store.myshopify.com/collections/cat5/products/fresh-mussel-500g.html]
[vegina-store.myshopify.com/collections/cat5/products/bantch-blazar-hint.html]
[vegina-store.myshopify.com/collections/cat5/products/100-fafe-organic-fruit.html]
[vegina-store.myshopify.com/collections/cat5/products/copy-of-sp-red-fresh-guava.html]
[vegina-store.myshopify.com/collections/cat5/products/organic-coconet.html]
[vegina-store.myshopify.com/collections/cat5/products/fruits-banana-100-organic.html]
[vegina-store.myshopify.com/collections/cat5/products/copy-of-blackberry-100-organic.html]
[vegina-store.myshopify.com/collections/cat5/products/fresh-dryed-almod-50g.html]
[vegina-store.myshopify.com/collections/cat5/products/fresh-grassben.html]
[vegina-store.myshopify.com/collections/cat5.html]
[vegina-store.myshopify.com/collections/cat5/products/fresh-seafoods.html]
[vegina-store.myshopify.com/collections/cat3.atom]
[vegina-store.myshopify.com/collections/cat34658.html]
[vegina-store.myshopify.com/collections/cat3.oembed]
[vegina-store.myshopify.com/collections/cat3d07c.html]
[vegina-store.myshopify.com/collections/cat351e5.html]
[vegina-store.myshopify.com/collections/cat3911b.html]
[vegina-store.myshopify.com/collections/cat30466.html]
[vegina-store.myshopify.com/collections/cat37c28.html]
[vegina-store.myshopify.com/collections/cat387b3.html]
[vegina-store.myshopify.com/collections/cat33f84.html]
[vegina-store.myshopify.com/collections/cat3.html]
[vegina-store.myshopify.com/collections/cat8.html]
[vegina-store.myshopify.com/collections/cat6.html]
[vegina-store.myshopify.com/collections/cat7.html]
[vegina-store.myshopify.com/collections/cat9.html]
[vegina-store.myshopify.com/collections/vendor_vegist.html]
[vegina-store.myshopify.com/collections/vendors104b.html]
[vegina-store.myshopify.com/products/sp-red-fresh-guava.html]
[vegina-store.myshopify.com/products/shrimp-jumbo-5-lb.html]
[vegina-store.myshopify.com/collections/cat36868.html]
[vegina-store.myshopify.com/products/organic-coconet.html]
[vegina-store.myshopify.com/products/orange-juice-5ltr.html]
[vegina-store.myshopify.com/products/exclusive-zacket.html]
[vegina-store.myshopify.com/products/fruits-banana-100-organic.html]
[vegina-store.myshopify.com/products/fresh-seafoods.html]
[vegina-store.myshopify.com/products/fresh-mussel-500g.html]
[vegina-store.myshopify.com/products/fresh-dryed-almod-50g.html]
[vegina-store.myshopify.com/blogs/news/helth-and-skin-for-your-organic.html]
[vegina-store.myshopify.com/blogs/news/helth-and-skin-for-your-organic#comments.html]
[vegina-store.myshopify.com/blogs/news/organics-mix-masala-fresh-soft.html]
[vegina-store.myshopify.com/blogs/news/organics-mix-masala-fresh-soft#comments.html]
[vegina-store.myshopify.com/blogs/news/fresh-organics-brand-and-picnic.html]
[vegina-store.myshopify.com/blogs/news/fresh-organics-brand-and-picnic#comments.html]
[vegina-store.myshopify.com/blogs/news/vegina-special-liquide-fesh-vagi.html]
[vegina-store.myshopify.com/blogs/news/vegina-special-liquide-fesh-vagi#comments.html]
[vegina-store.myshopify.com/blogs/news/green-onion-knife-and-salad-placed.html]
[vegina-store.myshopify.com/blogs/news/green-onion-knife-and-salad-placed#comments.html]
[vegina-store.myshopify.com/blogs/news/all-time-fresh-every-time-helthy.html]
[vegina-store.myshopify.com/blogs/news/all-time-fresh-every-time-helthy#comments.html]
[vegina-store.myshopify.com/blogs/news/helth-and-skin-for-your-organic-1.html]
[vegina-store.myshopify.com/blogs/news/helth-and-skin-for-your-organic-1#comments.html]
[vegina-store.myshopify.com/pages/shipping-policy.html]
[vegina-store.myshopify.com/account/login4918.html]
[cdn.shopify.com/s/files/1/0412/8151/9765/t/2/assets/fontawesome-webfont3e6e.html]
[cdn.shopify.com/s/files/1/0412/8151/9765/t/2/assets/owl.video.play.html]
[cdn.shopify.com/s/files/1/0412/8151/9765/t/2/assets/Simple-Line-Iconsb26c.html]
[cdn.shopify.com/s/files/1/0412/8151/9765/t/2/assets/ionicons28b5.html]
[cdn.shopify.com/s/files/1/0412/8151/9765/t/2/assets/ionicons28b5-2.html]
[cdn.shopify.com/s/files/1/0412/8151/9765/t/2/assets/ionicons28b5-3.html]
[cdn.shopify.com/s/files/1/0412/8151/9765/t/2/assets/themify9f24.html]
[cdn.shopify.com/shopifycloud/checkout-web/assets/vendors_app.baseline.nl.954db6995929b6f1f646.css]
[cdn.shopify.com/shopifycloud/checkout-web/assets/app.baseline.nl.dd733f21b66b59afc26d.css]
[cdn.shopify.com/shopifycloud/checkout-web/assets/Information_Payment_ShopPay.baseline.nl.9f248e42bf2a8151ea27.css]
[vegina-store.myshopify.com/nl/index.html]
[vegina-store.myshopify.com/nl/collections/frontpage.html]
[vegina-store.myshopify.com/nl/products/100-fafe-organic-fruit.html]
[vegina-store.myshopify.com/nl/products/fresh-green-orange.html]
[vegina-store.myshopify.com/nl/products/henry-tixied-top.html]
[vegina-store.myshopify.com/nl/products/binance-bags.html]
[vegina-store.myshopify.com/nl/products/bantch-blazar-hint.html]
[vegina-store.myshopify.com/nl/products/hmd-colection-watch.html]
[vegina-store.myshopify.com/nl/products/ladies-sniper-crop.html]
[vegina-store.myshopify.com/nl/products/fresh-avocado.html]
[vegina-store.myshopify.com/nl/products/fresh-blueberry.html]
[vegina-store.myshopify.com/nl/products/copy-of-blackberry-100-organic.html]
[vegina-store.myshopify.com/nl/products/copy-of-sp-red-fresh-guava.html]
[vegina-store.myshopify.com/nl/products/fresh-litchi-100-organic.html]
[vegina-store.myshopify.com/nl/collections/bakers-rack.html]
[vegina-store.myshopify.com/nl/products/fresh-grassben.html]
[vegina-store.myshopify.com/nl/products/deli-roll-cake.html]
[vegina-store.myshopify.com/nl/collections/fast-foods.html]
[vegina-store.myshopify.com/nl/collections/salads.html]
[vegina-store.myshopify.com/nl/pages/about-us.html]
[vegina-store.myshopify.com/nl/pages/faqs.html]
[vegina-store.myshopify.com/nl/pages/payment-policy.html]
[vegina-store.myshopify.com/nl/pages/privacy-policy.html]
[vegina-store.myshopify.com/nl/pages/contact-us.html]
[vegina-store.myshopify.com/nl/pages/return-policy.html]
[vegina-store.myshopify.com/nl/pages/terms-conditions.html]
[vegina-store.myshopify.com/nl/404.html]
[vegina-store.myshopify.com/nl/blogs/news.html]
[vegina-store.myshopify.com/nl/collections/fruits.html]
[vegina-store.myshopify.com/nl/collections/cat2.html]
[vegina-store.myshopify.com/nl/products/children-formal-shirt.html]
[vegina-store.myshopify.com/nl/collections/cat1.html]
[vegina-store.myshopify.com/nl/collections/cat4.html]
[vegina-store.myshopify.com/nl/collections/cat5.html]
[vegina-store.myshopify.com/nl/collections/cat3.html]
[vegina-store.myshopify.com/nl/collections/cat8.html]
[vegina-store.myshopify.com/nl/collections/cat6.html]
