[bim.themescamp.com/demo7/index.html]
[backblue.gif]
[fade.gif]
[index.html]
[bim.themescamp.com/demo7/comments/feed/index.html]
[bim.themescamp.com/demo7/feed/index.html]
[bim.themescamp.com/demo7/wp-includes/css/dist/block-library/style.mind988.css]
[bim.themescamp.com/demo7/wp-content/plugins/metronet-profile-picture/dist/blocks.style.build5f5a.css]
[bim.themescamp.com/demo7/wp-content/plugins/contact-form-7/includes/css/stylesc225.css]
[bim.themescamp.com/demo7/wp-content/plugins/bim_plugin/widgets/css/style8a54.css]
[bim.themescamp.com/demo7/wp-content/themes/bim/css/bootstrap.min68b3.css]
[bim.themescamp.com/demo7/wp-content/plugins/elementor/assets/lib/font-awesome/css/font-awesome.min1849.css]
[bim.themescamp.com/demo7/wp-content/themes/bim/css/icon-font.min68b3.css]
[bim.themescamp.com/demo7/wp-content/themes/bim/css/magnific-popup68b3.css]
[bim.themescamp.com/demo7/wp-content/themes/bim/css/animate68b3.css]
[bim.themescamp.com/demo7/wp-content/themes/bim/css/magic68b3.css]
[bim.themescamp.com/demo7/wp-content/themes/bim/css/slick68b3.css]
[bim.themescamp.com/demo7/wp-content/themes/bim/css/jquery.fatNav68b3.css]
[bim.themescamp.com/demo7/wp-content/themes/bim/css/animate.headline68b3.css]
[bim.themescamp.com/demo7/wp-content/themes/bim/css/splitting68b3.css]
[bim.themescamp.com/demo7/wp-content/themes/bim/css/splitting-cells68b3.css]
[bim.themescamp.com/demo7/wp-content/themes/bim/style8a54.css]
[bim.themescamp.com/demo7/wp-content/plugins/elementor/assets/lib/eicons/css/elementor-icons.min21f9.css]
[bim.themescamp.com/demo7/wp-content/plugins/elementor/assets/lib/animations/animations.minaeb9.css]
[bim.themescamp.com/demo7/wp-content/plugins/elementor/assets/css/frontend-legacy.minaeb9.css]
[bim.themescamp.com/demo7/wp-content/plugins/elementor/assets/css/frontend.minaeb9.css]
[bim.themescamp.com/demo7/wp-content/uploads/sites/9/elementor/css/post-28325eba.css]
[bim.themescamp.com/demo7/wp-content/plugins/better-elementor-addons/assets/css/pe-icon-7-stroke38be.css]
[bim.themescamp.com/demo7/wp-content/plugins/better-elementor-addons/assets/css/fontawesome.min38be.css]
[bim.themescamp.com/demo7/wp-content/plugins/better-elementor-addons/assets/css/twentytwenty38be.css]
[bim.themescamp.com/demo7/wp-content/plugins/better-elementor-addons/assets/css/animate38be.css]
[bim.themescamp.com/demo7/wp-content/plugins/better-elementor-addons/assets/css/youtubepopup38be.css]
[bim.themescamp.com/demo7/wp-content/plugins/better-elementor-addons/assets/css/nice-select38be.css]
[bim.themescamp.com/demo7/wp-content/plugins/better-elementor-addons/assets/css/justifiedgallery.min38be.css]
[bim.themescamp.com/demo7/wp-content/plugins/better-elementor-addons/assets/css/slick-theme38be.css]
[bim.themescamp.com/demo7/wp-content/plugins/better-elementor-addons/assets/style38be.css]
[bim.themescamp.com/demo7/wp-content/plugins/elementor/assets/lib/font-awesome/css/all.minaeb9.css]
[bim.themescamp.com/demo7/wp-content/plugins/elementor/assets/lib/font-awesome/css/v4-shims.minaeb9.css]
[bim.themescamp.com/demo7/wp-content/uploads/sites/9/elementor/css/post-28305eba.css]
[bim.themescamp.com/demo7/wp-includes/js/jquery/jquery.min9d52.js]
[bim.themescamp.com/demo7/wp-includes/js/jquery/jquery-migrate.mind617.js]
[bim.themescamp.com/demo7/wp-content/themes/bim/js/modernizrd988.js]
[bim.themescamp.com/demo7/wp-json/index.html]
[bim.themescamp.com/demo7/wp-json/wp/v2/pages/2830.json]
[bim.themescamp.com/demo7/wp-includes/wlwmanifest.xml]
[bim.themescamp.com/demo7/wp-json/oembed/1.0/embed1731.json]
[bim.themescamp.com/demo7/wp-json/oembed/1.0/embed4e1b]
[bim.themescamp.com/demo7/wp-content/uploads/sites/9/2020/08/cropped-Favicon-32x32.png]
[bim.themescamp.com/demo7/wp-content/uploads/sites/9/2020/08/cropped-Favicon-192x192.png]
[bim.themescamp.com/demo7/wp-content/uploads/sites/9/2020/08/cropped-Favicon-180x180.png]
[bim.themescamp.com/demo7/wp-content/uploads/sites/9/2020/07/bg3.jpg]
[bim.themescamp.com/demo7/wp-content/uploads/sites/9/2020/07/bg2.jpg]
[bim.themescamp.com/demo7/wp-content/uploads/sites/9/2019/06/004.jpg]
[innovationplans.com/themes/bim/wp/wp-content/uploads/2019/06/04.jpg]
[bim.themescamp.com/demo7/portfolio/beauty-center/index.html]
[bim.themescamp.com/demo7/wp-content/uploads/sites/9/2019/06/002.jpg]
[innovationplans.com/themes/bim/wp/wp-content/uploads/2019/06/02-2.jpg]
[bim.themescamp.com/demo7/wp-content/uploads/sites/9/2019/06/005.jpg]
[innovationplans.com/themes/bim/wp1/wp-content/uploads/2019/06/02-2.jpg]
[bim.themescamp.com/demo7/portfolio/residential/index.html]
[bim.themescamp.com/demo7/wp-content/uploads/sites/9/2019/06/006.jpg]
[innovationplans.com/themes/bim/wp1/wp-content/uploads/2019/06/06.jpg]
[bim.themescamp.com/demo7/wp-content/uploads/sites/9/2019/06/003.jpg]
[innovationplans.com/themes/bim/wp1/wp-content/uploads/2019/06/03-1.jpg]
[bim.themescamp.com/demo7/portfolio/retails/index.html]
[innovationplans.com/themes/bim/wp1/wp-content/uploads/2019/06/01-3.jpg]
[bim.themescamp.com/demo7/portfolio/offices/index.html]
[bim.themescamp.com/demo7/wp-content/uploads/sites/9/2019/06/008.jpg]
[innovationplans.com/themes/bim/wp/wp-content/uploads/2019/06/08.jpg]
[bim.themescamp.com/demo7/portfolio/commercial/index.html]
[bim.themescamp.com/demo7/wp-content/uploads/sites/9/elementor/css/post-28185eba.css]
[bim.themescamp.com/demo7/tag/home-style/index.html]
[bim.themescamp.com/demo7/2020/02/26/in-good-taste-mark-finlay-architects-and-interiors/index.html]
[bim.themescamp.com/demo7/author/admin/index.html]
[bim.themescamp.com/demo7/tag/design/index.html]
[bim.themescamp.com/demo7/category/interior/index.html]
[bim.themescamp.com/demo7/category/modern/index.html]
[bim.themescamp.com/demo7/2019/08/28/new-wooden-material-2/index.html]
[bim.themescamp.com/demo7/wp-content/plugins/elementor/assets/lib/font-awesome/css/fontawesome.min9e0b.css]
[bim.themescamp.com/demo7/wp-content/plugins/elementor/assets/lib/font-awesome/css/solid.min9e0b.css]
[bim.themescamp.com/demo7/wp-content/plugins/elementor/assets/lib/font-awesome/css/regular.min9e0b.css]
[bim.themescamp.com/demo7/wp-content/plugins/metronet-profile-picture/js/mpp-frontend5f5a.js]
[bim.themescamp.com/demo7/wp-includes/js/dist/vendor/wp-polyfill.min89b1.js]
[bim.themescamp.com/demo7/wp-includes/js/dist/vendor/wp-polyfill-fetch.min6e0e.js]
[bim.themescamp.com/demo7/wp-includes/js/dist/vendor/wp-polyfill-node-contains.min2e00.js]
[bim.themescamp.com/demo7/wp-includes/js/dist/vendor/wp-polyfill-dom-rect.min2e00.js]
[bim.themescamp.com/demo7/wp-includes/js/dist/vendor/wp-polyfill-url.min5aed.js]
[bim.themescamp.com/demo7/wp-includes/js/dist/vendor/wp-polyfill-formdata.mine9bd.js]
[bim.themescamp.com/demo7/wp-includes/js/dist/vendor/wp-polyfill-element-closest.min4c56.js]
[bim.themescamp.com/demo7/wp-includes/js/dist/vendor/wp-polyfill-object-fit.min531b.js]
[bim.themescamp.com/demo7/wp-content/plugins/contact-form-7/includes/js/indexc225.js]
[bim.themescamp.com/demo7/wp-content/plugins/shortpixel-adaptive-images/assets/js/ai.mina7f4.js]
[bim.themescamp.com/demo7/wp-content/themes/bim/js/bootstrap.mind988.js]
[bim.themescamp.com/demo7/wp-includes/js/jquery/ui/effect.min35d0.js]
[bim.themescamp.com/demo7/wp-content/themes/bim/js/superfishd988.js]
[bim.themescamp.com/demo7/wp-content/themes/bim/js/jquery.fitvidsd988.js]
[bim.themescamp.com/demo7/wp-content/themes/bim/js/jquery.magnific-popup.mind988.js]
[bim.themescamp.com/demo7/wp-content/themes/bim/js/jquery.stickyd988.js]
[bim.themescamp.com/demo7/wp-includes/js/imagesloaded.mineda1.js]
[bim.themescamp.com/demo7/wp-content/themes/bim/js/slick.mind988.js]
[bim.themescamp.com/demo7/wp-content/themes/bim/js/slick-animationd988.js]
[bim.themescamp.com/demo7/wp-content/themes/bim/js/ResizeSensor.mind988.js]
[bim.themescamp.com/demo7/wp-content/themes/bim/js/theia-sticky-sidebar.mind988.js]
[bim.themescamp.com/demo7/wp-content/plugins/better-elementor-addons/assets/js/wowd988.js]
[bim.themescamp.com/demo7/wp-content/themes/bim/js/svgembedder.mind988.js]
[bim.themescamp.com/demo7/wp-content/themes/bim/js/totopd988.js]
[bim.themescamp.com/demo7/wp-content/themes/bim/js/animated.headlined988.js]
[bim.themescamp.com/demo7/wp-content/plugins/better-elementor-addons/assets/js/splitting.mind988.js]
[bim.themescamp.com/demo7/wp-content/themes/bim/js/scriptsd988.js]
[bim.themescamp.com/demo7/wp-content/themes/bim/js/loaderd988.js]
[bim.themescamp.com/demo7/wp-includes/js/wp-embed.mind988.js]
[bim.themescamp.com/demo7/wp-content/plugins/elementor/assets/lib/slick/slick.minc245.js]
[bim.themescamp.com/demo7/wp-content/plugins/bim_plugin/widgets/js/slick-animation.js]
[bim.themescamp.com/demo7/wp-content/plugins/bim_plugin/widgets/js/slider.js]
[bim.themescamp.com/demo7/wp-content/plugins/bim_plugin/widgets/js/swiper.min.js]
[bim.themescamp.com/demo7/wp-content/plugins/bim_plugin/widgets/js/isotope.pkgd.js]
[bim.themescamp.com/demo7/wp-content/plugins/bim_plugin/widgets/js/portfolio.js]
[bim.themescamp.com/demo7/wp-content/plugins/elementor/assets/lib/jquery-numerator/jquery-numerator.min3958.js]
[bim.themescamp.com/demo7/wp-content/plugins/elementor/assets/js/webpack.runtime.minaeb9.js]
[bim.themescamp.com/demo7/wp-content/plugins/elementor/assets/js/frontend-modules.minaeb9.js]
[bim.themescamp.com/demo7/wp-includes/js/jquery/ui/core.min35d0.js]
[bim.themescamp.com/demo7/wp-content/plugins/elementor/assets/lib/dialog/dialog.mina288.js]
[bim.themescamp.com/demo7/wp-content/plugins/elementor/assets/lib/waypoints/waypoints.min05da.js]
[bim.themescamp.com/demo7/wp-content/plugins/elementor/assets/lib/share-link/share-link.minaeb9.js]
[bim.themescamp.com/demo7/wp-content/plugins/elementor/assets/lib/swiper/swiper.min48f5.js]
[bim.themescamp.com/demo7/wp-content/plugins/elementor/assets/js/preloaded-elements-handlers.minaeb9.js]
[bim.themescamp.com/demo7/index.html]
[bim.themescamp.com/demo7/wp-includes/css/dist/block-library/style.mind988.css]
[bim.themescamp.com/demo7/wp-content/plugins/metronet-profile-picture/dist/blocks.style.build5f5a.css]
[bim.themescamp.com/demo7/wp-content/plugins/contact-form-7/includes/css/stylesc225.css]
[bim.themescamp.com/demo7/wp-content/plugins/bim_plugin/widgets/css/style8a54.css]
[bim.themescamp.com/demo7/wp-content/themes/bim/fonts/glyphicons-halflings-regular.eot]
[bim.themescamp.com/demo7/wp-content/themes/bim/fonts/glyphicons-halflings-regulard41d.eot]
[bim.themescamp.com/demo7/wp-content/themes/bim/fonts/glyphicons-halflings-regular.woff2]
[bim.themescamp.com/demo7/wp-content/themes/bim/fonts/glyphicons-halflings-regular.woff]
[bim.themescamp.com/demo7/wp-content/themes/bim/fonts/glyphicons-halflings-regular.ttf]
[bim.themescamp.com/demo7/wp-content/themes/bim/fonts/glyphicons-halflings-regular.svg]
[bim.themescamp.com/demo7/wp-content/themes/bim/css/bootstrap.min68b3.css]
[bim.themescamp.com/demo7/wp-content/plugins/elementor/assets/lib/font-awesome/fonts/fontawesome-webfont3e6e.eot]
[bim.themescamp.com/demo7/wp-content/plugins/elementor/assets/lib/font-awesome/fonts/fontawesome-webfont3e6e.woff2]
[bim.themescamp.com/demo7/wp-content/plugins/elementor/assets/lib/font-awesome/fonts/fontawesome-webfontd41d.eot]
[bim.themescamp.com/demo7/wp-content/plugins/elementor/assets/lib/font-awesome/fonts/fontawesome-webfont3e6e.woff]
[bim.themescamp.com/demo7/wp-content/plugins/elementor/assets/lib/font-awesome/css/font-awesome.min1849.css]
[bim.themescamp.com/demo7/wp-content/themes/bim/css/icon-font.min68b3.css]
[bim.themescamp.com/demo7/wp-content/themes/bim/css/magnific-popup68b3.css]
[bim.themescamp.com/demo7/wp-content/themes/bim/css/animate68b3.css]
[bim.themescamp.com/demo7/wp-content/themes/bim/css/magic68b3.css]
[bim.themescamp.com/demo7/wp-content/themes/bim/css/slick68b3.css]
[bim.themescamp.com/demo7/wp-content/themes/bim/css/jquery.fatNav68b3.css]
[bim.themescamp.com/demo7/wp-content/themes/bim/css/animate.headline68b3.css]
[bim.themescamp.com/demo7/wp-content/themes/bim/css/splitting68b3.css]
[bim.themescamp.com/demo7/wp-content/themes/bim/css/splitting-cells68b3.css]
[bim.themescamp.com/demo7/wp-content/plugins/elementor/assets/lib/font-awesome/fonts/fontawesome-webfont3e6e.ttf]
[bim.themescamp.com/demo7/wp-content/plugins/elementor/assets/lib/font-awesome/fonts/fontawesome-webfont3e6e.svg]
[bim.themescamp.com/demo7/wp-content/themes/bim/style8a54.css]
[bim.themescamp.com/demo7/wp-content/plugins/elementor/assets/lib/eicons/fonts/eiconsa481.eot]
[bim.themescamp.com/demo7/wp-content/plugins/elementor/assets/lib/eicons/fonts/eiconsa481.woff]
[bim.themescamp.com/demo7/wp-content/plugins/elementor/assets/lib/eicons/fonts/eiconsa481.woff2]
[bim.themescamp.com/demo7/wp-content/plugins/elementor/assets/lib/eicons/css/elementor-icons.min21f9.css]
[bim.themescamp.com/demo7/wp-content/plugins/elementor/assets/lib/animations/animations.minaeb9.css]
[bim.themescamp.com/demo7/wp-content/plugins/elementor/assets/css/frontend-legacy.minaeb9.css]
[bim.themescamp.com/demo7/wp-content/plugins/elementor/assets/css/frontend.minaeb9.css]
[bim.themescamp.com/demo7/wp-content/uploads/sites/9/elementor/css/post-28325eba.css]
[bim.themescamp.com/demo7/wp-content/plugins/elementor/assets/lib/eicons/fonts/eiconsa481.ttf]
[bim.themescamp.com/demo7/wp-content/plugins/elementor/assets/lib/eicons/fonts/eiconsa481.svg]
[bim.themescamp.com/demo7/wp-content/plugins/better-elementor-addons/assets/webfonts/Pe-icon-7-strokebb1d.eot]
[bim.themescamp.com/demo7/wp-content/plugins/better-elementor-addons/assets/webfonts/Pe-icon-7-stroked41d.eot]
[bim.themescamp.com/demo7/wp-content/plugins/better-elementor-addons/assets/webfonts/Pe-icon-7-strokebb1d.woff]
[bim.themescamp.com/demo7/wp-content/plugins/better-elementor-addons/assets/webfonts/Pe-icon-7-strokebb1d.ttf]
[bim.themescamp.com/demo7/wp-content/plugins/better-elementor-addons/assets/css/pe-icon-7-stroke38be.css]
[bim.themescamp.com/demo7/wp-content/plugins/better-elementor-addons/assets/webfonts/Pe-icon-7-strokebb1d.svg]
[bim.themescamp.com/demo7/wp-content/plugins/better-elementor-addons/assets/webfonts/fa-brands-400.eot]
[bim.themescamp.com/demo7/wp-content/plugins/better-elementor-addons/assets/webfonts/fa-brands-400d41d.eot]
[bim.themescamp.com/demo7/wp-content/plugins/better-elementor-addons/assets/webfonts/fa-brands-400.woff]
[bim.themescamp.com/demo7/wp-content/plugins/better-elementor-addons/assets/webfonts/fa-brands-400.woff2]
[bim.themescamp.com/demo7/wp-content/plugins/better-elementor-addons/assets/webfonts/fa-brands-400.ttf]
[bim.themescamp.com/demo7/wp-content/plugins/better-elementor-addons/assets/webfonts/fa-regular-400.eot]
[bim.themescamp.com/demo7/wp-content/plugins/better-elementor-addons/assets/webfonts/fa-brands-400.svg]
[bim.themescamp.com/demo7/wp-content/plugins/better-elementor-addons/assets/webfonts/fa-regular-400d41d.eot]
[bim.themescamp.com/demo7/wp-content/plugins/better-elementor-addons/assets/webfonts/fa-regular-400.woff2]
[bim.themescamp.com/demo7/wp-content/plugins/better-elementor-addons/assets/webfonts/fa-regular-400.woff]
[bim.themescamp.com/demo7/wp-content/plugins/better-elementor-addons/assets/webfonts/fa-regular-400.ttf]
[bim.themescamp.com/demo7/wp-content/plugins/better-elementor-addons/assets/webfonts/fa-regular-400.svg]
[bim.themescamp.com/demo7/wp-content/plugins/better-elementor-addons/assets/webfonts/fa-solid-900.eot]
[bim.themescamp.com/demo7/wp-content/plugins/better-elementor-addons/assets/webfonts/fa-solid-900.woff2]
[bim.themescamp.com/demo7/wp-content/plugins/better-elementor-addons/assets/webfonts/fa-solid-900d41d.eot]
[bim.themescamp.com/demo7/wp-content/plugins/better-elementor-addons/assets/webfonts/fa-solid-900.woff]
[bim.themescamp.com/demo7/wp-content/plugins/better-elementor-addons/assets/webfonts/fa-solid-900.ttf]
[bim.themescamp.com/demo7/wp-content/plugins/better-elementor-addons/assets/css/fontawesome.min38be.css]
[bim.themescamp.com/demo7/wp-content/plugins/better-elementor-addons/assets/css/twentytwenty38be.css]
[bim.themescamp.com/demo7/wp-content/plugins/better-elementor-addons/assets/css/animate38be.css]
[bim.themescamp.com/demo7/wp-content/plugins/better-elementor-addons/assets/css/youtubepopup38be.css]
[bim.themescamp.com/demo7/wp-content/plugins/better-elementor-addons/assets/css/nice-select38be.css]
[bim.themescamp.com/demo7/wp-content/plugins/better-elementor-addons/assets/css/justifiedgallery.min38be.css]
[bim.themescamp.com/demo7/wp-content/plugins/better-elementor-addons/assets/css/slick-theme38be.css]
[bim.themescamp.com/demo7/wp-content/plugins/better-elementor-addons/assets/webfonts/fa-solid-900.svg]
[bim.themescamp.com/demo7/wp-content/plugins/better-elementor-addons/assets/img/line-pattern1.png]
[bim.themescamp.com/demo7/wp-content/plugins/better-elementor-addons/assets/img/pattern-bg.svg]
[bim.themescamp.com/demo7/wp-content/plugins/better-elementor-addons/assets/img/line-pattern-color.png]
[bim.themescamp.com/demo7/wp-content/plugins/better-elementor-addons/assets/img/patern.png]
[bim.themescamp.com/demo7/wp-content/plugins/better-elementor-addons/assets/style38be.css]
[bim.themescamp.com/demo7/wp-content/plugins/elementor/assets/lib/font-awesome/webfonts/fa-brands-400.eot]
[bim.themescamp.com/demo7/wp-content/plugins/elementor/assets/lib/font-awesome/webfonts/fa-brands-400d41d.eot]
[bim.themescamp.com/demo7/wp-content/plugins/elementor/assets/lib/font-awesome/webfonts/fa-brands-400.woff2]
[bim.themescamp.com/demo7/wp-content/plugins/elementor/assets/lib/font-awesome/webfonts/fa-brands-400.woff]
[bim.themescamp.com/demo7/wp-content/plugins/elementor/assets/lib/font-awesome/webfonts/fa-brands-400.ttf]
[bim.themescamp.com/demo7/wp-content/plugins/elementor/assets/lib/font-awesome/webfonts/fa-regular-400.eot]
[bim.themescamp.com/demo7/wp-content/plugins/elementor/assets/lib/font-awesome/webfonts/fa-brands-400.svg]
[bim.themescamp.com/demo7/wp-content/plugins/elementor/assets/lib/font-awesome/webfonts/fa-regular-400d41d.eot]
[bim.themescamp.com/demo7/wp-content/plugins/elementor/assets/lib/font-awesome/webfonts/fa-regular-400.woff2]
[bim.themescamp.com/demo7/wp-content/plugins/elementor/assets/lib/font-awesome/webfonts/fa-regular-400.woff]
[bim.themescamp.com/demo7/wp-content/plugins/elementor/assets/lib/font-awesome/webfonts/fa-regular-400.ttf]
[bim.themescamp.com/demo7/wp-content/plugins/elementor/assets/lib/font-awesome/webfonts/fa-regular-400.svg]
[bim.themescamp.com/demo7/wp-content/plugins/elementor/assets/lib/font-awesome/webfonts/fa-solid-900d41d.eot]
[bim.themescamp.com/demo7/wp-content/plugins/elementor/assets/lib/font-awesome/webfonts/fa-solid-900.eot]
[bim.themescamp.com/demo7/wp-content/plugins/elementor/assets/lib/font-awesome/webfonts/fa-solid-900.woff2]
[bim.themescamp.com/demo7/wp-content/plugins/elementor/assets/lib/font-awesome/webfonts/fa-solid-900.woff]
[bim.themescamp.com/demo7/wp-content/plugins/elementor/assets/lib/font-awesome/webfonts/fa-solid-900.ttf]
[bim.themescamp.com/demo7/wp-content/plugins/elementor/assets/lib/font-awesome/css/all.minaeb9.css]
[bim.themescamp.com/demo7/wp-content/plugins/elementor/assets/lib/font-awesome/css/v4-shims.minaeb9.css]
[bim.themescamp.com/demo7/wp-content/plugins/elementor/assets/lib/font-awesome/webfonts/fa-solid-900.svg]
[bim.smartinnovates.com/demo7/wp-content/uploads/sites/9/2020/07/grid.png]
[bim.smartinnovates.com/demo7/wp-content/uploads/sites/9/2020/07/blog-02.jpg]
[bim.smartinnovates.com/demo7/wp-content/uploads/sites/9/2020/07/port-2.jpg]
[bim.themescamp.com/demo7/wp-content/uploads/sites/9/elementor/css/post-28305eba.css]
[bim.themescamp.com/demo7/wp-json/oembed/1.0/embed6c45.json]
[bim.themescamp.com/demo7/wp-json/oembed/1.0/embedea17]
[bim.themescamp.com/demo7/portfolio/beauty-center/feed/index.html]
[bim.themescamp.com/demo7/wp-includes/js/comment-reply.mind988.js]
[bim.themescamp.com/demo7/wp-content/plugins/bim_plugin/widgets/js/imgbg.js]
[bim.themescamp.com/demo7/wp-content/plugins/bim_plugin/widgets/js/single-portfolio.js]
[bim.themescamp.com/demo7/portfolio/beauty-center/index.html]
[bim.themescamp.com/demo7/portfolio/hospitality/index.html]
[bim.themescamp.com/demo7/wp-json/oembed/1.0/embedac27.json]
[bim.themescamp.com/demo7/portfolio/residential/feed/index.html]
[bim.themescamp.com/demo7/wp-json/oembed/1.0/embed031a]
[bim.themescamp.com/demo7/portfolio/residential/index.html]
[bim.themescamp.com/demo7/wp-json/oembed/1.0/embed2713.json]
[bim.themescamp.com/demo7/portfolio/food-court/index.html]
[bim.themescamp.com/demo7/portfolio/retails/feed/index.html]
[bim.themescamp.com/demo7/wp-json/oembed/1.0/embede872]
[bim.themescamp.com/demo7/portfolio/retails/index.html]
[bim.themescamp.com/demo7/wp-content/uploads/sites/9/2019/06/007.jpg]
[bim.themescamp.com/demo7/wp-json/oembed/1.0/embedd54a.json]
[bim.themescamp.com/demo7/portfolio/offices/feed/index.html]
[bim.themescamp.com/demo7/wp-json/oembed/1.0/embed5a92]
[bim.themescamp.com/demo7/portfolio/offices/index.html]
[bim.themescamp.com/demo7/wp-json/oembed/1.0/embedaad9.json]
[bim.themescamp.com/demo7/portfolio/commercial/feed/index.html]
[bim.themescamp.com/demo7/wp-json/oembed/1.0/embed9c93]
[bim.themescamp.com/demo7/portfolio/commercial/index.html]
[bim.themescamp.com/demo7/portfolio/restaurant/index.html]
[bim.themescamp.com/demo7/wp-content/uploads/sites/9/2019/06/001.jpg]
[bim.themescamp.com/demo7/wp-json/wp/v2/tags/10.json]
[bim.themescamp.com/demo7/wp-content/uploads/sites/9/2020/07/sq-img-12.jpg]
[bim.themescamp.com/demo7/2019/06/15/stylish-living-room-with-comfortable-sofa/index.html]
[bim.themescamp.com/demo7/tag/design/feed/index.html]
[bim.themescamp.com/demo7/category/home-style/index.html]
[bim.themescamp.com/demo7/wp-content/uploads/sites/9/2019/05/port-03.jpg]
[bim.themescamp.com/demo7/wp-content/uploads/sites/9/2020/07/sq-img-07.jpg]
[bim.themescamp.com/demo7/wp-content/uploads/sites/9/2020/06/2.jpg]
[bim.themescamp.com/demo7/wp-content/uploads/sites/9/2020/06/04.jpg]
[bim.themescamp.com/demo7/2019/08/28/new-wooden-material/index.html]
[bim.themescamp.com/demo7/tag/planning/index.html]
[bim.themescamp.com/demo7/wp-content/uploads/sites/9/2020/06/02-1.jpg]
[bim.themescamp.com/demo7/tag/design/index.html]
[bim.themescamp.com/demo7/2019/05/18/new-material-of-wooden-walls-covering/index.html]
[bim.themescamp.com/demo7/2019/04/17/nominated-the-top-architecture-of-the-year/index.html]
[bim.themescamp.com/demo7/2019/05/18/interior-trend-design/index.html]
[bim.themescamp.com/demo7/wp-json/wp/v2/tags/11.json]
[bim.themescamp.com/demo7/tag/home-style/index.html]
[bim.themescamp.com/demo7/tag/architecture/index.html]
[bim.themescamp.com/demo7/tag/interior/index.html]
[bim.themescamp.com/demo7/tag/award/index.html]
[bim.themescamp.com/demo7/tag/modern/index.html]
[bim.themescamp.com/demo7/wp-content/uploads/sites/9/elementor/css/post-282745c0.css]
[bim.themescamp.com/demo7/2020/02/26/in-good-taste-mark-finlay-architects-and-interiors/feed/index.html]
[bim.themescamp.com/demo7/wp-json/wp/v2/posts/2827.json]
[bim.themescamp.com/demo7/wp-json/oembed/1.0/embed5ce9.json]
[bim.themescamp.com/demo7/wp-json/oembed/1.0/embedac91]
[bim.themescamp.com/demo7/wp-content/uploads/sites/9/2020/06/03.jpg]
[bim.themescamp.com/demo7/wp-content/uploads/sites/9/elementor/css/post-118653d.css]
[bim.themescamp.com/demo7/2020/02/26/in-good-taste-mark-finlay-architects-and-interiors/index.html]
[bim.themescamp.com/demo7/wp-json/wp/v2/users/1.json]
[bim.themescamp.com/demo7/author/admin/index.html]
[bim.themescamp.com/demo7/author/admin/feed/index.html]
[bim.themescamp.com/demo7/wp-json/wp/v2/categories/5.json]
[bim.themescamp.com/demo7/category/interior/index.html]
[bim.themescamp.com/demo7/category/interior/feed/index.html]
[bim.themescamp.com/demo7/wp-json/wp/v2/categories/6.json]
[bim.themescamp.com/demo7/category/modern/index.html]
[bim.themescamp.com/demo7/category/modern/feed/index.html]
[bim.themescamp.com/demo7/wp-content/uploads/sites/9/elementor/css/post-33537068.css]
[bim.themescamp.com/demo7/2019/08/28/new-wooden-material-2/feed/index.html]
[bim.themescamp.com/demo7/wp-json/wp/v2/posts/3353.json]
[bim.themescamp.com/demo7/wp-json/oembed/1.0/embed084d.json]
[bim.themescamp.com/demo7/wp-json/oembed/1.0/embed3abd]
[bim.themescamp.com/demo7/wp-content/uploads/sites/9/2019/08/02.jpg]
[bim.themescamp.com/demo7/2019/08/28/new-wooden-material-2/index.html]
[innovationplans.com/themes/bim/wp/wp-content/uploads/2020/07/map01.png]
[bim.themescamp.com/demo7/2019/08/28/new-wooden-material-2/index7c98.html]
[bim.themescamp.com/demo7/2019/08/28/new-wooden-material-2/indexec27.html]
[bim.themescamp.com/demo7/wp-content/uploads/sites/9/elementor/css/post-28185eba.css]
[bim.themescamp.com/demo7/wp-content/plugins/elementor/assets/lib/font-awesome/css/fontawesome.min9e0b.css]
[bim.themescamp.com/demo7/wp-content/plugins/elementor/assets/lib/font-awesome/css/solid.min9e0b.css]
[bim.themescamp.com/demo7/wp-content/plugins/elementor/assets/lib/font-awesome/css/regular.min9e0b.css]
[bim.themescamp.com/demo7/wp-content/themes/bim/fonts/glyphicons-halflings-regular.html]
[bim.themescamp.com/demo7/wp-content/themes/bim/fonts/glyphicons-halflings-regulard41d.html]
[bim.themescamp.com/demo7/wp-content/themes/bim/fonts/glyphicons-halflings-regular-2.html]
[bim.themescamp.com/demo7/wp-content/themes/bim/fonts/glyphicons-halflings-regular-3.html]
[bim.themescamp.com/demo7/wp-content/themes/bim/fonts/glyphicons-halflings-regular-4.html]
[bim.themescamp.com/demo7/wp-content/themes/bim/fonts/glyphicons-halflings-regular-5.html]
[bim.themescamp.com/demo7/wp-content/plugins/elementor/assets/lib/font-awesome/fonts/fontawesome-webfont3e6e.svg]
[bim.themescamp.com/demo7/wp-content/plugins/elementor/assets/js/frontend.minaeb9.js]
[bim.themescamp.com/demo7/wp-content/plugins/elementor/assets/lib/eicons/fonts/eiconsa481.svg]
[bim.themescamp.com/demo7/wp-content/plugins/better-elementor-addons/assets/webfonts/Pe-icon-7-strokebb1d.svg]
[bim.themescamp.com/demo7/wp-content/plugins/better-elementor-addons/assets/webfonts/fa-brands-400.svg]
[bim.themescamp.com/demo7/wp-content/plugins/better-elementor-addons/assets/webfonts/fa-regular-400.svg]
[bim.themescamp.com/demo7/wp-content/plugins/better-elementor-addons/assets/webfonts/fa-solid-900.svg]
[bim.themescamp.com/demo7/wp-content/plugins/better-elementor-addons/assets/img/pattern-bg.svg]
[bim.themescamp.com/demo7/wp-content/plugins/elementor/assets/lib/font-awesome/webfonts/fa-brands-400.svg]
[bim.themescamp.com/demo7/wp-content/plugins/elementor/assets/lib/font-awesome/webfonts/fa-regular-400.svg]
[bim.themescamp.com/demo7/wp-content/plugins/elementor/assets/lib/font-awesome/webfonts/fa-solid-900.svg]
[bim.themescamp.com/demo7/portfolio/beauty-center/feed/index.html]
[bim.themescamp.com/demo7/index25b8.html]
[bim.themescamp.com/demo7/wp-content/plugins/bim_plugin/widgets/js/slider-swiper.js]
[bim.themescamp.com/demo7/portfolio/hospitality/feed/index.html]
[bim.themescamp.com/demo7/wp-json/oembed/1.0/embed2b46.json]
[bim.themescamp.com/demo7/wp-json/oembed/1.0/embedc116]
[bim.themescamp.com/demo7/portfolio/hospitality/index.html]
[bim.themescamp.com/demo7/portfolio/residential/feed/index.html]
[bim.themescamp.com/demo7/index5d09.html]
[bim.themescamp.com/demo7/wp-json/oembed/1.0/embedca5d.json]
[bim.themescamp.com/demo7/portfolio/food-court/feed/index.html]
[bim.themescamp.com/demo7/wp-json/oembed/1.0/embedaece]
[bim.themescamp.com/demo7/portfolio/food-court/index.html]
[bim.themescamp.com/demo7/portfolio/retails/feed/index.html]
[bim.themescamp.com/demo7/index2ae7.html]
[bim.themescamp.com/demo7/portfolio/offices/feed/index.html]
[bim.themescamp.com/demo7/indexf8ad.html]
[bim.themescamp.com/demo7/portfolio/commercial/feed/index.html]
[bim.themescamp.com/demo7/index735a.html]
[bim.themescamp.com/demo7/wp-json/oembed/1.0/embed2335.json]
[bim.themescamp.com/demo7/portfolio/restaurant/feed/index.html]
[bim.themescamp.com/demo7/wp-json/oembed/1.0/embed9162]
[bim.themescamp.com/demo7/portfolio/restaurant/index.html]
[bim.themescamp.com/demo7/wp-content/uploads/sites/9/elementor/css/post-1042d6a6.css]
[bim.themescamp.com/demo7/2019/06/15/stylish-living-room-with-comfortable-sofa/feed/index.html]
[bim.themescamp.com/demo7/wp-json/wp/v2/posts/1042.json]
[bim.themescamp.com/demo7/wp-json/oembed/1.0/embed0379.json]
[bim.themescamp.com/demo7/wp-json/oembed/1.0/embed20a8]
[bim.themescamp.com/demo7/2019/06/15/stylish-living-room-with-comfortable-sofa/index.html]
[bim.themescamp.com/demo7/category/home-style/index.html]
[bim.themescamp.com/demo7/2019/06/15/stylish-living-room-with-comfortable-sofa/index954a.html]
[bim.themescamp.com/demo7/2019/06/15/stylish-living-room-with-comfortable-sofa/indexf970.html]
[bim.themescamp.com/demo7/wp-json/wp/v2/tags/16.json]
[bim.themescamp.com/demo7/tag/planning/index.html]
[bim.themescamp.com/demo7/category/home-style/feed/index.html]
[bim.themescamp.com/demo7/tag/planning/feed/index.html]
[bim.themescamp.com/demo7/wp-content/uploads/sites/9/elementor/css/post-1610a2c0.css]
[bim.themescamp.com/demo7/2019/08/28/new-wooden-material/feed/index.html]
[bim.themescamp.com/demo7/wp-json/wp/v2/posts/1610.json]
[bim.themescamp.com/demo7/wp-json/oembed/1.0/embed869e.json]
[bim.themescamp.com/demo7/wp-json/oembed/1.0/embed604a]
[bim.themescamp.com/demo7/2019/08/28/new-wooden-material/index.html]
[bim.themescamp.com/demo7/wp-json/wp/v2/posts/118.json]
[bim.themescamp.com/demo7/2019/05/18/new-material-of-wooden-walls-covering/feed/index.html]
[bim.themescamp.com/demo7/2019/08/28/new-wooden-material/index1dff.html]
[bim.themescamp.com/demo7/2019/08/28/new-wooden-material/index2320.html]
[bim.themescamp.com/demo7/wp-json/oembed/1.0/embed1857.json]
[bim.themescamp.com/demo7/wp-json/oembed/1.0/embed24bf]
[bim.themescamp.com/demo7/2019/05/18/new-material-of-wooden-walls-covering/index.html]
[bim.themescamp.com/demo7/2019/04/17/nominated-the-top-architecture-of-the-year/feed/index.html]
[bim.themescamp.com/demo7/2019/05/18/new-material-of-wooden-walls-covering/index06ab.html]
[bim.themescamp.com/demo7/2019/05/18/new-material-of-wooden-walls-covering/indexa82a.html]
[bim.themescamp.com/demo7/wp-content/uploads/sites/9/elementor/css/post-756837.css]
[bim.themescamp.com/demo7/wp-json/wp/v2/posts/75.json]
[bim.themescamp.com/demo7/wp-json/oembed/1.0/embedecca.json]
[bim.themescamp.com/demo7/wp-json/oembed/1.0/embedb222]
[bim.themescamp.com/demo7/wp-content/uploads/sites/9/2020/06/01.jpg]
[bim.themescamp.com/demo7/2019/04/17/nominated-the-top-architecture-of-the-year/index.html]
[bim.themescamp.com/demo7/wp-content/uploads/sites/9/elementor/css/post-113d373.css]
[bim.themescamp.com/demo7/2019/04/17/nominated-the-top-architecture-of-the-year/index6f0d.html]
[bim.themescamp.com/demo7/2019/04/17/nominated-the-top-architecture-of-the-year/indexa79a.html]
[bim.themescamp.com/demo7/2019/05/18/interior-trend-design/feed/index.html]
[bim.themescamp.com/demo7/wp-json/wp/v2/posts/113.json]
[bim.themescamp.com/demo7/wp-json/oembed/1.0/embed5dfa.json]
[bim.themescamp.com/demo7/wp-json/oembed/1.0/embed9862]
[bim.themescamp.com/demo7/wp-content/uploads/sites/9/2019/05/blog-2.jpg]
[bim.themescamp.com/demo7/2019/05/18/interior-trend-design/index.html]
[bim.themescamp.com/demo7/tag/architecture/feed/index.html]
[bim.themescamp.com/demo7/2019/05/18/interior-trend-design/indexb951.html]
[bim.themescamp.com/demo7/2019/05/18/interior-trend-design/index5a86.html]
[bim.themescamp.com/demo7/wp-json/wp/v2/tags/8.json]
[bim.themescamp.com/demo7/tag/architecture/index.html]
[bim.themescamp.com/demo7/wp-json/wp/v2/tags/9.json]
[bim.themescamp.com/demo7/tag/award/index.html]
[bim.themescamp.com/demo7/tag/award/feed/index.html]
[bim.themescamp.com/demo7/wp-json/wp/v2/tags/12.json]
[bim.themescamp.com/demo7/tag/interior/index.html]
[bim.themescamp.com/demo7/tag/interior/feed/index.html]
[bim.themescamp.com/demo7/wp-json/wp/v2/tags/14.json]
[bim.themescamp.com/demo7/tag/modern/index.html]
[bim.themescamp.com/demo7/tag/modern/feed/index.html]
[bim.themescamp.com/demo7/tag/trend/index.html]
[bim.themescamp.com/demo7/category/architecture/index.html]
[bim.themescamp.com/demo7/category/uncategorized/index.html]
[innovationplans.com/themes/bim/wp/wp-content/uploads/2020/06/02-1.jpg]
[bim.themescamp.com/demo7/wp-content/uploads/sites/9/elementor/css/post-282745c0.css]
[bim.themescamp.com/demo7/index2cee.html]
[pinterest.com/pin/create/button/index1250.html]
[bim.themescamp.com/demo7/wp-content/uploads/sites/9/elementor/css/post-118653d.css]
[bim.themescamp.com/demo7/wp-content/uploads/sites/9/elementor/css/post-33537068.css]
[bim.themescamp.com/demo7/index516c.html]
[bim.themescamp.com/demo7/2019/08/28/new-wooden-material-2/index7c98.html]
[bim.themescamp.com/demo7/2019/08/28/new-wooden-material-2/indexec27.html]
[bim.themescamp.com/demo7/xmlrpc0db0.php]
[bim.themescamp.com/demo7/portfolio/hospitality/feed/index.html]
[bim.themescamp.com/demo7/indexf167.html]
[bim.themescamp.com/demo7/portfolio/food-court/feed/index.html]
[bim.themescamp.com/demo7/indexf993.html]
[bim.themescamp.com/demo7/portfolio/restaurant/feed/index.html]
[bim.themescamp.com/demo7/index6fe2.html]
[bim.themescamp.com/demo7/wp-content/uploads/sites/9/elementor/css/post-1042d6a6.css]
[bim.themescamp.com/demo7/index817f.html]
[bim.themescamp.com/demo7/2019/06/15/stylish-living-room-with-comfortable-sofa/indexf970.html]
[bim.themescamp.com/demo7/2019/06/15/stylish-living-room-with-comfortable-sofa/index954a.html]
[bim.themescamp.com/demo7/wp-content/uploads/sites/9/elementor/css/post-1610a2c0.css]
[bim.themescamp.com/demo7/index4cea.html]
[bim.themescamp.com/demo7/2019/08/28/new-wooden-material/index1dff.html]
[bim.themescamp.com/demo7/2019/08/28/new-wooden-material/index2320.html]
[bim.themescamp.com/demo7/indexdb4e.html]
[bim.themescamp.com/demo7/2019/05/18/new-material-of-wooden-walls-covering/indexa82a.html]
[bim.themescamp.com/demo7/2019/05/18/new-material-of-wooden-walls-covering/index06ab.html]
[bim.themescamp.com/demo7/wp-content/uploads/sites/9/elementor/css/post-756837.css]
[bim.themescamp.com/demo7/indexe839.html]
[bim.themescamp.com/demo7/2019/04/17/nominated-the-top-architecture-of-the-year/index6f0d.html]
[bim.themescamp.com/demo7/2019/04/17/nominated-the-top-architecture-of-the-year/indexa79a.html]
[bim.themescamp.com/demo7/wp-content/uploads/sites/9/elementor/css/post-113d373.css]
[bim.themescamp.com/demo7/index3961.html]
[bim.themescamp.com/demo7/2019/05/18/interior-trend-design/indexb951.html]
[bim.themescamp.com/demo7/2019/05/18/interior-trend-design/index5a86.html]
[bim.themescamp.com/demo7/wp-json/wp/v2/categories/4]
[bim.themescamp.com/demo7/tag/trend/index.html]
[bim.themescamp.com/demo7/category/architecture/index.html]
[bim.themescamp.com/demo7/category/architecture/feed/index.html]
[bim.themescamp.com/demo7/wp-json/wp/v2/categories/1.json]
[bim.themescamp.com/demo7/category/uncategorized/index.html]
[pinterest.com/pin/create/button/indexd737.html]
[bim.themescamp.com/demo7/wp-content/themes/img/exp.html]
[bim.themescamp.com/demo7/wp-content/plugins/better-elementor-addons/assets/images/close.html]
[bim.themescamp.com/demo7/category/uncategorized/feed/index.html]
[bim.themescamp.com/demo7/tag/home-style/feed/index.html]
[bim.themescamp.com/demo7/xmlrpc.php]
[bim.themescamp.com/demo7/wp-content/plugins/elementor/assets/lib/font-awesome/js/v4-shims.minaeb9.js]
[bim.themescamp.com/demo7/tag/trend/feed/index.html]
[bim.themescamp.com/demo7/wp-json/wp/v2/tags/18]
[bim.themescamp.com/demo7/wp-json/wp/v2/categories/3]
